
 Start         Length     Name                   Class
 0001:00401000 0013F1A4H .text                   CODE
 0002:00541000 00000DC0H .itext                  ICODE
 0003:00542000 0001109CH .data                   DATA
 0004:00554000 00005358H .bss                    BSS
 0005:00000000 00000048H .tls                    TLS


Detailed map of segments

 0001:00000000 00009CD9 C=CODE     S=.text    G=(none)   M=System   ACBP=A9
 0001:00009CDC 0000010D C=CODE     S=.text    G=(none)   M=SysInit  ACBP=A9
 0001:00009DEC 00000485 C=CODE     S=.text    G=(none)   M=Types    ACBP=A9
 0001:0000A274 00001C29 C=CODE     S=.text    G=(none)   M=Windows  ACBP=A9
 0001:0000BEA0 0000026D C=CODE     S=.text    G=(none)   M=Messages ACBP=A9
 0001:0000C110 00000192 C=CODE     S=.text    G=(none)   M=ActiveX  ACBP=A9
 0001:0000C2A4 0000065C C=CODE     S=.text    G=(none)   M=CommCtrl ACBP=A9
 0001:0000C900 00000350 C=CODE     S=.text    G=(none)   M=SysConst ACBP=A9
 0001:0000CC50 000001F8 C=CODE     S=.text    G=(none)   M=RTLConsts ACBP=A9
 0001:0000CE48 00000230 C=CODE     S=.text    G=(none)   M=Character ACBP=A9
 0001:0000D078 00000104 C=CODE     S=.text    G=(none)   M=Math     ACBP=A9
 0001:0000D17C 00000229 C=CODE     S=.text    G=(none)   M=StrUtils ACBP=A9
 0001:0000D3A8 00010FAF C=CODE     S=.text    G=(none)   M=SysUtils ACBP=A9
 0001:0001E358 000007D3 C=CODE     S=.text    G=(none)   M=VarUtils ACBP=A9
 0001:0001EB2C 00008214 C=CODE     S=.text    G=(none)   M=Variants ACBP=A9
 0001:00026D40 0000180B C=CODE     S=.text    G=(none)   M=TypInfo  ACBP=A9
 0001:0002854C 0001A780 C=CODE     S=.text    G=(none)   M=Classes  ACBP=A9
 0001:00042CCC 000002B0 C=CODE     S=.text    G=(none)   M=TimeSpan ACBP=A9
 0001:00042F7C 000014EB C=CODE     S=.text    G=(none)   M=SyncObjs ACBP=A9
 0001:00044468 00000D46 C=CODE     S=.text    G=(none)   M=UxTheme  ACBP=A9
 0001:000451B0 0000005B C=CODE     S=.text    G=(none)   M=Dwmapi   ACBP=A9
 0001:0004520C 0000038D C=CODE     S=.text    G=(none)   M=Contnrs  ACBP=A9
 0001:0004559C 00001FDE C=CODE     S=.text    G=(none)   M=HelpIntfs ACBP=A9
 0001:0004757C 0000086B C=CODE     S=.text    G=(none)   M=MultiMon ACBP=A9
 0001:00047DE8 00000094 C=CODE     S=.text    G=(none)   M=Wincodec ACBP=A9
 0001:00047E7C 00000378 C=CODE     S=.text    G=(none)   M=Consts   ACBP=A9
 0001:000481F4 00000AC4 C=CODE     S=.text    G=(none)   M=IOUtils  ACBP=A9
 0001:00048CB8 00003E43 C=CODE     S=.text    G=(none)   M=IniFiles ACBP=A9
 0001:0004CAFC 000056DA C=CODE     S=.text    G=(none)   M=Registry ACBP=A9
 0001:000521D8 00011AC4 C=CODE     S=.text    G=(none)   M=Graphics ACBP=A9
 0001:00063C9C 000021DA C=CODE     S=.text    G=(none)   M=GraphUtil ACBP=A9
 0001:00065E78 00000035 C=CODE     S=.text    G=(none)   M=ShlObj   ACBP=A9
 0001:00065EB0 000083C4 C=CODE     S=.text    G=(none)   M=StdCtrls ACBP=A9
 0001:0006E274 00000D62 C=CODE     S=.text    G=(none)   M=ToolWin  ACBP=A9
 0001:0006EFD8 0000003C C=CODE     S=.text    G=(none)   M=RichEdit ACBP=A9
 0001:0006F014 00000026 C=CODE     S=.text    G=(none)   M=WinSpool ACBP=A9
 0001:0006F03C 00001DDB C=CODE     S=.text    G=(none)   M=Printers ACBP=A9
 0001:00070E18 00000047 C=CODE     S=.text    G=(none)   M=WideStrUtils ACBP=A9
 0001:00070E60 000010A7 C=CODE     S=.text    G=(none)   M=Clipbrd  ACBP=A9
 0001:00071F08 00000048 C=CODE     S=.text    G=(none)   M=ComStrs  ACBP=A9
 0001:00071F50 0000406F C=CODE     S=.text    G=(none)   M=ExtCtrls ACBP=A9
 0001:00075FC0 0000275E C=CODE     S=.text    G=(none)   M=ListActns ACBP=A9
 0001:00078720 0002BAB9 C=CODE     S=.text    G=(none)   M=ComCtrls ACBP=A9
 0001:000A41DC 00005244 C=CODE     S=.text    G=(none)   M=Dialogs  ACBP=A9
 0001:000A9420 00000189 C=CODE     S=.text    G=(none)   M=StdActns ACBP=A9
 0001:000A95AC 00000387 C=CODE     S=.text    G=(none)   M=FlatSB   ACBP=A9
 0001:000A9934 00009E75 C=CODE     S=.text    G=(none)   M=Menus    ACBP=A9
 0001:000B37AC 00020180 C=CODE     S=.text    G=(none)   M=Controls ACBP=A9
 0001:000D392C 0000580E C=CODE     S=.text    G=(none)   M=Themes   ACBP=A9
 0001:000D913C 00003961 C=CODE     S=.text    G=(none)   M=ImgList  ACBP=A9
 0001:000DCAA0 00002937 C=CODE     S=.text    G=(none)   M=ActnList ACBP=A9
 0001:000DF3D8 000156FD C=CODE     S=.text    G=(none)   M=Forms    ACBP=A9
 0001:000F4AD8 0000C3AB C=CODE     S=.text    G=(none)   M=TestFramework ACBP=A9
 0001:00100E84 000000A6 C=CODE     S=.text    G=(none)   M=Buttons  ACBP=A9
 0001:00100F2C 0000A487 C=CODE     S=.text    G=(none)   M=GUITestRunner ACBP=A9
 0001:0010B3B4 000018E6 C=CODE     S=.text    G=(none)   M=TextTestRunner ACBP=A9
 0001:0010CC9C 00000035 C=CODE     S=.text    G=(none)   M=FeatureIntf ACBP=A9
 0001:0010CCD4 00000041 C=CODE     S=.text    G=(none)   M=FeatureParserIntf ACBP=A9
 0001:0010CD18 0000016F C=CODE     S=.text    G=(none)   M=Step     ACBP=A9
 0001:0010CE88 00000037 C=CODE     S=.text    G=(none)   M=ScenarioIntf ACBP=A9
 0001:0010CEC0 000002CE C=CODE     S=.text    G=(none)   M=Scenario ACBP=A9
 0001:0010D190 00011AE4 C=CODE     S=.text    G=(none)   M=pcre     ACBP=A9
 0001:0011EC74 00003070 C=CODE     S=.text    G=(none)   M=PerlRegEx ACBP=A9
 0001:00121CE4 00009E8B C=CODE     S=.text    G=(none)   M=TypeUtils ACBP=A9
 0001:0012BB70 00000342 C=CODE     S=.text    G=(none)   M=Feature  ACBP=A9
 0001:0012BEB4 000007F8 C=CODE     S=.text    G=(none)   M=FeatureParser ACBP=A9
 0001:0012C6AC 00000140 C=CODE     S=.text    G=(none)   M=dSpecIntf ACBP=A9
 0001:0012C7EC 00000574 C=CODE     S=.text    G=(none)   M=AutoDocObjects ACBP=A9
 0001:0012CD60 000003A4 C=CODE     S=.text    G=(none)   M=dSpecUtils ACBP=A9
 0001:0012D104 00000547 C=CODE     S=.text    G=(none)   M=BaseObjects ACBP=A9
 0001:0012D64C 000012E4 C=CODE     S=.text    G=(none)   M=Modifiers ACBP=A9
 0001:0012E930 00008D28 C=CODE     S=.text    G=(none)   M=Specifiers ACBP=A9
 0001:00137658 00001373 C=CODE     S=.text    G=(none)   M=dSpec    ACBP=A9
 0001:001389CC 00000270 C=CODE     S=.text    G=(none)   M=TestBaseClasses ACBP=A9
 0001:00138C3C 00000020 C=CODE     S=.text    G=(none)   M=TestConsts ACBP=A9
 0001:00138C5C 00000BC3 C=CODE     S=.text    G=(none)   M=TestFeatureParser ACBP=A9
 0001:00139820 0000057F C=CODE     S=.text    G=(none)   M=TestFeature ACBP=A9
 0001:00139DA0 00000423 C=CODE     S=.text    G=(none)   M=TestScenario ACBP=A9
 0001:0013A1C4 00004FE0 C=CODE     S=.text    G=(none)   M=dCucumberTests ACBP=A9
 0002:00000000 000000AA C=ICODE    S=.itext   G=(none)   M=System   ACBP=A9
 0002:000000AC 00000016 C=ICODE    S=.itext   G=(none)   M=Windows  ACBP=A9
 0002:000000C4 000000B4 C=ICODE    S=.itext   G=(none)   M=SysUtils ACBP=A9
 0002:00000178 0000000F C=ICODE    S=.itext   G=(none)   M=VarUtils ACBP=A9
 0002:00000188 000000AA C=ICODE    S=.itext   G=(none)   M=Variants ACBP=A9
 0002:00000234 00000008 C=ICODE    S=.itext   G=(none)   M=TypInfo  ACBP=A9
 0002:0000023C 0000009D C=ICODE    S=.itext   G=(none)   M=Classes  ACBP=A9
 0002:000002DC 00000032 C=ICODE    S=.itext   G=(none)   M=TimeSpan ACBP=A9
 0002:00000310 0000000F C=ICODE    S=.itext   G=(none)   M=SyncObjs ACBP=A9
 0002:00000320 0000001B C=ICODE    S=.itext   G=(none)   M=UxTheme  ACBP=A9
 0002:0000033C 00000008 C=ICODE    S=.itext   G=(none)   M=HelpIntfs ACBP=A9
 0002:00000344 0000000F C=ICODE    S=.itext   G=(none)   M=MultiMon ACBP=A9
 0002:00000354 00000460 C=ICODE    S=.itext   G=(none)   M=IOUtils  ACBP=A9
 0002:000007B4 00000008 C=ICODE    S=.itext   G=(none)   M=IniFiles ACBP=A9
 0002:000007BC 00000008 C=ICODE    S=.itext   G=(none)   M=Registry ACBP=A9
 0002:000007C4 000000FB C=ICODE    S=.itext   G=(none)   M=Graphics ACBP=A9
 0002:000008C0 00000086 C=ICODE    S=.itext   G=(none)   M=GraphUtil ACBP=A9
 0002:00000948 00000008 C=ICODE    S=.itext   G=(none)   M=Printers ACBP=A9
 0002:00000950 00000078 C=ICODE    S=.itext   G=(none)   M=Clipbrd  ACBP=A9
 0002:000009C8 00000054 C=ICODE    S=.itext   G=(none)   M=ExtCtrls ACBP=A9
 0002:00000A1C 00000039 C=ICODE    S=.itext   G=(none)   M=ComCtrls ACBP=A9
 0002:00000A58 0000003D C=ICODE    S=.itext   G=(none)   M=Dialogs  ACBP=A9
 0002:00000A98 0000000F C=ICODE    S=.itext   G=(none)   M=FlatSB   ACBP=A9
 0002:00000AA8 00000085 C=ICODE    S=.itext   G=(none)   M=Menus    ACBP=A9
 0002:00000B30 00000088 C=ICODE    S=.itext   G=(none)   M=Controls ACBP=A9
 0002:00000BB8 00000008 C=ICODE    S=.itext   G=(none)   M=Themes   ACBP=A9
 0002:00000BC0 0000002A C=ICODE    S=.itext   G=(none)   M=ActnList ACBP=A9
 0002:00000BEC 0000005C C=ICODE    S=.itext   G=(none)   M=Forms    ACBP=A9
 0002:00000C48 0000000C C=ICODE    S=.itext   G=(none)   M=TestFramework ACBP=A9
 0002:00000C54 00000025 C=ICODE    S=.itext   G=(none)   M=Buttons  ACBP=A9
 0002:00000C7C 00000008 C=ICODE    S=.itext   G=(none)   M=TextTestRunner ACBP=A9
 0002:00000C84 00000051 C=ICODE    S=.itext   G=(none)   M=TestFeatureParser ACBP=A9
 0002:00000CD8 00000051 C=ICODE    S=.itext   G=(none)   M=TestFeature ACBP=A9
 0002:00000D2C 00000051 C=ICODE    S=.itext   G=(none)   M=TestScenario ACBP=A9
 0002:00000D80 0000003E C=ICODE    S=.itext   G=(none)   M=dCucumberTests ACBP=A9
 0003:00000000 000009F8 C=DATA     S=.data    G=DGROUP   M=System   ACBP=A9
 0003:000009F8 00000024 C=DATA     S=.data    G=DGROUP   M=SysInit  ACBP=A9
 0003:00000A1C 0000000C C=DATA     S=.data    G=DGROUP   M=Windows  ACBP=A9
 0003:00000A28 00000010 C=DATA     S=.data    G=DGROUP   M=ActiveX  ACBP=A9
 0003:00000A38 00000100 C=DATA     S=.data    G=DGROUP   M=Character ACBP=A9
 0003:00000B38 000002E0 C=DATA     S=.data    G=DGROUP   M=SysUtils ACBP=A9
 0003:00000E18 00000008 C=DATA     S=.data    G=DGROUP   M=VarUtils ACBP=A9
 0003:00000E20 00000152 C=DATA     S=.data    G=DGROUP   M=Variants ACBP=A9
 0003:00000F74 0000000C C=DATA     S=.data    G=DGROUP   M=TypInfo  ACBP=A9
 0003:00000F80 00000134 C=DATA     S=.data    G=DGROUP   M=Classes  ACBP=A9
 0003:000010B4 00000090 C=DATA     S=.data    G=DGROUP   M=Wincodec ACBP=A9
 0003:00001144 00000030 C=DATA     S=.data    G=DGROUP   M=IOUtils  ACBP=A9
 0003:00001174 0000000C C=DATA     S=.data    G=DGROUP   M=IniFiles ACBP=A9
 0003:00001180 00000024 C=DATA     S=.data    G=DGROUP   M=Registry ACBP=A9
 0003:000011A4 000003C8 C=DATA     S=.data    G=DGROUP   M=Graphics ACBP=A9
 0003:0000156C 000004B8 C=DATA     S=.data    G=DGROUP   M=GraphUtil ACBP=A9
 0003:00001A24 00000010 C=DATA     S=.data    G=DGROUP   M=ShlObj   ACBP=A9
 0003:00001A34 000000D8 C=DATA     S=.data    G=DGROUP   M=StdCtrls ACBP=A9
 0003:00001B0C 00000020 C=DATA     S=.data    G=DGROUP   M=ToolWin  ACBP=A9
 0003:00001B2C 0000000C C=DATA     S=.data    G=DGROUP   M=Printers ACBP=A9
 0003:00001B38 00000020 C=DATA     S=.data    G=DGROUP   M=ExtCtrls ACBP=A9
 0003:00001B58 000001C8 C=DATA     S=.data    G=DGROUP   M=ComCtrls ACBP=A9
 0003:00001D20 00000198 C=DATA     S=.data    G=DGROUP   M=Dialogs  ACBP=A9
 0003:00001EB8 00000144 C=DATA     S=.data    G=DGROUP   M=Menus    ACBP=A9
 0003:00001FFC 000001BC C=DATA     S=.data    G=DGROUP   M=Controls ACBP=A9
 0003:000021B8 00000068 C=DATA     S=.data    G=DGROUP   M=Themes   ACBP=A9
 0003:00002220 00000048 C=DATA     S=.data    G=DGROUP   M=ImgList  ACBP=A9
 0003:00002268 00000144 C=DATA     S=.data    G=DGROUP   M=Forms    ACBP=A9
 0003:000023AC 00000014 C=DATA     S=.data    G=DGROUP   M=TestFramework ACBP=A9
 0003:000023C0 0000002C C=DATA     S=.data    G=DGROUP   M=Buttons  ACBP=A9
 0003:000023EC 00000004 C=DATA     S=.data    G=DGROUP   M=TextTestRunner ACBP=A9
 0003:000023F0 0000E6B0 C=DATA     S=.data    G=DGROUP   M=pcre     ACBP=A9
 0004:00000000 00002C38 C=BSS      S=.bss     G=DGROUP   M=System   ACBP=A9
 0004:00002C38 0000000C C=BSS      S=.bss     G=DGROUP   M=SysInit  ACBP=A9
 0004:00002C44 00000008 C=BSS      S=.bss     G=DGROUP   M=Windows  ACBP=A9
 0004:00002C4C 0000000C C=BSS      S=.bss     G=DGROUP   M=CommCtrl ACBP=A9
 0004:00002C58 0000001C C=BSS      S=.bss     G=DGROUP   M=Character ACBP=A9
 0004:00002C74 00002240 C=BSS      S=.bss     G=DGROUP   M=SysUtils ACBP=A9
 0004:00004EB4 0000005C C=BSS      S=.bss     G=DGROUP   M=VarUtils ACBP=A9
 0004:00004F10 00000040 C=BSS      S=.bss     G=DGROUP   M=Variants ACBP=A9
 0004:00004F50 00000004 C=BSS      S=.bss     G=DGROUP   M=TypInfo  ACBP=A9
 0004:00004F54 00000048 C=BSS      S=.bss     G=DGROUP   M=Classes  ACBP=A9
 0004:00004F9C 00000014 C=BSS      S=.bss     G=DGROUP   M=TimeSpan ACBP=A9
 0004:00004FB0 00000018 C=BSS      S=.bss     G=DGROUP   M=SyncObjs ACBP=A9
 0004:00004FC8 000000CC C=BSS      S=.bss     G=DGROUP   M=UxTheme  ACBP=A9
 0004:00005094 00000008 C=BSS      S=.bss     G=DGROUP   M=HelpIntfs ACBP=A9
 0004:0000509C 00000031 C=BSS      S=.bss     G=DGROUP   M=MultiMon ACBP=A9
 0004:000050D0 00000024 C=BSS      S=.bss     G=DGROUP   M=IOUtils  ACBP=A9
 0004:000050F4 00000004 C=BSS      S=.bss     G=DGROUP   M=IniFiles ACBP=A9
 0004:000050F8 00000004 C=BSS      S=.bss     G=DGROUP   M=Registry ACBP=A9
 0004:000050FC 00000064 C=BSS      S=.bss     G=DGROUP   M=Graphics ACBP=A9
 0004:00005160 00000010 C=BSS      S=.bss     G=DGROUP   M=GraphUtil ACBP=A9
 0004:00005170 00000004 C=BSS      S=.bss     G=DGROUP   M=Printers ACBP=A9
 0004:00005174 0000000C C=BSS      S=.bss     G=DGROUP   M=Clipbrd  ACBP=A9
 0004:00005180 00000008 C=BSS      S=.bss     G=DGROUP   M=ExtCtrls ACBP=A9
 0004:00005188 00000038 C=BSS      S=.bss     G=DGROUP   M=ComCtrls ACBP=A9
 0004:000051C0 0000003C C=BSS      S=.bss     G=DGROUP   M=Dialogs  ACBP=A9
 0004:000051FC 00000034 C=BSS      S=.bss     G=DGROUP   M=FlatSB   ACBP=A9
 0004:00005230 00000010 C=BSS      S=.bss     G=DGROUP   M=Menus    ACBP=A9
 0004:00005240 0000008C C=BSS      S=.bss     G=DGROUP   M=Controls ACBP=A9
 0004:000052CC 0000000C C=BSS      S=.bss     G=DGROUP   M=Themes   ACBP=A9
 0004:000052D8 00000008 C=BSS      S=.bss     G=DGROUP   M=ImgList  ACBP=A9
 0004:000052E0 00000004 C=BSS      S=.bss     G=DGROUP   M=ActnList ACBP=A9
 0004:000052E4 00000028 C=BSS      S=.bss     G=DGROUP   M=Forms    ACBP=A9
 0004:0000530C 00000004 C=BSS      S=.bss     G=DGROUP   M=TestFramework ACBP=A9
 0004:00005310 00000030 C=BSS      S=.bss     G=DGROUP   M=Buttons  ACBP=A9
 0004:00005340 00000004 C=BSS      S=.bss     G=DGROUP   M=TextTestRunner ACBP=A9
 0004:00005344 00000008 C=BSS      S=.bss     G=DGROUP   M=pcre     ACBP=A9
 0004:0000534C 00000004 C=BSS      S=.bss     G=DGROUP   M=TestFeatureParser ACBP=A9
 0004:00005350 00000004 C=BSS      S=.bss     G=DGROUP   M=TestFeature ACBP=A9
 0004:00005354 00000004 C=BSS      S=.bss     G=DGROUP   M=TestScenario ACBP=A9
 0005:00000000 00000008 C=TLS      S=.tls     G=(none)   M=System   ACBP=A9
 0005:00000008 0000000C C=TLS      S=.tls     G=(none)   M=Classes  ACBP=A9
 0005:00000014 00000004 C=TLS      S=.tls     G=(none)   M=SyncObjs ACBP=A9
 0005:00000018 00000030 C=TLS      S=.tls     G=(none)   M=GraphUtil ACBP=A9


  Address             Publics by Name

 0001:0000C27C       ActiveX.CoCreateInstance
 0001:0000C284       ActiveX.CoTaskMemAlloc
 0001:0000C28C       ActiveX.CoTaskMemFree
 0003:00000A28       ActiveX.GUID_NULL
 0001:0000C274       ActiveX.IsEqualGUID
 0001:0000C294       ActiveX.OleInitialize
 0001:0000C29C       ActiveX.OleUninitialize
 0004:000052E0       ActnList..9
 0001:000DDE54       ActnList..TAction
 0001:000DE224       ActnList..TActionLink
 0001:000DD42C       ActnList..TActionList
 0001:000DCDA8       ActnList..TActionListEnumerator
 0001:000DCAA0       ActnList..TContainedAction
 0001:000DD820       ActnList..TCustomAction
 0001:000DD018       ActnList..TCustomActionList
 0001:000DD5F8       ActnList..TShortCutList
 0002:00000BC0       ActnList.ActnList
 0001:000DF3D0       ActnList.Finalization
 0001:000DF350       ActnList.TAction.Create
 0001:000DE9DC       ActnList.TActionLink.IsCaptionLinked
 0001:000DE9F0       ActnList.TActionLink.IsCheckedLinked
 0001:000DEA04       ActnList.TActionLink.IsEnabledLinked
 0001:000DEA18       ActnList.TActionLink.IsGroupIndexLinked
 0001:000DEA2C       ActnList.TActionLink.IsHelpContextLinked
 0001:000DEA40       ActnList.TActionLink.IsHelpLinked
 0001:000DEA54       ActnList.TActionLink.IsHintLinked
 0001:000DEA68       ActnList.TActionLink.IsImageIndexLinked
 0001:000DEA7C       ActnList.TActionLink.IsShortCutLinked
 0001:000DEA90       ActnList.TActionLink.IsVisibleLinked
 0001:000DEAA4       ActnList.TActionLink.SetAutoCheck
 0001:000DEAA8       ActnList.TActionLink.SetCaption
 0001:000DEAAC       ActnList.TActionLink.SetChecked
 0001:000DEAB0       ActnList.TActionLink.SetEnabled
 0001:000DEAB4       ActnList.TActionLink.SetGroupIndex
 0001:000DEAB8       ActnList.TActionLink.SetHelpContext
 0001:000DEABC       ActnList.TActionLink.SetHelpKeyword
 0001:000DEAC0       ActnList.TActionLink.SetHelpType
 0001:000DEAC4       ActnList.TActionLink.SetHint
 0001:000DEAC8       ActnList.TActionLink.SetImageIndex
 0001:000DEACC       ActnList.TActionLink.SetShortCut
 0001:000DEAD0       ActnList.TActionLink.SetVisible
 0001:000DE540       ActnList.TActionListEnumerator.Create
 0001:000DE584       ActnList.TActionListEnumerator.GetCurrent
 0001:000DE590       ActnList.TActionListEnumerator.MoveNext
 0001:000DE32C       ActnList.TContainedAction.Destroy
 0001:000DE498       ActnList.TContainedAction.Execute
 0001:000DE360       ActnList.TContainedAction.GetIndex
 0001:000DE37C       ActnList.TContainedAction.GetParentComponent
 0001:000DE38C       ActnList.TContainedAction.HasParent
 0001:000DE378       ActnList.TContainedAction.IsCategoryStored
 0001:000DE39C       ActnList.TContainedAction.ReadState
 0001:000DE444       ActnList.TContainedAction.SetActionList
 0001:000DE418       ActnList.TContainedAction.SetCategory
 0001:000DE3D0       ActnList.TContainedAction.SetIndex
 0001:000DE46C       ActnList.TContainedAction.SetParentComponent
 0001:000DE4F0       ActnList.TContainedAction.Update
 0001:000DEB80       ActnList.TCustomAction.AssignTo
 0001:000DEAD4       ActnList.TCustomAction.Create
 0001:000DEB28       ActnList.TCustomAction.Destroy
 0001:000DF20C       ActnList.TCustomAction.DoHint
 0001:000DF234       ActnList.TCustomAction.Execute
 0001:000DF298       ActnList.TCustomAction.GetSecondaryShortCuts
 0001:000DF318       ActnList.TCustomAction.HandleShortCut
 0001:000DF2F4       ActnList.TCustomAction.IsSecondaryShortCutsStored
 0001:000DEC8C       ActnList.TCustomAction.SetAutoCheck
 0001:000DECEC       ActnList.TCustomAction.SetCaption
 0001:000DED4C       ActnList.TCustomAction.SetChecked
 0001:000DEE54       ActnList.TCustomAction.SetEnabled
 0001:000DEED0       ActnList.TCustomAction.SetGroupIndex
 0001:000DEFE8       ActnList.TCustomAction.SetHelpContext
 0001:000DEF80       ActnList.TCustomAction.SetHelpKeyword
 0001:000DEF28       ActnList.TCustomAction.SetHelpType
 0001:000DF040       ActnList.TCustomAction.SetHint
 0001:000DF0A0       ActnList.TCustomAction.SetImageIndex
 0001:000DF1C0       ActnList.TCustomAction.SetName
 0001:000DF2C0       ActnList.TCustomAction.SetSecondaryShortCuts
 0001:000DF0FC       ActnList.TCustomAction.SetShortCut
 0001:000DF160       ActnList.TCustomAction.SetVisible
 0001:000DE7A4       ActnList.TCustomActionList.AddAction
 0001:000DE7EC       ActnList.TCustomActionList.Change
 0001:000DE5AC       ActnList.TCustomActionList.Create
 0001:000DE618       ActnList.TCustomActionList.Destroy
 0001:000DE8F8       ActnList.TCustomActionList.ExecuteAction
 0001:000DE6E8       ActnList.TCustomActionList.GetAction
 0001:000DE6FC       ActnList.TCustomActionList.GetActionCount
 0001:000DE670       ActnList.TCustomActionList.GetChildren
 0001:000DE704       ActnList.TCustomActionList.GetEnumerator
 0001:000DE748       ActnList.TCustomActionList.ImageListChange
 0001:000DE854       ActnList.TCustomActionList.IsShortCut
 0001:000DE754       ActnList.TCustomActionList.Notification
 0001:000DE7C4       ActnList.TCustomActionList.RemoveAction
 0001:000DE6B8       ActnList.TCustomActionList.SetChildOrder
 0001:000DE714       ActnList.TCustomActionList.SetImages
 0001:000DE938       ActnList.TCustomActionList.SetState
 0001:000DE918       ActnList.TCustomActionList.UpdateAction
 0001:000DF324       ActnList.TShortCutList.Add
 0001:000DF38C       ActnList.TShortCutList.IndexOfShortCut
 0001:0012C868       AutoDocObjects..TBaseAutoDoc
 0001:0012CA64       AutoDocObjects.TBaseAutoDoc.BeginSpec
 0001:0012CAF0       AutoDocObjects.TBaseAutoDoc.Create
 0001:0012CB30       AutoDocObjects.TBaseAutoDoc.Destroy
 0001:0012CB64       AutoDocObjects.TBaseAutoDoc.DocSpec
 0001:0012CC34       AutoDocObjects.TBaseAutoDoc.DoOutput
 0001:0012CC5C       AutoDocObjects.TBaseAutoDoc.GetEnabled
 0001:0012CC64       AutoDocObjects.TBaseAutoDoc.SetEnabled
 0001:0012CC68       AutoDocObjects.TBaseAutoDoc.SplitCamelCaseString
 0001:0012D208       BaseObjects..TFailureList
 0001:0012D104       BaseObjects..TFailureListItem
 0001:0012D380       BaseObjects..TFailureReportingObject
 0001:0012D504       BaseObjects.TFailureList.Add
 0001:0012D514       BaseObjects.TFailureList.AddFailure
 0001:0012D538       BaseObjects.TFailureList.Create
 0001:0012D578       BaseObjects.TFailureList.GetItem
 0001:0012D590       BaseObjects.TFailureReportingObject.Create
 0001:0012D5E0       BaseObjects.TFailureReportingObject.Destroy
 0001:0012D618       BaseObjects.TFailureReportingObject.Fail
 0004:00005310       Buttons..5
 0003:000023C0       Buttons.BitBtnCaptions
 0004:00005314       Buttons.BitBtnGlyphs
 0002:00000C54       Buttons.Buttons
 0001:00100E84       Buttons.DestroyLocals
 0001:00100F1C       Buttons.Finalization
 0004:00002C64       Character.CategoryTable
 0004:00002C5C       Character.CatIndexPrimary
 0004:00002C60       Character.CatIndexSecondary
 0004:00002C58       Character.DataTable
 0003:00000A38       Character.Latin1Categories
 0004:00002C70       Character.NumericValueTable
 0004:00002C68       Character.NumIndexPrimary
 0004:00002C6C       Character.NumIndexSecondary
 0001:0000CE48       Character.TCharacter.CheckLetter
 0001:0000CE54       Character.TCharacter.CheckLetterOrDigit
 0001:0000CF70       Character.TCharacter.GetUnicodeCategory
 0001:0000CFD0       Character.TCharacter.Initialize
 0001:0000CF64       Character.TCharacter.IsAscii
 0001:0000CE64       Character.TCharacter.IsLatin1
 0001:0000CE70       Character.TCharacter.IsLetter
 0001:0000CEFC       Character.TCharacter.IsLetterOrDigit
 0004:00004F64       Classes..66
 0001:00028EDC       Classes..EBitsError
 0001:00028C74       Classes..EClassNotFound
 0001:00029014       Classes..EComponentError
 0001:0002897C       Classes..EFCreateError
 0001:00028AB0       Classes..EFilerError
 0001:00028880       Classes..EFileStreamError
 0001:00028A18       Classes..EFOpenError
 0001:00028D10       Classes..EInvalidImage
 0001:00029154       Classes..EInvalidOperation
 0001:00028E48       Classes..EListError
 0001:000290B4       Classes..EOutOfResources
 0001:00028B48       Classes..EReadError
 0001:00028DAC       Classes..EResNotFound
 0001:000287E4       Classes..EStreamError
 0001:00028F70       Classes..EStringListError
 0001:00030990       Classes..EThread
 0001:00028BDC       Classes..EWriteError
 0001:00032338       Classes..TBasicAction
 0001:0003211C       Classes..TBasicActionLink
 0001:0002A71C       Classes..TBits
 0001:0002E290       Classes..TClassFinder
 0001:0002AFA0       Classes..TCollection
 0001:0002ADFC       Classes..TCollectionEnumerator
 0001:0002AB90       Classes..TCollectionItem
 0001:000317D4       Classes..TComponent
 0001:00041904       Classes..TComponent.FindComponent$ActRec
 0001:0003137C       Classes..TComponentEnumerator
 0001:0002D4D4       Classes..TCustomMemoryStream
 0001:0002E664       Classes..TFiler
 0001:0002D2F0       Classes..TFileStream
 0001:0002D0D8       Classes..THandleStream
 0001:00034218       Classes..TIntConst
 0001:0002AA1C       Classes..TInterfacedPersistent
 0001:0002A230       Classes..TInterfaceList
 0001:00029F34       Classes..TInterfaceListEnumerator
 0001:00029530       Classes..TList
 0001:00035144       Classes..TList.Sort$ActRec
 0001:0002935C       Classes..TListEnumerator
 0001:0002D71C       Classes..TMemoryStream
 0001:0002B438       Classes..TOwnedCollection
 0001:0002A854       Classes..TPersistent
 0001:00039E00       Classes..TPropFixup
 0001:0003A02C       Classes..TPropIntfFixup
 0001:0002F07C       Classes..TReader
 0001:000328F8       Classes..TRegGroup
 0001:00032D58       Classes..TRegGroups
 0001:0002D964       Classes..TResourceStream
 0001:0002CACC       Classes..TStream
 0001:0002DCE4       Classes..TStreamAdapter
 0001:0002C450       Classes..TStringList
 0001:0002B7D8       Classes..TStrings
 0001:0002B630       Classes..TStringsEnumerator
 0001:00030B84       Classes..TThread
 0001:00029C44       Classes..TThreadList
 0001:0002FF84       Classes..TWriter
 0001:000341A4       Classes.ActivateClassGroup
 0003:00000F80       Classes.AddDataModule
 0001:0003A358       Classes.AddFinished
 0001:0003A390       Classes.AddNotFinished
 0001:0003AFFC       Classes.AddSubComponentsToLoaded
 0001:00042A70       Classes.AllocateHWnd
 0001:0003E598       Classes.AncestorIsValid
 0003:00000F90       Classes.ApplicationHandleException
 0003:00000F98       Classes.ApplicationShowException
 0001:00034684       Classes.BeginGlobalLoading
 0001:0003FFE4       Classes.BinToHex
 0003:00001088       Classes.BlockCode
 0001:000328A0       Classes.Bounds
 0001:000428D0       Classes.CalcJmpOffset
 0001:0003B038       Classes.CheckSubComponents
 0001:000401BC       Classes.CheckSynchronize
 0002:0000024C       Classes.Classes
 0001:00033EE8       Classes.ClassNotFound
 0001:00042984       Classes.CleanupInstFreeList
 0001:00034924       Classes.CollectionsEqual
 0001:0003B118       Classes.ComponentCreated
 0003:00000FF8       Classes.Convert
 0003:00000FD8       Classes.Convert
 0001:0003D038       Classes.CopyBinary
 0001:0003CFA8       Classes.CopyBytes
 0001:0003CF5C       Classes.CopyList
 0001:0003CED4       Classes.CopySetBody
 0001:0003B198       Classes.CreateComponent
 0003:00000FA0       Classes.CreateVCLComObjectProc
 0001:00042B24       Classes.DeallocateHWnd
 0001:000400E4       Classes.DoneThreadSynchronization
 0001:00036FAC       Classes.DoWrite
 0003:00000FB0       Classes.Dummy32bitResHeader
 0001:00042B4C       Classes.EFileStreamError.Create
 0001:0003470C       Classes.EndGlobalLoading
 0001:00039C38       Classes.Error
 0001:0003398C       Classes.Error
 0004:00004F90       Classes.ExternalThreads
 0003:00000FAC       Classes.FilerSignature
 0001:00042BFC       Classes.Finalization
 0001:0003DC88       Classes.FindAncestor
 0001:00033FC0       Classes.FindClass
 0001:0003B348       Classes.FindExistingComponent
 0001:0003459C       Classes.FindGlobalComponent
 0004:00004F70       Classes.FindGlobalComponentProcs
 0001:00034440       Classes.FindIdentToInt
 0001:000343C4       Classes.FindIntToIdent
 0001:0003EA0C       Classes.FindMethodName
 0001:0003A260       Classes.FindNestedComponent
 0001:0003C3C4       Classes.FindUniqueName
 0001:000400FC       Classes.FreeExternalThreads
 0001:00042830       Classes.FreeIntConstList
 0001:00042970       Classes.FreeObjectInstance
 0001:00033F54       Classes.GetClass
 0001:0003F100       Classes.GetComponentValue
 0001:000363C0       Classes.GetDesigner
 0001:00033EDC       Classes.GetFieldClassTable
 0001:000429C0       Classes.GetFreeInstBlockItemCount
 0004:00004F74       Classes.GlobalFixupList
 0001:0003A3D8       Classes.GlobalFixupReferences
 0005:00000010       Classes.GlobalLists
 0005:0000000C       Classes.GlobalLoaded
 0004:00004F58       Classes.GlobalNameSpace
 0001:00034138       Classes.GroupDescendentsWith
 0001:0003BB58       Classes.HandleException
 0001:00040024       Classes.HexToBin
 0001:000344BC       Classes.IdentToInt
 0001:00034768       Classes.InitComponent
 0001:000347F4       Classes.InitInheritedComponent
 0001:000400B0       Classes.InitThreadSynchronization
 0004:00004F94       Classes.InstBlockList
 0004:00004F98       Classes.InstFreeList
 0004:00004F68       Classes.IntConstList
 0001:00034600       Classes.InternalReadComponentRes
 0001:00034500       Classes.IntToIdent
 0001:000328DC       Classes.InvalidPoint
 0001:000328C8       Classes.InvalidPoint
 0001:0003E78C       Classes.IsDefault
 0001:0003E608       Classes.IsDefaultFloatProp
 0001:0003E664       Classes.IsDefaultInt64Prop
 0001:0003E930       Classes.IsDefaultInterfaceProp
 0001:0003EA64       Classes.IsDefaultMethodProp
 0001:0003E7E4       Classes.IsDefaultObjectProp
 0001:0003E5B0       Classes.IsDefaultOrdProp
 0001:0003EB9C       Classes.IsDefaultPropertyValue
 0001:0003E6BC       Classes.IsDefaultStrProp
 0001:0003E864       Classes.IsDefaultValue
 0001:0003EB04       Classes.IsDefaultVariantProp
 0001:000345DC       Classes.IsUniqueGlobalComponentName
 0004:00004F5C       Classes.IsUniqueGlobalComponentNameProc
 0001:000428D8       Classes.MakeObjectInstance
 0001:00035FF8       Classes.Min
 0001:000428A8       Classes.ModuleUnload
 0003:00000FD0       Classes.NilMethod
 0001:00036464       Classes.NotifyDesigner
 0001:000346DC       Classes.NotifyGlobalLoading
 0001:0003E74C       Classes.ObjectAncestorMatch
 0001:0003F0E8       Classes.OwnedBy
 0001:00032848       Classes.Point
 0003:0000106C       Classes.Priorities
 0001:0003A718       Classes.PropertyNotFound
 0001:0003BC28       Classes.PropPathError
 0001:0003A70C       Classes.PropValueError
 0001:0003500C       Classes.QuickSort
 0001:00038DF0       Classes.RaiseException
 0001:0003D520       Classes.ReadCustomVariant
 0001:0003A6F4       Classes.ReadError
 0001:0003B138       Classes.Recover
 0001:00032878       Classes.Rect
 0004:00004F6C       Classes.RegGroups
 0001:00033FE0       Classes.RegisterClass
 0001:00034544       Classes.RegisterFindGlobalComponentProc
 0001:00034398       Classes.RegisterIntegerConsts
 0001:000429F0       Classes.ReleaseObjectInstanceBlocks
 0003:00000F88       Classes.RemoveDataModule
 0001:0003A5AC       Classes.RemoveFixupReferences
 0001:0003A660       Classes.RemoveFixups
 0001:0003AA5C       Classes.RemoveGlobalFixup
 0001:00040188       Classes.ResetSyncEvent
 0001:00034B88       Classes.ReturnAddr
 0001:00037118       Classes.ReturnAddr
 0001:0003B2A8       Classes.SetCompName
 0001:0003A744       Classes.SetElementValue
 0001:0003BFA0       Classes.SetInterfaceReference
 0001:0003BEBC       Classes.SetIntIdent
 0001:0003BF04       Classes.SetObjectIdent
 0001:0003B0B0       Classes.SetSubComponentState
 0001:0003BF44       Classes.SetVariantReference
 0001:000401B0       Classes.SignalSyncEvent
 0001:0003CC90       Classes.SkipBinary
 0001:0003CCC0       Classes.SkipCollection
 0001:0003CC64       Classes.SkipList
 0001:00032868       Classes.SmallPoint
 0001:000340D0       Classes.StartClassGroup
 0001:000428B0       Classes.StdWndProc
 0001:00038BDC       Classes.StringListCompareStrings
 0004:00004F60       Classes.SyncEvent
 0003:00001068       Classes.SyncList
 0001:0004229C       Classes.TBasicAction.Change
 0001:00042128       Classes.TBasicAction.Create
 0001:0004216C       Classes.TBasicAction.Destroy
 0001:00042208       Classes.TBasicAction.Execute
 0001:000421D8       Classes.TBasicAction.ExecuteTarget
 0001:000421D4       Classes.TBasicAction.HandlesTarget
 0001:000421DC       Classes.TBasicAction.Notification
 0001:000422B0       Classes.TBasicAction.RegisterChanges
 0001:000422FC       Classes.TBasicAction.SetActionComponent
 0001:00042240       Classes.TBasicAction.SetOnExecute
 0001:000422BC       Classes.TBasicAction.UnRegisterChanges
 0001:00042224       Classes.TBasicAction.Update
 0001:00042204       Classes.TBasicAction.UpdateTarget
 0001:00042078       Classes.TBasicActionLink.AssignClient
 0001:000420B0       Classes.TBasicActionLink.Change
 0001:00042034       Classes.TBasicActionLink.Create
 0001:0004207C       Classes.TBasicActionLink.Destroy
 0001:000420C8       Classes.TBasicActionLink.Execute
 0001:00042110       Classes.TBasicActionLink.IsOnExecuteLinked
 0001:000420E4       Classes.TBasicActionLink.SetAction
 0001:00042114       Classes.TBasicActionLink.SetOnExecute
 0001:0004211C       Classes.TBasicActionLink.Update
 0001:00035FB0       Classes.TBits.Destroy
 0001:00035FE0       Classes.TBits.Error
 0001:000360D4       Classes.TBits.GetBit
 0001:000360EC       Classes.TBits.OpenBit
 0001:000360A8       Classes.TBits.SetBit
 0001:00036004       Classes.TBits.SetSize
 0001:00033C48       Classes.TClassFinder.Create
 0001:00033D88       Classes.TClassFinder.Destroy
 0001:00033DB8       Classes.TClassFinder.GetClass
 0001:00033E54       Classes.TClassFinder.GetClasses
 0001:00036794       Classes.TCollection.Add
 0001:00036CB0       Classes.TCollection.Added
 0001:000367B4       Classes.TCollection.Assign
 0001:0003685C       Classes.TCollection.BeginUpdate
 0001:00036860       Classes.TCollection.Changed
 0001:00036870       Classes.TCollection.Clear
 0001:000366FC       Classes.TCollection.Create
 0001:00036C74       Classes.TCollection.Delete
 0001:00036CB4       Classes.TCollection.Deleting
 0001:00036748       Classes.TCollection.Destroy
 0001:000368D8       Classes.TCollection.EndUpdate
 0001:000368E4       Classes.TCollection.FindItemID
 0001:00036918       Classes.TCollection.GetAttr
 0001:00036914       Classes.TCollection.GetAttrCount
 0001:00036938       Classes.TCollection.GetCapacity
 0001:00036960       Classes.TCollection.GetCount
 0001:00036928       Classes.TCollection.GetEnumerator
 0001:00036968       Classes.TCollection.GetItem
 0001:00036940       Classes.TCollection.GetItemAttr
 0001:0003697C       Classes.TCollection.GetNamePath
 0001:00036A30       Classes.TCollection.GetPropName
 0001:00036B84       Classes.TCollection.Insert
 0001:00036BA0       Classes.TCollection.InsertItem
 0001:00036CB8       Classes.TCollection.Notify
 0001:00036CA4       Classes.TCollection.Owner
 0001:00036C08       Classes.TCollection.RemoveItem
 0001:00036C5C       Classes.TCollection.SetCapacity
 0001:00036C6C       Classes.TCollection.SetItemName
 0001:00036C70       Classes.TCollection.Update
 0001:00036690       Classes.TCollectionEnumerator.Create
 0001:000366D4       Classes.TCollectionEnumerator.GetCurrent
 0001:000366E0       Classes.TCollectionEnumerator.MoveNext
 0001:00036530       Classes.TCollectionItem.Changed
 0001:000364C8       Classes.TCollectionItem.Create
 0001:00036500       Classes.TCollectionItem.Destroy
 0001:0003656C       Classes.TCollectionItem.GetDisplayName
 0001:00036554       Classes.TCollectionItem.GetIndex
 0001:00036580       Classes.TCollectionItem.GetNamePath
 0001:0003662C       Classes.TCollectionItem.GetOwner
 0001:00036630       Classes.TCollectionItem.SetCollection
 0001:00036658       Classes.TCollectionItem.SetDisplayName
 0001:00036660       Classes.TCollectionItem.SetIndex
 0001:00041B2C       Classes.TComponent.AddSortedComponent
 0001:00041348       Classes.TComponent.BeforeDestruction
 0001:00041BE0       Classes.TComponent.ChangeName
 0001:000412B4       Classes.TComponent.Create
 0001:000416F4       Classes.TComponent.DefineProperties
 0001:00041300       Classes.TComponent.Destroy
 0001:00041578       Classes.TComponent.DestroyComponents
 0001:000415E4       Classes.TComponent.Destroying
 0001:00041D3C       Classes.TComponent.ExecuteAction
 0001:000419C8       Classes.TComponent.FindComponent
 0001:000419BC       Classes.TComponent.FindComponent$ActRec.$0$Body
 0001:00041AB4       Classes.TComponent.FindSortedComponent
 0001:00041394       Classes.TComponent.FreeNotification
 0001:00041E70       Classes.TComponent.FreeOnRelease
 0001:00041798       Classes.TComponent.GetChildOwner
 0001:0004179C       Classes.TComponent.GetChildParent
 0001:00041790       Classes.TComponent.GetChildren
 0001:00041DA0       Classes.TComponent.GetComObject
 0001:00041C34       Classes.TComponent.GetComponent
 0001:00041C60       Classes.TComponent.GetComponentCount
 0001:00041C18       Classes.TComponent.GetComponentIndex
 0001:000417A0       Classes.TComponent.GetEnumerator
 0001:000417B0       Classes.TComponent.GetNamePath
 0001:000417C4       Classes.TComponent.GetOwner
 0001:000417CC       Classes.TComponent.GetParentComponent
 0001:0004178C       Classes.TComponent.HasParent
 0001:00041428       Classes.TComponent.Insert
 0001:000414DC       Classes.TComponent.InsertComponent
 0001:00041F08       Classes.TComponent.IntfGetComponent
 0001:00041F0C       Classes.TComponent.IsImplementorOf
 0001:000417EC       Classes.TComponent.Loaded
 0001:00041694       Classes.TComponent.Notification
 0001:000417F8       Classes.TComponent.PaletteCreated
 0001:00041E88       Classes.TComponent.QueryInterface
 0001:000413E8       Classes.TComponent.ReadLeft
 0001:000417FC       Classes.TComponent.ReadState
 0001:000413FC       Classes.TComponent.ReadTop
 0001:00041F8C       Classes.TComponent.ReferenceInterface
 0001:00041464       Classes.TComponent.Remove
 0001:00041540       Classes.TComponent.RemoveComponent
 0001:00041678       Classes.TComponent.RemoveFreeNotification
 0001:00041354       Classes.TComponent.RemoveFreeNotifications
 0001:00041620       Classes.TComponent.RemoveNotification
 0001:00041E58       Classes.TComponent.SafeCallException
 0001:000417C8       Classes.TComponent.SetChildOrder
 0001:00041C70       Classes.TComponent.SetComponentIndex
 0001:00041CC4       Classes.TComponent.SetDesigning
 0001:00041B50       Classes.TComponent.SetName
 0001:000417D0       Classes.TComponent.SetParentComponent
 0001:00041D14       Classes.TComponent.SetReference
 0001:00041D8C       Classes.TComponent.SetSubComponent
 0001:00041D64       Classes.TComponent.UpdateAction
 0001:000417E0       Classes.TComponent.Updated
 0001:00041E80       Classes.TComponent.UpdateRegistry
 0001:000417D4       Classes.TComponent.Updating
 0001:00041894       Classes.TComponent.ValidateContainer
 0001:000418A8       Classes.TComponent.ValidateInsert
 0001:0004180C       Classes.TComponent.ValidateRename
 0001:00041410       Classes.TComponent.WriteLeft
 0001:00041804       Classes.TComponent.WriteState
 0001:0004141C       Classes.TComponent.WriteTop
 0001:00041EC8       Classes.TComponent._AddRef
 0001:00041EE8       Classes.TComponent._Release
 0001:00041248       Classes.TComponentEnumerator.Create
 0001:0004128C       Classes.TComponentEnumerator.GetCurrent
 0001:00041298       Classes.TComponentEnumerator.MoveNext
 0001:000398CC       Classes.TCustomMemoryStream.Read
 0001:00039940       Classes.TCustomMemoryStream.SaveToFile
 0001:00039928       Classes.TCustomMemoryStream.SaveToStream
 0001:00039904       Classes.TCustomMemoryStream.Seek
 0001:000398C4       Classes.TCustomMemoryStream.SetPointer
 0001:00039D8C       Classes.TFiler.Create
 0001:0002EA1C       Classes.TFiler.DefineBinaryProperty
 0001:0002EA14       Classes.TFiler.DefineProperty
 0001:00039DD4       Classes.TFiler.Destroy
 0001:0002EA24       Classes.TFiler.FlushBuffer
 0001:00039DFC       Classes.TFiler.SetRoot
 0001:0003971C       Classes.TFileStream.Create
 0001:000396D8       Classes.TFileStream.Create
 0001:00039890       Classes.TFileStream.Destroy
 0001:00039614       Classes.THandleStream.Create
 0001:00039650       Classes.THandleStream.Read
 0001:00039670       Classes.THandleStream.Seek
 0001:0003969C       Classes.THandleStream.SetSize
 0001:000396B0       Classes.THandleStream.SetSize
 0001:00039660       Classes.THandleStream.Write
 0004:00004F78       Classes.ThreadLock
 0001:000403B0       Classes.ThreadProc
 0001:00034360       Classes.TIntConst.Create
 0001:00036308       Classes.TInterfacedPersistent.AfterConstruction
 0001:00036398       Classes.TInterfacedPersistent.QueryInterface
 0001:00036358       Classes.TInterfacedPersistent._AddRef
 0001:00036378       Classes.TInterfacedPersistent._Release
 0001:00035C04       Classes.TInterfaceList.Add
 0001:000358E4       Classes.TInterfaceList.Clear
 0001:00035864       Classes.TInterfaceList.Create
 0001:00035964       Classes.TInterfaceList.Delete
 0001:000358A8       Classes.TInterfaceList.Destroy
 0001:00035F28       Classes.TInterfaceList.Exchange
 0001:000359D4       Classes.TInterfaceList.Expand
 0001:00035A34       Classes.TInterfaceList.First
 0001:00035A48       Classes.TInterfaceList.Get
 0001:00035ACC       Classes.TInterfaceList.GetCapacity
 0001:00035B28       Classes.TInterfaceList.GetCount
 0001:00035B84       Classes.TInterfaceList.GetEnumerator
 0001:00035B94       Classes.TInterfaceList.IndexOf
 0001:00035B9C       Classes.TInterfaceList.IndexOfItem
 0001:00035C7C       Classes.TInterfaceList.Insert
 0001:00035CF0       Classes.TInterfaceList.Last
 0001:00035F8C       Classes.TInterfaceList.Lock
 0001:00035D58       Classes.TInterfaceList.Put
 0001:00035DDC       Classes.TInterfaceList.Remove
 0001:00035DE4       Classes.TInterfaceList.RemoveItem
 0001:00035E70       Classes.TInterfaceList.SetCapacity
 0001:00035ECC       Classes.TInterfaceList.SetCount
 0001:00035F98       Classes.TInterfaceList.Unlock
 0001:000357EC       Classes.TInterfaceListEnumerator.Create
 0001:00035830       Classes.TInterfaceListEnumerator.GetCurrent
 0001:00035848       Classes.TInterfaceListEnumerator.MoveNext
 0001:00034AC8       Classes.TList.Add
 0001:00035304       Classes.TList.Assign
 0001:00034B08       Classes.TList.Clear
 0001:00034B20       Classes.TList.Delete
 0001:00034AA8       Classes.TList.Destroy
 0001:00034B8C       Classes.TList.Error
 0001:00034BC4       Classes.TList.Error
 0001:00034C18       Classes.TList.Exchange
 0001:00034C68       Classes.TList.Expand
 0001:000352A8       Classes.TList.Extract
 0001:000352B0       Classes.TList.ExtractItem
 0001:00034C80       Classes.TList.First
 0001:00034C88       Classes.TList.Get
 0001:00034CAC       Classes.TList.GetEnumerator
 0001:00034CBC       Classes.TList.Grow
 0001:00034CF0       Classes.TList.IndexOf
 0001:00034D14       Classes.TList.IndexOfItem
 0001:00034D40       Classes.TList.Insert
 0001:00034DB8       Classes.TList.Last
 0001:00034DDC       Classes.TList.Move
 0001:00035300       Classes.TList.Notify
 0001:00034EB8       Classes.TList.Pack
 0001:00034E34       Classes.TList.Put
 0001:00034E90       Classes.TList.Remove
 0001:00034E98       Classes.TList.RemoveItem
 0001:00034F2C       Classes.TList.SetCapacity
 0001:00034F68       Classes.TList.SetCount
 0001:00035208       Classes.TList.Sort
 0001:000351FC       Classes.TList.Sort$ActRec.$0$Body
 0001:00035288       Classes.TList.SortList
 0001:00034A40       Classes.TListEnumerator.Create
 0001:00034A84       Classes.TListEnumerator.GetCurrent
 0001:00034A90       Classes.TListEnumerator.MoveNext
 0001:000399C4       Classes.TMemoryStream.Clear
 0001:00039998       Classes.TMemoryStream.Destroy
 0001:00039A14       Classes.TMemoryStream.LoadFromFile
 0001:000399DC       Classes.TMemoryStream.LoadFromStream
 0001:00039ABC       Classes.TMemoryStream.Realloc
 0001:00039A68       Classes.TMemoryStream.SetCapacity
 0001:00039A90       Classes.TMemoryStream.SetSize
 0001:00039B3C       Classes.TMemoryStream.Write
 0001:00036CDC       Classes.TOwnedCollection.Create
 0001:00036D20       Classes.TOwnedCollection.GetOwner
 0001:00036190       Classes.TPersistent.Assign
 0001:000361A4       Classes.TPersistent.AssignError
 0001:00036260       Classes.TPersistent.AssignTo
 0001:00036268       Classes.TPersistent.DefineProperties
 0001:00036164       Classes.TPersistent.Destroy
 0001:0003626C       Classes.TPersistent.GetNamePath
 0001:00036304       Classes.TPersistent.GetOwner
 0001:0003A114       Classes.TPropFixup.Create
 0001:0003A16C       Classes.TPropFixup.MakeGlobalReference
 0001:0003A1CC       Classes.TPropFixup.ResolveReference
 0001:0003A1DC       Classes.TPropIntfFixup.ResolveReference
 0001:0003A798       Classes.TReader.BeginReferences
 0001:0003A800       Classes.TReader.CheckValue
 0001:0003D090       Classes.TReader.CopyValue
 0001:0003A860       Classes.TReader.DefineBinaryProperty
 0001:0003A824       Classes.TReader.DefineProperty
 0001:0003A75C       Classes.TReader.Destroy
 0001:0003AAE4       Classes.TReader.DoFixupReferences
 0001:0003A948       Classes.TReader.EndOfList
 0001:0003A95C       Classes.TReader.EndReferences
 0001:0003A978       Classes.TReader.Error
 0001:0003D36C       Classes.TReader.FindAncestorComponent
 0001:0003D464       Classes.TReader.FindComponentClass
 0001:0003AA0C       Classes.TReader.FindMethod
 0001:0003A99C       Classes.TReader.FindMethodInstance
 0001:0003AC28       Classes.TReader.FixupReferences
 0001:0003AC60       Classes.TReader.FlushBuffer
 0001:0003AC84       Classes.TReader.FreeFixups
 0001:0003ACC0       Classes.TReader.GetFieldClass
 0001:0003AD54       Classes.TReader.GetPosition
 0001:0003AD6C       Classes.TReader.NextValue
 0001:0003AD7C       Classes.TReader.PropertyError
 0001:0003AD90       Classes.TReader.Read
 0001:0003AE18       Classes.TReader.ReadBoolean
 0001:0003ADDC       Classes.TReader.ReadBuffer
 0001:0003AE2C       Classes.TReader.ReadChar
 0001:0003AF20       Classes.TReader.ReadCollection
 0001:0003B3EC       Classes.TReader.ReadComponent
 0001:0003C760       Classes.TReader.ReadComponents
 0001:0003B82C       Classes.TReader.ReadCurrency
 0001:0003B62C       Classes.TReader.ReadData
 0001:0003B69C       Classes.TReader.ReadDataInner
 0001:0003B87C       Classes.TReader.ReadDate
 0001:0003B7A4       Classes.TReader.ReadDouble
 0001:0003B76C       Classes.TReader.ReadFloat
 0001:0003B8C0       Classes.TReader.ReadIdent
 0001:0003BAC4       Classes.TReader.ReadInt64
 0001:0003BA58       Classes.TReader.ReadInteger
 0001:0003BB08       Classes.TReader.ReadListBegin
 0001:0003BB10       Classes.TReader.ReadListEnd
 0001:0003BB18       Classes.TReader.ReadPrefix
 0001:0003BC44       Classes.TReader.ReadProperty
 0001:0003C060       Classes.TReader.ReadPropValue
 0001:0003C42C       Classes.TReader.ReadRootComponent
 0001:0003C850       Classes.TReader.ReadSet
 0001:0003C90C       Classes.TReader.ReadSignature
 0001:0003B7E8       Classes.TReader.ReadSingle
 0001:0003C930       Classes.TReader.ReadStr
 0001:0003C9C0       Classes.TReader.ReadString
 0001:0003CBE8       Classes.TReader.ReadValue
 0001:0003D6E8       Classes.TReader.ReadVariant
 0001:0003AEC0       Classes.TReader.ReadWideChar
 0001:0003CAA8       Classes.TReader.ReadWideString
 0001:0003D424       Classes.TReader.ReferenceName
 0001:0003D43C       Classes.TReader.SetName
 0001:0003CBFC       Classes.TReader.SetPosition
 0001:0003D4D8       Classes.TReader.SkipBytes
 0001:0003D2C0       Classes.TReader.SkipComponent
 0001:0003D278       Classes.TReader.SkipProperty
 0001:0003CC1C       Classes.TReader.SkipSetBody
 0001:0003CD24       Classes.TReader.SkipValue
 0001:00033234       Classes.TRegGroup.AddClass
 0001:00033240       Classes.TRegGroup.BestClass
 0001:000332A0       Classes.TRegGroup.BestGroup
 0001:00033310       Classes.TRegGroup.Create
 0001:0003336C       Classes.TRegGroup.Destroy
 0001:000333AC       Classes.TRegGroup.GetClass
 0001:000333FC       Classes.TRegGroup.GetClasses
 0001:00033444       Classes.TRegGroup.IndexOfClass
 0001:000334BC       Classes.TRegGroup.InGroup
 0001:00033500       Classes.TRegGroup.RegisterClass
 0001:000335B4       Classes.TRegGroup.RegisterClassAlias
 0001:000335EC       Classes.TRegGroup.Registered
 0001:00033604       Classes.TRegGroup.UnregisterClass
 0001:00033664       Classes.TRegGroup.UnregisterModuleClasses
 0001:000337A4       Classes.TRegGroups.Activate
 0001:000337F0       Classes.TRegGroups.AddClass
 0001:00033810       Classes.TRegGroups.Create
 0001:00033884       Classes.TRegGroups.Destroy
 0001:000338E4       Classes.TRegGroups.FindGroup
 0001:00033928       Classes.TRegGroups.GetClass
 0001:0003396C       Classes.TRegGroups.GroupedWith
 0001:00033A10       Classes.TRegGroups.GroupWith
 0001:00033AE4       Classes.TRegGroups.Lock
 0001:00033AF0       Classes.TRegGroups.RegisterClass
 0001:00033B08       Classes.TRegGroups.RegisterClassAlias
 0001:00033B28       Classes.TRegGroups.Registered
 0001:00033B6C       Classes.TRegGroups.StartGroup
 0001:00033BBC       Classes.TRegGroups.Unlock
 0001:00033BC8       Classes.TRegGroups.UnregisterClass
 0001:00033BF8       Classes.TRegGroups.UnregisterModuleClasses
 0001:00039B8C       Classes.TResourceStream.Create
 0001:00039BE4       Classes.TResourceStream.CreateFromID
 0001:00039D44       Classes.TResourceStream.Destroy
 0001:00039CD8       Classes.TResourceStream.Initialize
 0001:00039D74       Classes.TResourceStream.Write
 0001:00038FC8       Classes.TStream.CopyFrom
 0001:00039430       Classes.TStream.FixupResourceHeader
 0001:00038D04       Classes.TStream.GetPosition
 0001:00038D38       Classes.TStream.GetSize
 0001:0002D0C8       Classes.TStream.Read
 0001:00038F58       Classes.TStream.ReadBuffer
 0001:000390BC       Classes.TStream.ReadComponent
 0001:00039180       Classes.TStream.ReadComponentRes
 0001:00039528       Classes.TStream.ReadResHeader
 0001:00038EE8       Classes.TStream.Seek
 0001:00038E64       Classes.TStream.Seek
 0001:00038D24       Classes.TStream.SetPosition
 0001:00038D9C       Classes.TStream.SetSize
 0001:00038D84       Classes.TStream.SetSize
 0001:00038D88       Classes.TStream.SetSize64
 0001:0002D0D0       Classes.TStream.Write
 0001:00038F90       Classes.TStream.WriteBuffer
 0001:0003911C       Classes.TStream.WriteComponent
 0001:0003919C       Classes.TStream.WriteComponentRes
 0001:00039124       Classes.TStream.WriteDescendent
 0001:000394F4       Classes.TStream.WriteDescendentRes
 0001:000391A4       Classes.TStream.WriteResourceHeader
 0001:00042818       Classes.TStreamAdapter.Clone
 0001:0004276C       Classes.TStreamAdapter.Commit
 0001:00042564       Classes.TStreamAdapter.CopyTo
 0001:00042328       Classes.TStreamAdapter.Create
 0001:00042374       Classes.TStreamAdapter.Destroy
 0001:00042784       Classes.TStreamAdapter.LockRegion
 0001:000423AC       Classes.TStreamAdapter.Read
 0001:00042778       Classes.TStreamAdapter.Revert
 0001:0004247C       Classes.TStreamAdapter.Seek
 0001:00042500       Classes.TStreamAdapter.SetSize
 0001:0004279C       Classes.TStreamAdapter.Stat
 0001:00042790       Classes.TStreamAdapter.UnlockRegion
 0001:00042414       Classes.TStreamAdapter.Write
 0001:000385EC       Classes.TStringList.Add
 0001:000385FC       Classes.TStringList.AddObject
 0001:00038660       Classes.TStringList.Changed
 0001:0003867C       Classes.TStringList.Changing
 0001:00038698       Classes.TStringList.Clear
 0001:00038C44       Classes.TStringList.CompareStrings
 0001:00038C60       Classes.TStringList.Create
 0001:00038C98       Classes.TStringList.Create
 0001:00038C0C       Classes.TStringList.CustomSort
 0001:00038700       Classes.TStringList.Delete
 0001:00038568       Classes.TStringList.Destroy
 0001:00038780       Classes.TStringList.Exchange
 0001:000387DC       Classes.TStringList.ExchangeItems
 0001:00038800       Classes.TStringList.Find
 0001:00038884       Classes.TStringList.Get
 0001:000388B4       Classes.TStringList.GetCapacity
 0001:000388B8       Classes.TStringList.GetCount
 0001:000388BC       Classes.TStringList.GetObject
 0001:000388E0       Classes.TStringList.Grow
 0001:00038914       Classes.TStringList.IndexOf
 0001:00038950       Classes.TStringList.Insert
 0001:000389B4       Classes.TStringList.InsertItem
 0001:00038960       Classes.TStringList.InsertObject
 0001:00038A30       Classes.TStringList.Put
 0001:00038A88       Classes.TStringList.PutObject
 0001:00038AC4       Classes.TStringList.QuickSort
 0001:00038B5C       Classes.TStringList.SetCapacity
 0001:00038CDC       Classes.TStringList.SetCaseSensitive
 0001:00038B9C       Classes.TStringList.SetSorted
 0001:00038BBC       Classes.TStringList.SetUpdateState
 0001:00038BFC       Classes.TStringList.Sort
 0001:00036DCC       Classes.TStrings.Add
 0001:00036DF0       Classes.TStrings.AddObject
 0001:00036E20       Classes.TStrings.AddStrings
 0001:00036E14       Classes.TStrings.Append
 0001:00036ED8       Classes.TStrings.Assign
 0001:00036F94       Classes.TStrings.BeginUpdate
 0001:0002C350       Classes.TStrings.Clear
 0001:00038520       Classes.TStrings.CompareStrings
 0001:00037004       Classes.TStrings.DefineProperties
 0001:0002C358       Classes.TStrings.Delete
 0001:00036D9C       Classes.TStrings.Destroy
 0001:0003705C       Classes.TStrings.EndUpdate
 0001:00037070       Classes.TStrings.Equals
 0001:00037154       Classes.TStrings.Error
 0001:0003711C       Classes.TStrings.Error
 0001:000371AC       Classes.TStrings.Exchange
 0001:00037298       Classes.TStrings.ExtractName
 0001:00037314       Classes.TStrings.GetCapacity
 0001:0003731C       Classes.TStrings.GetCommaText
 0001:000373B4       Classes.TStrings.GetDelimitedText
 0001:0003840C       Classes.TStrings.GetDelimiter
 0001:00037624       Classes.TStrings.GetEnumerator
 0001:00038428       Classes.TStrings.GetLineBreak
 0001:00037634       Classes.TStrings.GetName
 0001:0003852C       Classes.TStrings.GetNameValueSeparator
 0001:00037694       Classes.TStrings.GetObject
 0001:00038464       Classes.TStrings.GetQuoteChar
 0001:00038480       Classes.TStrings.GetStrictDelimiter
 0001:00037698       Classes.TStrings.GetText
 0001:000376EC       Classes.TStrings.GetTextStr
 0001:00037884       Classes.TStrings.IndexOf
 0001:00037910       Classes.TStrings.IndexOfName
 0001:000379E4       Classes.TStrings.IndexOfObject
 0001:0002C360       Classes.TStrings.Insert
 0001:00037A18       Classes.TStrings.InsertObject
 0001:00037A9C       Classes.TStrings.LoadFromFile
 0001:00037A48       Classes.TStrings.LoadFromFile
 0001:00037AF8       Classes.TStrings.LoadFromStream
 0001:00037B04       Classes.TStrings.LoadFromStream
 0001:00037BF8       Classes.TStrings.Move
 0001:00037CA8       Classes.TStrings.Put
 0001:00037CD8       Classes.TStrings.PutObject
 0001:00037CDC       Classes.TStrings.ReadData
 0001:00037D8C       Classes.TStrings.SaveToFile
 0001:00037D9C       Classes.TStrings.SaveToFile
 0001:00037DFC       Classes.TStrings.SaveToStream
 0001:00037E0C       Classes.TStrings.SaveToStream
 0001:00037EC4       Classes.TStrings.SetCapacity
 0001:00037EC8       Classes.TStrings.SetCommaText
 0001:0003825C       Classes.TStrings.SetDelimitedText
 0001:00038498       Classes.TStrings.SetDelimiter
 0001:000384B8       Classes.TStrings.SetLineBreak
 0001:00038548       Classes.TStrings.SetNameValueSeparator
 0001:000384E4       Classes.TStrings.SetQuoteChar
 0001:00038504       Classes.TStrings.SetStrictDelimiter
 0001:00037EF0       Classes.TStrings.SetStringsAdapter
 0001:00037F24       Classes.TStrings.SetText
 0001:00037F74       Classes.TStrings.SetTextStr
 0001:00038120       Classes.TStrings.SetUpdateState
 0001:00038124       Classes.TStrings.SetValue
 0001:000381D8       Classes.TStrings.WriteData
 0001:00036D24       Classes.TStringsEnumerator.Create
 0001:00036D68       Classes.TStringsEnumerator.GetCurrent
 0001:00036D80       Classes.TStringsEnumerator.MoveNext
 0004:00004F54       Classes.TThread.$ClassInitFlag
 0001:00040604       Classes.TThread.AfterConstruction
 0001:000406AC       Classes.TThread.CallOnTerminate
 0001:00040694       Classes.TThread.CheckThreadError
 0001:00040618       Classes.TThread.CheckThreadError
 0001:00040464       Classes.TThread.Create
 0002:0000023C       Classes.TThread.Create@
 0001:00040568       Classes.TThread.Destroy
 0001:000405DC       Classes.TThread.Destroy@
 0001:000406C0       Classes.TThread.DoTerminate
 0005:00000008       Classes.TThread.FCurrentThread
 0001:000406D4       Classes.TThread.GetPriority
 0001:00040710       Classes.TThread.InternalStart
 0001:000411A8       Classes.TThread.NameThreadForDebugging
 0001:00040870       Classes.TThread.Queue
 0001:0004093C       Classes.TThread.Queue
 0001:000407E8       Classes.TThread.Queue
 0001:00040DA4       Classes.TThread.Queue
 0001:000409DC       Classes.TThread.RemoveQueuedEvents
 0001:00040F38       Classes.TThread.RemoveQueuedEvents
 0001:00040FDC       Classes.TThread.RemoveQueuedEvents
 0001:0004109C       Classes.TThread.Resume
 0001:000407BC       Classes.TThread.SetPriority
 0001:00040FF0       Classes.TThread.SetSuspended
 0001:00041008       Classes.TThread.SpinWait
 0001:00041024       Classes.TThread.Start
 0001:00040AA0       Classes.TThread.StaticQueue
 0001:00040F24       Classes.TThread.StaticSynchronize
 0001:0004102C       Classes.TThread.Suspend
 0001:00040D14       Classes.TThread.Synchronize
 0001:00040C78       Classes.TThread.Synchronize
 0001:00040E88       Classes.TThread.Synchronize
 0001:00040AB4       Classes.TThread.Synchronize
 0001:00040CAC       Classes.TThread.Synchronize
 0001:000410C4       Classes.TThread.Terminate
 0001:000410E8       Classes.TThread.WaitFor
 0001:000356A0       Classes.TThreadList.Add
 0001:00035728       Classes.TThreadList.Clear
 0001:000355D0       Classes.TThreadList.Create
 0001:00035624       Classes.TThreadList.Destroy
 0001:00035770       Classes.TThreadList.LockList
 0001:00035784       Classes.TThreadList.Remove
 0001:0003578C       Classes.TThreadList.RemoveItem
 0001:000357E0       Classes.TThreadList.UnlockList
 0001:0003D934       Classes.TWriter.AddAncestor
 0001:0003D968       Classes.TWriter.DefineBinaryProperty
 0001:0003D940       Classes.TWriter.DefineProperty
 0001:0003D908       Classes.TWriter.Destroy
 0001:0003D9A4       Classes.TWriter.FindMethodName
 0001:0003D9EC       Classes.TWriter.FlushBuffer
 0001:0003FFC0       Classes.TWriter.GetLookupInfo
 0001:0003D994       Classes.TWriter.GetPosition
 0001:0003D9F4       Classes.TWriter.SetPosition
 0001:0003DA30       Classes.TWriter.SetRoot
 0001:0003DA48       Classes.TWriter.Write
 0001:0003DA94       Classes.TWriter.WriteBinary
 0001:0003DB34       Classes.TWriter.WriteBoolean
 0001:0003DB1C       Classes.TWriter.WriteBuffer
 0001:0003DB48       Classes.TWriter.WriteChar
 0001:0003DBE8       Classes.TWriter.WriteCollection
 0001:0003DCD8       Classes.TWriter.WriteComponent
 0001:0003E280       Classes.TWriter.WriteCurrency
 0001:0003DE2C       Classes.TWriter.WriteData
 0001:0003E2A4       Classes.TWriter.WriteDate
 0001:0003E1EC       Classes.TWriter.WriteDescendent
 0001:0003E25C       Classes.TWriter.WriteDouble
 0001:0003E214       Classes.TWriter.WriteFloat
 0001:0003E2C8       Classes.TWriter.WriteIdent
 0001:0003E3AC       Classes.TWriter.WriteInteger
 0001:0003E420       Classes.TWriter.WriteInteger
 0001:0003E478       Classes.TWriter.WriteListBegin
 0001:0003E480       Classes.TWriter.WriteListEnd
 0001:0003FC84       Classes.TWriter.WriteMinStr
 0001:0003E488       Classes.TWriter.WritePrefix
 0001:0003E4D0       Classes.TWriter.WriteProperties
 0001:0003F628       Classes.TWriter.WriteProperty
 0001:0003FB5C       Classes.TWriter.WritePropName
 0001:0003FBB0       Classes.TWriter.WriteRootComponent
 0001:0003FBB8       Classes.TWriter.WriteSignature
 0001:0003E238       Classes.TWriter.WriteSingle
 0001:0003FBC8       Classes.TWriter.WriteStr
 0001:0003FDB8       Classes.TWriter.WriteString
 0001:0003FED0       Classes.TWriter.WriteUTF8Str
 0001:0003FFAC       Classes.TWriter.WriteValue
 0001:0003F77C       Classes.TWriter.WriteVariant
 0001:0003DB98       Classes.TWriter.WriteWideChar
 0001:0003FFA4       Classes.TWriter.WriteWideString
 0001:00034584       Classes.UnregisterFindGlobalComponentProc
 0001:00034068       Classes.UnRegisterModuleClasses
 0003:0000108C       Classes.UtilWindowClass
 0001:00040194       Classes.WaitForSyncEvent
 0003:00000FA4       Classes.WakeMainThread
 0001:000348B8       Classes.WriteCollection
 0001:0003EE58       Classes.WriteCollectionProp
 0001:0003EFF4       Classes.WriteFloatProp
 0001:0003F034       Classes.WriteInt64Prop
 0001:0003F458       Classes.WriteInterfaceProp
 0001:0003EDEC       Classes.WriteIntProp
 0001:0003F534       Classes.WriteMethodProp
 0001:0003F244       Classes.WriteObjectProp
 0001:0003EEFC       Classes.WriteOrdProp
 0001:0003ED00       Classes.WritePropPath
 0001:0003ED58       Classes.WriteSet
 0001:0003F070       Classes.WriteStrProp
 0001:0003F5C4       Classes.WriteVariantProp
 0004:00005178       Clipbrd..3
 0001:000712C4       Clipbrd..EClipboardException
 0001:00070E60       Clipbrd..TClipboard
 0004:00005176       Clipbrd.CF_COMPONENT
 0004:00005174       Clipbrd.CF_PICTURE
 0001:00071E44       Clipbrd.Clipboard
 0002:00000950       Clipbrd.Clipbrd
 0004:0000517C       Clipbrd.FClipboard
 0001:00071EF4       Clipbrd.Finalization
 0001:00071D8C       Clipbrd.HasAPicture
 0001:000713B0       Clipbrd.TClipboard.Adding
 0001:00071C8C       Clipbrd.TClipboard.Assign
 0001:00071C08       Clipbrd.TClipboard.AssignGraphic
 0001:00071B84       Clipbrd.TClipboard.AssignPicture
 0001:00071B1C       Clipbrd.TClipboard.AssignTo
 0001:00071A4C       Clipbrd.TClipboard.AssignToBitmap
 0001:00071AB8       Clipbrd.TClipboard.AssignToMetafile
 0001:00071994       Clipbrd.TClipboard.AssignToPicture
 0001:0007136C       Clipbrd.TClipboard.Clear
 0001:000713CC       Clipbrd.TClipboard.Close
 0001:00071EC0       Clipbrd.TClipboard.Destroy
 0001:00071CD8       Clipbrd.TClipboard.GetAsHandle
 0001:00071888       Clipbrd.TClipboard.GetAsText
 0001:000714CC       Clipbrd.TClipboard.GetComponent
 0001:00071D84       Clipbrd.TClipboard.GetFormatCount
 0001:000717E0       Clipbrd.TClipboard.GetTextBuf
 0001:00071E0C       Clipbrd.TClipboard.HasFormat
 0001:00071E64       Clipbrd.TClipboard.MainWndProc
 0001:000713F8       Clipbrd.TClipboard.Open
 0001:00071D2C       Clipbrd.TClipboard.SetAsHandle
 0001:00071908       Clipbrd.TClipboard.SetAsText
 0001:00071670       Clipbrd.TClipboard.SetBuffer
 0001:00071770       Clipbrd.TClipboard.SetComponent
 0001:00071864       Clipbrd.TClipboard.SetTextBuf
 0001:000714AC       Clipbrd.TClipboard.WndProc
 0004:00005188       ComCtrls..96
 0001:0007A120       ComCtrls..ETreeViewError
 0001:00089658       ComCtrls..TComboBoxExActionLink
 0001:000A2284       ComCtrls..TComboBoxExEnumerator
 0001:000888E8       ComCtrls..TComboBoxExStrings
 0001:0008851C       ComCtrls..TComboExItem
 0001:0008870C       ComCtrls..TComboExItems
 0001:0007E118       ComCtrls..TConversion
 0001:000890A0       ComCtrls..TCustomComboBoxEx
 0001:00082C1C       ComCtrls..TCustomListView
 0001:0007E338       ComCtrls..TCustomRichEdit
 0001:0007AAA8       ComCtrls..TCustomTreeView
 0001:0008161C       ComCtrls..TIconOptions
 0001:0007FF40       ComCtrls..TListColumn
 0001:00080304       ComCtrls..TListColumns
 0001:0007F8DC       ComCtrls..TListGroup
 0001:0007FDA0       ComCtrls..TListGroups
 0001:000804EC       ComCtrls..TListItem
 0001:00080E68       ComCtrls..TListItems
 0001:00080CC4       ComCtrls..TListItemsEnumerator
 0001:00084120       ComCtrls..TListView
 0001:000855D0       ComCtrls..TListViewActionLink
 0001:0007DC78       ComCtrls..TParaAttributes
 0001:0007CD48       ComCtrls..TProgressBar
 0001:0007EA30       ComCtrls..TRichEdit
 0001:00091308       ComCtrls..TRichEditStrings
 0001:000941C8       ComCtrls..TSubItems
 0001:0007D95C       ComCtrls..TTextAttributes
 0001:00086AFC       ComCtrls..TToolBar
 0001:00086960       ComCtrls..TToolBarEnumerator
 0001:000858E8       ComCtrls..TToolButton
 0001:00085794       ComCtrls..TToolButtonActionLink
 0001:00078998       ComCtrls..TTreeNode
 0001:000797E8       ComCtrls..TTreeNodes
 0001:000795F8       ComCtrls..TTreeNodesEnumerator
 0001:0008BE24       ComCtrls..TTreeStrings
 0001:0007BB28       ComCtrls..TTreeView
 0001:00081264       ComCtrls..TWorkArea
 0001:00081480       ComCtrls..TWorkAreas
 0001:00091CD8       ComCtrls.AdjustLineBreaks
 0001:0009376C       ComCtrls.AppendConversionFormat
 0003:00001C14       ComCtrls.Arrangements
 0003:00001C1C       ComCtrls.AutoArrange
 0003:00001BB8       ComCtrls.AutoExpandStyles
 0003:00001BF4       ComCtrls.BorderStyles
 0003:00001B70       ComCtrls.BorderStyles
 0003:00001CB0       ComCtrls.ButtonStates
 0003:00001CC0       ComCtrls.ButtonStyles
 0003:00001B88       ComCtrls.ButtonStyles
 0003:00001B68       ComCtrls.cAddMode
 0001:0009E8D0       ComCtrls.CalcSize
 0001:00089800       ComCtrls.CheckCommonControl
 0003:00001C80       ComCtrls.Codes
 0003:00001BE4       ComCtrls.Codes
 0003:00001C44       ComCtrls.ColumnClicks
 0003:00001D00       ComCtrls.ComboBoxExStyles
 0003:00001D0C       ComCtrls.ComboExStyles
 0004:0000518C       ComCtrls.ComCtlVersion
 0002:00000A1C       ComCtrls.ComCtrls
 0001:0009F1E0       ComCtrls.ContainsActiveControl
 0001:00092150       ComCtrls.ContainsPreamble
 0004:00005190       ComCtrls.ConversionFormatList
 0001:00097F3C       ComCtrls.ConvertFlags
 0001:00097DA4       ComCtrls.ConvertMask
 0001:00097F60       ComCtrls.ConvertStates
 0001:00091914       ComCtrls.CountLineBreaks
 0003:00001CF4       ComCtrls.CustomizeStyles
 0001:00096304       ComCtrls.DefaultListViewSort
 0001:000898B8       ComCtrls.DefaultTreeViewSort
 0003:00001C6C       ComCtrls.Directions
 0001:00096F0C       ComCtrls.DoBufferedPaint
 0003:00001CCC       ComCtrls.DownMessage
 0003:00001BA0       ComCtrls.DragStyles
 0003:00001B90       ComCtrls.EditStyles
 0003:00001BFC       ComCtrls.EditStyles
 0001:000A415C       ComCtrls.Finalization
 0001:000A0D68       ComCtrls.FindButton
 0003:00001CE4       ComCtrls.FlatOnXp
 0003:00001CDC       ComCtrls.FlatStyles
 0001:000A40FC       ComCtrls.FreeConversionFormatList
 0004:00005198       ComCtrls.FRichEditModule
 0003:00001C5C       ComCtrls.FullString
 0001:00095C40       ComCtrls.GetByteLength
 0001:00089828       ComCtrls.GetComCtlVersion
 0001:0009DA24       ComCtrls.GetImageBitmap
 0001:00095CBC       ComCtrls.GetListItemsFromStream
 0001:0009DCE8       ComCtrls.HasDropDownButton
 0003:00001BD0       ComCtrls.HideScrollBars
 0003:00001B98       ComCtrls.HideSelections
 0003:00001BD8       ComCtrls.HideSelections
 0003:00001C0C       ComCtrls.HideSelections
 0003:00001BC0       ComCtrls.HotTrackStyles
 0003:00001C98       ComCtrls.IAlignment
 0001:000897D4       ComCtrls.InitCommonControl
 0003:00001CFC       ComCtrls.InitDone
 0001:000A10EC       ComCtrls.InitToolMenuHooks
 0001:000A11EC       ComCtrls.InitToolMenuKeyHooks
 0001:000A15F8       ComCtrls.IsMenuBar
 0001:0009FE64       ComCtrls.IsToolButtonMouseMsg
 0004:000051AC       ComCtrls.LastMenuItem
 0004:000051B0       ComCtrls.LastMousePos
 0003:00001B78       ComCtrls.LineStyles
 0003:00001CD4       ComCtrls.ListStyles
 0004:000051A8       ComCtrls.MenuButtonIndex
 0004:000051A0       ComCtrls.MenuToolBar
 0004:000051A4       ComCtrls.MenuToolBar2
 0003:00001C04       ComCtrls.MultiSelections
 0001:0008FD14       ComCtrls.NodeInList
 0003:00001BE0       ComCtrls.Painting
 0001:0008FE7C       ComCtrls.ProgressLimitError
 0001:000967F0       ComCtrls.ReadCols
 0001:000A1124       ComCtrls.ReleaseToolMenuHooks
 0001:000A1210       ComCtrls.ReleaseToolMenuKeyHooks
 0003:00001B80       ComCtrls.RootStyles
 0003:00001BC8       ComCtrls.RowSelectStyles
 0003:00001B58       ComCtrls.RTFConversionFormat
 0003:00001BA8       ComCtrls.RTLStyles
 0001:0009FF24       ComCtrls.SendDropdownMsg
 0001:00089870       ComCtrls.SetComCtlStyle
 0004:00005194       ComCtrls.ShellModule
 0003:00001C3C       ComCtrls.ShowColumns
 0001:0008FD44       ComCtrls.SiblingNotInList
 0004:000051B8       ComCtrls.StillModal
 0001:00091F38       ComCtrls.StreamLoad
 0001:00091DB8       ComCtrls.StreamSave
 0001:000A3510       ComCtrls.TComboBoxExActionLink.AddItem
 0001:000A3580       ComCtrls.TComboBoxExActionLink.AddItem
 0001:000A35B4       ComCtrls.TComboBoxExEnumerator.Clone
 0001:000A35F8       ComCtrls.TComboBoxExEnumerator.Create
 0001:000A3634       ComCtrls.TComboBoxExEnumerator.GetCount
 0001:000A3640       ComCtrls.TComboBoxExEnumerator.GetString
 0001:000A3664       ComCtrls.TComboBoxExEnumerator.Next
 0001:000A375C       ComCtrls.TComboBoxExEnumerator.Reset
 0001:000A3770       ComCtrls.TComboBoxExEnumerator.Skip
 0001:000A2FE8       ComCtrls.TComboBoxExStrings.Add
 0001:000A33E4       ComCtrls.TComboBoxExStrings.AddItem
 0001:000A300C       ComCtrls.TComboBoxExStrings.AddObject
 0001:000A303C       ComCtrls.TComboBoxExStrings.Clear
 0001:000A30B0       ComCtrls.TComboBoxExStrings.Create
 0001:000A3140       ComCtrls.TComboBoxExStrings.Delete
 0001:000A3108       ComCtrls.TComboBoxExStrings.Destroy
 0001:000A314C       ComCtrls.TComboBoxExStrings.Exchange
 0001:000A3298       ComCtrls.TComboBoxExStrings.Get
 0001:000A32BC       ComCtrls.TComboBoxExStrings.GetCapacity
 0001:000A32C8       ComCtrls.TComboBoxExStrings.GetCount
 0001:000A3424       ComCtrls.TComboBoxExStrings.GetItemClass
 0001:000A341C       ComCtrls.TComboBoxExStrings.GetItemsClass
 0001:000A32D4       ComCtrls.TComboBoxExStrings.GetObject
 0001:000A3408       ComCtrls.TComboBoxExStrings.GetSortType
 0001:000A32EC       ComCtrls.TComboBoxExStrings.IndexOf
 0001:000A3338       ComCtrls.TComboBoxExStrings.IndexOfName
 0001:000A3340       ComCtrls.TComboBoxExStrings.Insert
 0001:000A3354       ComCtrls.TComboBoxExStrings.Move
 0001:000A3374       ComCtrls.TComboBoxExStrings.PutObject
 0001:000A3394       ComCtrls.TComboBoxExStrings.SetItems
 0001:000A3410       ComCtrls.TComboBoxExStrings.SetSortType
 0001:000A33A4       ComCtrls.TComboBoxExStrings.SetUpdateState
 0001:000A1E8C       ComCtrls.TComboExItem.Assign
 0001:000A1EE0       ComCtrls.TComboExItem.SetCaption
 0001:000A1F14       ComCtrls.TComboExItem.SetData
 0001:000A1F48       ComCtrls.TComboExItem.SetDisplayName
 0001:000A1F68       ComCtrls.TComboExItem.SetImageIndex
 0001:000A1F98       ComCtrls.TComboExItem.SetIndex
 0001:000A1FB4       ComCtrls.TComboExItem.SetOverlayImageIndex
 0001:000A1FD0       ComCtrls.TComboExItem.SetSelectedImageIndex
 0001:000A1FEC       ComCtrls.TComboExItems.Add
 0001:000A1FF8       ComCtrls.TComboExItems.AddItem
 0001:000A2060       ComCtrls.TComboExItems.GetComboItem
 0001:000A2074       ComCtrls.TComboExItems.Insert
 0001:000A20AC       ComCtrls.TComboExItems.Notify
 0001:000A211C       ComCtrls.TComboExItems.SetItem
 0001:00091250       ComCtrls.TConversion.ConvertReadStream
 0001:000912AC       ComCtrls.TConversion.ConvertWriteStream
 0001:00091218       ComCtrls.TConversion.Create
 0001:000A2CEC       ComCtrls.TCustomComboBoxEx.ActionChange
 0001:000A2768       ComCtrls.TCustomComboBoxEx.CMColorChanged
 0001:000A273C       ComCtrls.TCustomComboBoxEx.CMParentColorChanged
 0001:000A24E0       ComCtrls.TCustomComboBoxEx.CNNotify
 0001:000A2844       ComCtrls.TCustomComboBoxEx.ComboExWndProc
 0001:000A239C       ComCtrls.TCustomComboBoxEx.Create
 0001:000A2534       ComCtrls.TCustomComboBoxEx.CreateParams
 0001:000A285C       ComCtrls.TCustomComboBoxEx.CreateWnd
 0001:000A245C       ComCtrls.TCustomComboBoxEx.Destroy
 0001:000A2DD8       ComCtrls.TCustomComboBoxEx.DestroyWnd
 0001:000A2E44       ComCtrls.TCustomComboBoxEx.Focused
 0001:000A2C48       ComCtrls.TCustomComboBoxEx.GetActionLinkClass
 0001:000A2DC8       ComCtrls.TCustomComboBoxEx.GetDropDownCount
 0001:000A2BAC       ComCtrls.TCustomComboBoxEx.GetItemCount
 0001:000A2DD0       ComCtrls.TCustomComboBoxEx.GetItemHt
 0001:000A2BB8       ComCtrls.TCustomComboBoxEx.GetItemsClass
 0001:000A2BC0       ComCtrls.TCustomComboBoxEx.GetSelText
 0001:000A264C       ComCtrls.TCustomComboBoxEx.ImageListChange
 0001:000A2CB4       ComCtrls.TCustomComboBoxEx.IsItemsExStored
 0001:000A26C4       ComCtrls.TCustomComboBoxEx.Notification
 0001:000A2FA0       ComCtrls.TCustomComboBoxEx.SetAutoCompleteOptions
 0001:000A2D50       ComCtrls.TCustomComboBoxEx.SetDropDownCount
 0001:000A25B8       ComCtrls.TCustomComboBoxEx.SetImages
 0001:000A2C38       ComCtrls.TCustomComboBoxEx.SetItemsEx
 0001:000A2D90       ComCtrls.TCustomComboBoxEx.SetSelText
 0001:000A26F4       ComCtrls.TCustomComboBoxEx.SetStyle
 0001:000A2C50       ComCtrls.TCustomComboBoxEx.SetStyleEx
 0001:000A2E80       ComCtrls.TCustomComboBoxEx.UpdateAutoComplete
 0001:000A2FC8       ComCtrls.TCustomComboBoxEx.WMHelp
 0001:000A27C8       ComCtrls.TCustomComboBoxEx.WMLButtonDown
 0001:000A2678       ComCtrls.TCustomComboBoxEx.WndProc
 0001:0009B500       ComCtrls.TCustomListView.ActionChange
 0001:00098F9C       ComCtrls.TCustomListView.AddItem
 0001:000995F4       ComCtrls.TCustomListView.AlphaSort
 0001:0009B168       ComCtrls.TCustomListView.AreItemsStored
 0001:00099E74       ComCtrls.TCustomListView.Arrange
 0001:00099004       ComCtrls.TCustomListView.CanChange
 0001:000990BC       ComCtrls.TCustomListView.CanEdit
 0001:0009A9D0       ComCtrls.TCustomListView.CanvasChanged
 0001:0009904C       ComCtrls.TCustomListView.Change
 0001:00098EBC       ComCtrls.TCustomListView.ChangeScale
 0001:0009B4A0       ComCtrls.TCustomListView.Clear
 0001:0009B300       ComCtrls.TCustomListView.ClearSelection
 0001:000977FC       ComCtrls.TCustomListView.CMColorChanged
 0001:00097820       ComCtrls.TCustomListView.CMCtl3DChanged
 0001:000993C4       ComCtrls.TCustomListView.CMDrag
 0001:00097AEC       ComCtrls.TCustomListView.CMFontChanged
 0001:0009AEA0       ComCtrls.TCustomListView.CMHintShow
 0001:0009A89C       ComCtrls.TCustomListView.CNDrawItem
 0001:00097FAC       ComCtrls.TCustomListView.CNNotify
 0001:00098F2C       ComCtrls.TCustomListView.ColClick
 0001:00098F4C       ComCtrls.TCustomListView.ColRightClick
 0001:00097AD4       ComCtrls.TCustomListView.ColumnsShowing
 0001:0009B33C       ComCtrls.TCustomListView.CopySelection
 0001:00096370       ComCtrls.TCustomListView.Create
 0001:00097D5C       ComCtrls.TCustomListView.CreateListItem
 0001:00097D94       ComCtrls.TCustomListView.CreateListItems
 0001:000966C4       ComCtrls.TCustomListView.CreateParams
 0001:000968A4       ComCtrls.TCustomListView.CreateWnd
 0001:0009AAEC       ComCtrls.TCustomListView.CustomDraw
 0001:0009AB44       ComCtrls.TCustomListView.CustomDrawItem
 0001:0009ABB8       ComCtrls.TCustomListView.CustomDrawSubItem
 0001:000995B0       ComCtrls.TCustomListView.CustomSort
 0001:00099084       ComCtrls.TCustomListView.Delete
 0001:0009B3B0       ComCtrls.TCustomListView.DeleteSelected
 0001:000965AC       ComCtrls.TCustomListView.Destroy
 0001:00096BA0       ComCtrls.TCustomListView.DestroyWnd
 0001:0009A674       ComCtrls.TCustomListView.DoAutoSize
 0001:000994F8       ComCtrls.TCustomListView.DoDragOver
 0001:00099398       ComCtrls.TCustomListView.DoEndDrag
 0001:00099238       ComCtrls.TCustomListView.DoGesture
 0001:0009AFC8       ComCtrls.TCustomListView.DoInfoTip
 0001:000992B8       ComCtrls.TCustomListView.DoStartDrag
 0001:0009AC30       ComCtrls.TCustomListView.DrawItem
 0001:0009ACEC       ComCtrls.TCustomListView.DrawWorkAreas
 0001:000990E8       ComCtrls.TCustomListView.Edit
 0001:00097158       ComCtrls.TCustomListView.EditWndProc
 0001:00099948       ComCtrls.TCustomListView.FindCaption
 0001:00099A18       ComCtrls.TCustomListView.FindData
 0001:0009B4F8       ComCtrls.TCustomListView.GetActionLinkClass
 0001:000996EC       ComCtrls.TCustomListView.GetBoundingRect
 0001:0009993C       ComCtrls.TCustomListView.GetColumnFromIndex
 0001:0009B1E8       ComCtrls.TCustomListView.GetColumnFromTag
 0001:0009B458       ComCtrls.TCustomListView.GetCount
 0001:00099198       ComCtrls.TCustomListView.GetDragImages
 0001:00099BE4       ComCtrls.TCustomListView.GetDropTarget
 0001:00099C50       ComCtrls.TCustomListView.GetFocused
 0001:00099AB8       ComCtrls.TCustomListView.GetHitTestInfoAt
 0001:0009B064       ComCtrls.TCustomListView.GetHoverTime
 0001:00099CAC       ComCtrls.TCustomListView.GetImageIndex
 0001:00097DF0       ComCtrls.TCustomListView.GetItem
 0001:00099E0C       ComCtrls.TCustomListView.GetItemAt
 0001:00097C60       ComCtrls.TCustomListView.GetItemIndex
 0001:00099DA0       ComCtrls.TCustomListView.GetNearestItem
 0001:00099CCC       ComCtrls.TCustomListView.GetNextItem
 0001:0009A83C       ComCtrls.TCustomListView.GetSearchString
 0001:00097F24       ComCtrls.TCustomListView.GetSelCount
 0001:00099B64       ComCtrls.TCustomListView.GetSelected
 0001:0009ACA8       ComCtrls.TCustomListView.GetSubItemImage
 0001:000996AC       ComCtrls.TCustomListView.GetTopItem
 0001:00099690       ComCtrls.TCustomListView.GetViewOrigin
 0001:00099668       ComCtrls.TCustomListView.GetVisibleRowCount
 0001:00096F98       ComCtrls.TCustomListView.HeaderWndProc
 0001:00096C98       ComCtrls.TCustomListView.ImageListChange
 0001:00098F7C       ComCtrls.TCustomListView.InsertItem
 0001:0009A9D8       ComCtrls.TCustomListView.IsCustomDrawn
 0001:00099168       ComCtrls.TCustomListView.IsEditing
 0001:00096D20       ComCtrls.TCustomListView.Loaded
 0001:0009B1A0       ComCtrls.TCustomListView.MouseUp
 0001:00096D60       ComCtrls.TCustomListView.Notification
 0001:00097C88       ComCtrls.TCustomListView.OwnerDataFetch
 0001:00097CB0       ComCtrls.TCustomListView.OwnerDataFind
 0001:00097CFC       ComCtrls.TCustomListView.OwnerDataHint
 0001:00097D24       ComCtrls.TCustomListView.OwnerDataStateChange
 0001:00097310       ComCtrls.TCustomListView.ResetExStyles
 0001:00097418       ComCtrls.TCustomListView.RestoreChecks
 0001:0009B0F4       ComCtrls.TCustomListView.RestoreIndents
 0001:000974A4       ComCtrls.TCustomListView.SaveChecks
 0001:0009B094       ComCtrls.TCustomListView.SaveIndents
 0001:00099708       ComCtrls.TCustomListView.Scroll
 0001:0009B464       ComCtrls.TCustomListView.SelectAll
 0001:000977C4       ComCtrls.TCustomListView.SetAllocBy
 0001:000976B4       ComCtrls.TCustomListView.SetBorderStyle
 0001:00097528       ComCtrls.TCustomListView.SetCheckboxes
 0001:000976C8       ComCtrls.TCustomListView.SetColumnClick
 0001:00097738       ComCtrls.TCustomListView.SetColumnHeaders
 0001:00099C0C       ComCtrls.TCustomListView.SetDropTarget
 0001:0009768C       ComCtrls.TCustomListView.SetFlatScrollBars
 0001:00099C68       ComCtrls.TCustomListView.SetFocused
 0001:000976A0       ComCtrls.TCustomListView.SetFullDrag
 0001:000975E8       ComCtrls.TCustomListView.SetGridLines
 0001:00099728       ComCtrls.TCustomListView.SetGroupHeaderImages
 0001:0009B024       ComCtrls.TCustomListView.SetGroupView
 0001:00097B2C       ComCtrls.TCustomListView.SetHideSelection
 0001:000975FC       ComCtrls.TCustomListView.SetHotTrack
 0001:00097610       ComCtrls.TCustomListView.SetHotTrackStyles
 0001:0009AFE8       ComCtrls.TCustomListView.SetHoverTime
 0001:00097B54       ComCtrls.TCustomListView.SetIconOptions
 0001:00096C54       ComCtrls.TCustomListView.SetImageList
 0001:000976DC       ComCtrls.TCustomListView.SetItemIndex
 0001:00099584       ComCtrls.TCustomListView.SetItems
 0001:000997A4       ComCtrls.TCustomListView.SetLargeImages
 0001:00099590       ComCtrls.TCustomListView.SetListColumns
 0001:000995A0       ComCtrls.TCustomListView.SetListGroups
 0001:00097724       ComCtrls.TCustomListView.SetMultiSelect
 0001:00097638       ComCtrls.TCustomListView.SetOwnerData
 0001:00097664       ComCtrls.TCustomListView.SetOwnerDraw
 0001:00097B40       ComCtrls.TCustomListView.SetReadOnly
 0001:00097678       ComCtrls.TCustomListView.SetRowSelect
 0001:00099B7C       ComCtrls.TCustomListView.SetSelected
 0001:0009AE88       ComCtrls.TCustomListView.SetShowWorkAreas
 0001:00099818       ComCtrls.TCustomListView.SetSmallImages
 0001:0009962C       ComCtrls.TCustomListView.SetSortType
 0001:00099894       ComCtrls.TCustomListView.SetStateImages
 0001:00097778       ComCtrls.TCustomListView.SetTextBkColor
 0001:0009774C       ComCtrls.TCustomListView.SetTextColor
 0001:00097B84       ComCtrls.TCustomListView.SetViewStyle
 0001:00096C84       ComCtrls.TCustomListView.StoreGroups
 0001:00099E9C       ComCtrls.TCustomListView.StringWidth
 0001:0009A374       ComCtrls.TCustomListView.UpdateColumn
 0001:00099F00       ComCtrls.TCustomListView.UpdateColumns
 0001:0009A080       ComCtrls.TCustomListView.UpdateGroup
 0001:00099F78       ComCtrls.TCustomListView.UpdateGroups
 0001:000972F0       ComCtrls.TCustomListView.UpdateItems
 0001:00097AE0       ComCtrls.TCustomListView.ValidHeaderHandle
[...]
    56 0001:0012BE8D    57 0001:0012BE97    60 0001:0012BE9C    61 0001:0012BEA2
    62 0001:0012BEAF    64 0001:0012BEB9

Line numbers for FeatureParser(..\source\FeatureParser.pas) segment .text

    30 0001:0012C0AC    31 0001:0012C0BA    32 0001:0012C0C1    33 0001:0012C0C6
    34 0001:0012C0D2    37 0001:0012C0E4    38 0001:0012C0ED    39 0001:0012C0F7
    42 0001:0012C0FC    43 0001:0012C102    44 0001:0012C108    46 0001:0012C117
    47 0001:0012C12F    48 0001:0012C13A    49 0001:0012C13D    52 0001:0012C140
    53 0001:0012C149    54 0001:0012C153    65 0001:0012C158    66 0001:0012C17B
    68 0001:0012C197    69 0001:0012C1A6    70 0001:0012C1B4    71 0001:0012C1BE
    72 0001:0012C1C8    74 0001:0012C209    76 0001:0012C224    77 0001:0012C231
    79 0001:0012C23D    80 0001:0012C25D    81 0001:0012C273    85 0001:0012C278
    86 0001:0012C285    89 0001:0012C295    91 0001:0012C2B4    92 0001:0012C2E7
    94 0001:0012C2F2    95 0001:0012C30F    96 0001:0012C330    97 0001:0012C345
    98 0001:0012C35B   100 0001:0012C360   101 0001:0012C37E   103 0001:0012C388
   104 0001:0012C3A5   105 0001:0012C3EC   108 0001:0012C427   109 0001:0012C44C
    72 0001:0012C473   110 0001:0012C490   112 0001:0012C4B5   114 0001:0012C4C5
   116 0001:0012C6B3

Line numbers for dSpecIntf(dspec\dSpecIntf.pas) segment .text

   101 0001:00000000

Line numbers for AutoDocObjects(dspec\AutoDocObjects.pas) segment .text

    31 0001:0012CA64    32 0001:0012CA82    33 0001:0012CAB1    36 0001:0012CAF0
    37 0001:0012CB08    38 0001:0012CB12    41 0001:0012CB30    42 0001:0012CB3E
    43 0001:0012CB46    44 0001:0012CB52    49 0001:0012CB64    50 0001:0012CB86
    51 0001:0012CB97    53 0001:0012CBB4    54 0001:0012CBBE    55 0001:0012CBE0
    58 0001:0012CC34    59 0001:0012CC3D    60 0001:0012CC43    62 0001:0012CC4E
    63 0001:0012CC57    67 0001:0012CC5C    68 0001:0012CC60    72 0001:0012CC64
    73 0001:0012CC67    78 0001:0012CC68    79 0001:0012CC94    80 0001:0012CC99
    82 0001:0012CCA8    83 0001:0012CCE2    84 0001:0012CCEE    85 0001:0012CD13
    81 0001:0012CD14    87 0001:0012CD25    89 0001:0012CD67

Line numbers for dSpecUtils(dspec\dSpecUtils.pas) segment .text

    33 0001:0012CD60    34 0001:0012CD66    35 0001:0012CD74    38 0001:0012CD97
    40 0001:0012CD9E    50 0001:0012CDA8    51 0001:0012CDAA    52 0001:0012CDAF
    53 0001:0012CDB1    55 0001:0012CDB3    56 0001:0012CDB6    58 0001:0012CDB9
    59 0001:0012CDBA    60 0001:0012CDBF    61 0001:0012CDC1    62 0001:0012CDC2
    65 0001:0012CDC4    67 0001:0012CDC6    91 0001:0012CDC8    92 0001:0012CDE8
    93 0001:0012CDED    94 0001:0012CDF1    95 0001:0012CDFF    96 0001:0012CE03
    97 0001:0012CE12    98 0001:0012CE1C   100 0001:0012CE25   103 0001:0012CE36
   105 0001:0012CE3D   110 0001:0012CE64   111 0001:0012CE83   112 0001:0012CE85
   113 0001:0012CEB4   114 0001:0012CEC5   112 0001:0012CEC6   115 0001:0012CEC9
   116 0001:0012CECB   121 0001:0012CEF0   122 0001:0012CF0F   123 0001:0012CF11
   124 0001:0012CF40   125 0001:0012CF63   123 0001:0012CF64   126 0001:0012CF67
   127 0001:0012CF69   132 0001:0012CF90   133 0001:0012CFAF   134 0001:0012CFB1
   135 0001:0012CFE0   136 0001:0012D003   134 0001:0012D004   137 0001:0012D007
   138 0001:0012D009   145 0001:0012D030   146 0001:0012D03B   147 0001:0012D03D
   148 0001:0012D045   149 0001:0012D05B   150 0001:0012D066   151 0001:0012D06B
   152 0001:0012D06F   154 0001:0012D078   155 0001:0012D07B   157 0001:0012D084
   151 0001:0012D087   159 0001:0012D08B   160 0001:0012D08D   165 0001:0012D098
   166 0001:0012D0C4   167 0001:0012D0C8   168 0001:0012D0D1   170 0001:0012D0D3
   171 0001:0012D0D7   172 0001:0012D0E0   174 0001:0012D10B

Line numbers for BaseObjects(dspec\BaseObjects.pas) segment .text

    59 0001:0012D504    60 0001:0012D50A    61 0001:0012D511    65 0001:0012D514
    66 0001:0012D51E    67 0001:0012D525    68 0001:0012D52F    70 0001:0012D532
    73 0001:0012D538    74 0001:0012D54D    75 0001:0012D55C    78 0001:0012D578
    79 0001:0012D581    80 0001:0012D58A    90 0001:0012D590    91 0001:0012D5A8
    92 0001:0012D5B1    93 0001:0012D5B4    94 0001:0012D5BF    97 0001:0012D5E0
    98 0001:0012D5EE    99 0001:0012D5F3   100 0001:0012D5FB   101 0001:0012D607
   104 0001:0012D618   105 0001:0012D621   106 0001:0012D628   108 0001:0012D636
   109 0001:0012D647   111 0001:0012D652

Line numbers for FailureMessages(dspec\FailureMessages.pas) segment .text

    89 0001:00000000

Line numbers for Modifiers(dspec\Modifiers.pas) segment .text

    76 0001:0012DE54    77 0001:0012DE82    78 0001:0012DE92    79 0001:0012DE9C
    80 0001:0012DEA3    81 0001:0012DEAE    85 0001:0012DEEC    86 0001:0012DF0F
    87 0001:0012DF3C    90 0001:0012DF60    92 0001:0012DF6E    93 0001:0012DF7A
    97 0001:0012DF8C    98 0001:0012DFBC    99 0001:0012DFC2   100 0001:0012DFCA
   101 0001:0012DFCE   102 0001:0012DFD8   103 0001:0012DFE8   104 0001:0012DFF6
   107 0001:0012E01C   108 0001:0012E025   109 0001:0012E02B   110 0001:0012E033
   111 0001:0012E03F   112 0001:0012E04E   115 0001:0012E0A8   116 0001:0012E0B1
   117 0001:0012E0BA   120 0001:0012E0C0   121 0001:0012E0C9   122 0001:0012E0D2
   127 0001:0012E0D8   128 0001:0012E0FC   129 0001:0012E100   131 0001:0012E112
   132 0001:0012E11D   133 0001:0012E141   136 0001:0012E1E8   137 0001:0012E1F1
   138 0001:0012E1FA   141 0001:0012E200   142 0001:0012E21D   143 0001:0012E229
   144 0001:0012E241   150 0001:0012E278   151 0001:0012E2A6   152 0001:0012E2C2
   153 0001:0012E2D6   154 0001:0012E2EA   158 0001:0012E328   159 0001:0012E34B
   160 0001:0012E38E   167 0001:0012E3B4   168 0001:0012E3E0   169 0001:0012E3ED
   170 0001:0012E413   171 0001:0012E417   173 0001:0012E436   174 0001:0012E446
   175 0001:0012E464   181 0001:0012E538   182 0001:0012E55D   183 0001:0012E573
   184 0001:0012E577   186 0001:0012E5A3   187 0001:0012E5B3   188 0001:0012E5D4
   194 0001:0012E6AC   195 0001:0012E6EB   196 0001:0012E708   197 0001:0012E713
   198 0001:0012E71E   202 0001:0012E76C   203 0001:0012E780   204 0001:0012E7B9
   210 0001:0012E7D4   211 0001:0012E7F5   212 0001:0012E805   213 0001:0012E80D
   215 0001:0012E82C   216 0001:0012E83C   217 0001:0012E85D   219 0001:0012E937

Line numbers for Specifiers(dspec\Specifiers.pas) segment .text

   198 0001:00131318   199 0001:00131335   200 0001:00131355   203 0001:001313F0
   204 0001:0013141C   205 0001:00131434   209 0001:001314D0   210 0001:001314E5
   211 0001:001314F2   212 0001:001314F9   213 0001:00131504   216 0001:00131524
   217 0001:00131547   218 0001:0013157A   221 0001:001315A0   222 0001:001315AC
   223 0001:001315D2   226 0001:001315D8   227 0001:001315E9   228 0001:001315F1
   229 0001:001315FF   231 0001:00131617   233 0001:0013162E   239 0001:00131640
   240 0001:00131674   241 0001:0013167E   242 0001:00131684   243 0001:00131687
   245 0001:00131691   246 0001:00131697   247 0001:001316AF   248 0001:001316B3
   249 0001:001316BD   250 0001:001316D1   251 0001:001316DF   254 0001:00131720
   255 0001:00131729   256 0001:00131739   259 0001:00131740   260 0001:0013176C
   261 0001:00131784   264 0001:00131820   265 0001:00131851   266 0001:0013187F
   269 0001:00131920   270 0001:0013193D   271 0001:0013195D   274 0001:001319F0
   275 0001:00131A0D   276 0001:00131A2D   279 0001:00131AD0   280 0001:00131AED
   281 0001:00131B0D   284 0001:00131BA8   285 0001:00131BD4   286 0001:00131BEC
   289 0001:00131C84   290 0001:00131CB0   291 0001:00131CC8   294 0001:00131D60
   295 0001:00131D7D   296 0001:00131D8D   297 0001:00131DA5   300 0001:00131DDC
   301 0001:00131DF9   302 0001:00131E19   307 0001:00131EAC   308 0001:00131EC6
   309 0001:00131EE3   310 0001:00131F0C   311 0001:00131F35   312 0001:00131F3F
   315 0001:0013200C   316 0001:00132029   317 0001:00132049   320 0001:001320E4
   321 0001:00132101   322 0001:00132121   325 0001:001321B0   326 0001:001321CD
   327 0001:001321ED   330 0001:0013227C   331 0001:001322A0   332 0001:001322CD
   335 0001:00132370   336 0001:0013238D   337 0001:001323AD   340 0001:00132448
   341 0001:00132465   342 0001:00132485   345 0001:00132518   346 0001:00132535
   347 0001:00132555   350 0001:001325E8   351 0001:00132605   352 0001:00132625
   355 0001:001326B8   356 0001:001326DC   357 0001:00132709   360 0001:001327B4
   361 0001:001327D1   362 0001:001327F1   365 0001:00132884   366 0001:001328B0
   367 0001:001328C8   370 0001:00132960   371 0001:0013298C   372 0001:001329A4
   375 0001:00132A38   376 0001:00132A55   377 0001:00132A75   380 0001:00132B08
   381 0001:00132B34   382 0001:00132B4C   385 0001:00132BEC   386 0001:00132C1D
   387 0001:00132C4B   390 0001:00132CF0   391 0001:00132D14   392 0001:00132D41
   395 0001:00132DF0   396 0001:00132E1C   397 0001:00132E34   400 0001:00132ED0
   401 0001:00132EEE   402 0001:00132EFD   403 0001:00132F15   406 0001:00132F50
   407 0001:00132F6D   408 0001:00132F8D   415 0001:00133024   416 0001:00133055
   417 0001:00133084   418 0001:001330A6   423 0001:0013314C   424 0001:0013317D
   425 0001:001331AC   426 0001:001331CE   432 0001:00133274   433 0001:00133295
   434 0001:001332A2   435 0001:001332BF   436 0001:001332E0   439 0001:00133380
   440 0001:00133398   441 0001:001333AE   442 0001:001333B1   447 0001:001333D0
   448 0001:0013340D   449 0001:0013343C   450 0001:0013346B   456 0001:00133508
   457 0001:0013352B   458 0001:00133541   459 0001:0013355B   460 0001:0013357F
   465 0001:00133610   466 0001:0013364D   467 0001:0013367C   468 0001:001336AB
   473 0001:00133768   474 0001:001337A5   475 0001:001337D4   476 0001:00133803
   482 0001:001338B8   483 0001:001338DB   484 0001:001338E3   485 0001:001338FD
   486 0001:00133921   492 0001:001339C4   493 0001:001339E7   494 0001:001339FD
   495 0001:00133A17   496 0001:00133A3B   502 0001:00133AC4   503 0001:00133AE7
   504 0001:00133AEF   505 0001:00133B09   506 0001:00133B2D   512 0001:00133BD0
   513 0001:00133BF1   514 0001:00133BFB   515 0001:00133C18   516 0001:00133C39
   521 0001:00133CCC   522 0001:00133CEC   523 0001:00133D09   524 0001:00133D2C
   529 0001:00133DBC   530 0001:00133DD5   531 0001:00133DEB   532 0001:00133DEE
   537 0001:00133E10   538 0001:00133E34   539 0001:00133E78   540 0001:00133E9B
   545 0001:00133F3C   546 0001:00133F60   547 0001:00133FA4   548 0001:00133FC7
   553 0001:00134068   554 0001:001340AB   555 0001:001340F5   556 0001:00134123
   563 0001:001341CC   564 0001:001341FD   565 0001:00134233   566 0001:0013423F
   567 0001:00134267   572 0001:0013430C   573 0001:0013433D   574 0001:00134373
   575 0001:0013437F   576 0001:001343A7   579 0001:0013444C   580 0001:00134461
   581 0001:00134474   582 0001:00134488   586 0001:001344A8   587 0001:001344CB
   588 0001:00134514   593 0001:00134538   594 0001:00134575   595 0001:001345AB
   596 0001:001345B7   597 0001:001345E4   602 0001:00134680   603 0001:001346B1
   604 0001:001346E7   605 0001:001346F3   606 0001:0013471B   611 0001:001347D0
   612 0001:00134801   613 0001:00134837   614 0001:00134843   615 0001:0013486B
   621 0001:00134918   622 0001:00134939   623 0001:00134949   624 0001:00134966
   625 0001:00134987   631 0001:00134A2C   632 0001:00134A4D   633 0001:00134A5D
   634 0001:00134A7A   635 0001:00134A9B   640 0001:00134B40   641 0001:00134B5E
   642 0001:00134B7B   643 0001:00134BAA   650 0001:00134C44   651 0001:00134C64
   652 0001:00134C81   653 0001:00134CAA   658 0001:00134D3C   659 0001:00134D5C
   660 0001:00134D79   661 0001:00134DA2   667 0001:00134E54   668 0001:00134E8B
   669 0001:00134EA6   670 0001:00134EDB   671 0001:00134EE6   672 0001:00134EFF
   675 0001:00134FAC   676 0001:00134FDB   677 0001:00134FF1   678 0001:00134FFC
   682 0001:00135038   683 0001:0013505B   684 0001:00135096   689 0001:001350BC
   690 0001:001350DC   691 0001:001350F9   692 0001:0013511C   698 0001:001351AC
   699 0001:001351F6   700 0001:0013524F   701 0001:00135284   702 0001:0013528F
   703 0001:001352BF   708 0001:00135384   709 0001:001353C1   710 0001:001353EB
   711 0001:001353F6   712 0001:00135423   717 0001:001354C0   718 0001:001354E0
   719 0001:001354FD   720 0001:00135526   726 0001:001355C0   727 0001:001355FD
   728 0001:00135627   729 0001:0013565C   730 0001:00135667   731 0001:00135694
   736 0001:00135758   737 0001:00135775   738 0001:0013579D   741 0001:0013583C
   742 0001:00135854   743 0001:0013586A   744 0001:0013586D   747 0001:0013588C
   748 0001:001358A9   749 0001:001358CE   754 0001:0013595C   755 0001:00135986
   756 0001:0013598C   758 0001:001359B3   759 0001:001359F4   761 0001:00135A2B
   768 0001:00135B7C   769 0001:00135BAD   770 0001:00135BB4   772 0001:00135BDE
   773 0001:00135BF4   774 0001:00135BFC   775 0001:00135C3E   777 0001:00135C6D
   782 0001:00135DD4   783 0001:00135DFF   784 0001:00135E05   786 0001:00135E2C
   787 0001:00135E6D   789 0001:00135EA7   796 0001:00136028   797 0001:00136059
   798 0001:00136060   800 0001:0013608A   801 0001:001360A0   802 0001:001360A8
   803 0001:001360EA   805 0001:00136119   810 0001:00136288   811 0001:001362A5
   812 0001:001362CD   815 0001:0013636C   816 0001:00136384   817 0001:0013639A
   818 0001:0013639D   821 0001:001363BC   822 0001:001363D9   823 0001:001363FE
   828 0001:0013648C   829 0001:001364A4   830 0001:001364BA   831 0001:001364BD
   836 0001:001364DC   837 0001:00136507   838 0001:00136546   839 0001:00136575
   844 0001:00136630   845 0001:0013665B   846 0001:0013669A   847 0001:001366D2
   854 0001:00136798   855 0001:001367CF   856 0001:00136822   857 0001:00136848
   862 0001:001368F4   863 0001:0013692B   864 0001:0013697E   865 0001:001369A4
   868 0001:00136A50   869 0001:00136A65   870 0001:00136A78   871 0001:00136A84
   876 0001:00136AA4   877 0001:00136AE7   878 0001:00136B3A   879 0001:00136B67
   884 0001:00136C08   885 0001:00136C3F   886 0001:00136C92   887 0001:00136CB8
   892 0001:00136D74   893 0001:00136DAB   894 0001:00136DFE   895 0001:00136E24
   900 0001:00136ED8   901 0001:00136EF5   902 0001:00136F1D   906 0001:00136FC0
   907 0001:00136FEF   908 0001:00137005   909 0001:00137010   912 0001:0013704C
   913 0001:0013705A   914 0001:00137062   915 0001:0013706E   922 0001:00137080
   923 0001:001370AB   924 0001:001370B1   926 0001:001370DE   927 0001:001370E6
   928 0001:001370EA   929 0001:001370F4   930 0001:0013711B   932 0001:00137150
   934 0001:00137180   937 0001:00137358   938 0001:00137375   939 0001:0013739A
   946 0001:00137428   947 0001:0013745A   948 0001:00137460   950 0001:00137487
   951 0001:001374A1   952 0001:001374A9   953 0001:001374D1   955 0001:00137500
   957 0001:0013765F

Line numbers for dSpec(dspec\dSpec.pas) segment .text

    80 0001:00137E00    81 0001:00137E1D    82 0001:00137E25    87 0001:00137E48
    88 0001:00137E60    89 0001:00137E69    90 0001:00137E6C    93 0001:00137E88
    94 0001:00137E96    95 0001:00137E9B    96 0001:00137EA7    99 0001:00137EB8
   100 0001:00137EDC   101 0001:00137F06   102 0001:00137F2A   105 0001:00137F58
   106 0001:00137F7C   107 0001:00137FA6   108 0001:00137FC8   111 0001:00137FF8
   112 0001:0013801C   113 0001:0013804F   114 0001:00138072   117 0001:001380A0
   118 0001:001380CE   119 0001:001380F9   120 0001:0013811C   123 0001:00138150
   124 0001:0013816C   125 0001:00138196   126 0001:0013819A   128 0001:001381A6
   129 0001:001381AA   131 0001:001381C1   132 0001:001381CE   135 0001:00138210
   136 0001:0013821C   137 0001:00138246   138 0001:0013824A   140 0001:00138256
   141 0001:00138263   144 0001:00138288   145 0001:001382A4   146 0001:001382CE
   147 0001:001382D2   149 0001:001382DE   150 0001:001382F3   153 0001:00138318
   154 0001:0013833C   155 0001:0013836A   156 0001:0013838D   159 0001:001383BC
   160 0001:001383EA   161 0001:00138415   162 0001:00138438   167 0001:00138470
   168 0001:00138473   169 0001:0013847B   172 0001:00138480   173 0001:001384B5
   174 0001:001384C1   175 0001:001384D9   176 0001:001384E8   177 0001:001384F2
   178 0001:0013850A   179 0001:0013851E   182 0001:0013856C   183 0001:0013857A
   184 0001:0013858A   185 0001:0013859A   186 0001:001385A3   187 0001:001385AF
   190 0001:001385C0   191 0001:00138600   192 0001:00138616   193 0001:0013862B
   194 0001:0013865E   197 0001:001386C8   198 0001:001386D1   199 0001:001386D5
   200 0001:001386DE   203 0001:001386E4   204 0001:001386ED   205 0001:001386F7
   208 0001:001386FC   209 0001:00138705   210 0001:0013872A   213 0001:00138730
   214 0001:00138739   215 0001:00138743   218 0001:00138748   219 0001:00138763
   220 0001:00138789   221 0001:00138796   222 0001:001387AE   225 0001:001387D8
   226 0001:001387DB   227 0001:001387E8   228 0001:001387F2   233 0001:001387F4
   234 0001:001387FD   235 0001:0013880B   236 0001:0013881F   235 0001:00138864
   238 0001:00138874   240 0001:00138887   243 0001:0013888C   244 0001:001388AF
   245 0001:001388B5   246 0001:001388CD   247 0001:001388F2   250 0001:00138958
   251 0001:0013895E   252 0001:00138961   253 0001:00138968   254 0001:0013896D
   257 0001:00138970   258 0001:00138979   259 0001:00138983   260 0001:00138989
   261 0001:001389AF   264 0001:001389B4   265 0001:001389BD   266 0001:001389C7
   268 0001:001389D2

Line numbers for TestBaseClasses(TestBaseClasses.pas) segment .text

    17 0001:00138BA4    18 0001:00138BDA    19 0001:00138BE6    20 0001:00138BFA
    22 0001:00138C43

Line numbers for TestConsts(TestConsts.pas) segment .text

    15 0001:00000000

Line numbers for TestFeatureParser(TestFeatureParser.pas) segment .text

    31 0001:001390F0    32 0001:00139111    33 0001:0013911F    34 0001:0013916C
    39 0001:001391B8    40 0001:001391D9    41 0001:001391E7    42 0001:00139253
    47 0001:001392F8    48 0001:00139319    49 0001:00139327    50 0001:0013936B
    51 0001:001393BA    56 0001:0013946C    57 0001:0013948E    58 0001:0013949C
    59 0001:0013950F    60 0001:001395AA    63 0001:00139690    64 0001:001396AB
    65 0001:001396CB    66 0001:0013970E    69 0001:00139748    70 0001:0013974E
    71 0001:00139759    76 0001:0013975C    77 0001:00139778    78 0001:00139786
    79 0001:001397C3    80 0001:001397CB

Line numbers for TestFeatureParser(TestFeatureParser.pas) segment .itext

    82 0002:00000C84    83 0002:00000CA0    84 0002:00000CB5

Line numbers for TestFeature(TestFeature.pas) segment .text

    27 0001:00139B68    28 0001:00139B83    29 0001:00139BB0    30 0001:00139BEC
    33 0001:00139C30    34 0001:00139C51    35 0001:00139C8D    36 0001:00139CBA
    37 0001:00139CF6    40 0001:00139D58    41 0001:00139D5E    42 0001:00139D7E
    45 0001:00139D84    46 0001:00139D8A    47 0001:00139D95

Line numbers for TestFeature(TestFeature.pas) segment .itext

    49 0002:00000CD8    51 0002:00000CF4    52 0002:00000D09

Line numbers for TestScenario(TestScenario.pas) segment .text

    25 0001:0013A054    26 0001:0013A05A    27 0001:0013A07A    30 0001:0013A080
    31 0001:0013A086    32 0001:0013A091    35 0001:0013A094    36 0001:0013A0B5
    37 0001:0013A0F1    38 0001:0013A11E    39 0001:0013A15A

Line numbers for TestScenario(TestScenario.pas) segment .itext

    41 0002:00000D2C    43 0002:00000D48    44 0002:00000D5D

Line numbers for dCucuberListIntf(..\source\dCucuberListIntf.pas) segment .text

    22 0001:00000000

Line numbers for dCucumberTests(dCucumberTests.dpr) segment .itext

    50 0002:00000D80    51 0002:00000D90    52 0002:00000D9C    53 0002:00000DA6
    54 0002:00000DAD    56 0002:00000DB4    57 0002:00000DB9

Bound resource files

c:\program files (x86)\embarcadero\rad studio\7.0\lib\character.res
c:\program files (x86)\embarcadero\rad studio\7.0\lib\Controls.res
c:\program files (x86)\embarcadero\rad studio\7.0\lib\Buttons.res
c:\program files (x86)\embarcadero\rad studio\7.0\Source\DUnit\src\GUITestRunner.DFM
dCucumberTests.RES
dCucumberTests.drf


Program entry point at 0002:00000D80
