
 Start         Length     Name                   Class
 0001:00401000 0013C4FCH .text                   CODE
 0002:0053E000 00000D18H .itext                  ICODE
 0003:0053F000 00011090H .data                   DATA
 0004:00551000 00005350H .bss                    BSS
 0005:00000000 00000048H .tls                    TLS


Detailed map of segments

 0001:00000000 00009CD9 C=CODE     S=.text    G=(none)   M=System   ACBP=A9
 0001:00009CDC 0000010D C=CODE     S=.text    G=(none)   M=SysInit  ACBP=A9
 0001:00009DEC 00000485 C=CODE     S=.text    G=(none)   M=Types    ACBP=A9
 0001:0000A274 00001C29 C=CODE     S=.text    G=(none)   M=Windows  ACBP=A9
 0001:0000BEA0 0000026D C=CODE     S=.text    G=(none)   M=Messages ACBP=A9
 0001:0000C110 00000192 C=CODE     S=.text    G=(none)   M=ActiveX  ACBP=A9
 0001:0000C2A4 0000065C C=CODE     S=.text    G=(none)   M=CommCtrl ACBP=A9
 0001:0000C900 00000348 C=CODE     S=.text    G=(none)   M=SysConst ACBP=A9
 0001:0000CC48 000001F8 C=CODE     S=.text    G=(none)   M=RTLConsts ACBP=A9
 0001:0000CE40 00000230 C=CODE     S=.text    G=(none)   M=Character ACBP=A9
 0001:0000D070 00000104 C=CODE     S=.text    G=(none)   M=Math     ACBP=A9
 0001:0000D174 00000229 C=CODE     S=.text    G=(none)   M=StrUtils ACBP=A9
 0001:0000D3A0 00010B9F C=CODE     S=.text    G=(none)   M=SysUtils ACBP=A9
 0001:0001DF40 000007D3 C=CODE     S=.text    G=(none)   M=VarUtils ACBP=A9
 0001:0001E714 00008214 C=CODE     S=.text    G=(none)   M=Variants ACBP=A9
 0001:00026928 0000180B C=CODE     S=.text    G=(none)   M=TypInfo  ACBP=A9
 0001:00028134 0001A780 C=CODE     S=.text    G=(none)   M=Classes  ACBP=A9
 0001:000428B4 000002B0 C=CODE     S=.text    G=(none)   M=TimeSpan ACBP=A9
 0001:00042B64 000014EB C=CODE     S=.text    G=(none)   M=SyncObjs ACBP=A9
 0001:00044050 00000D46 C=CODE     S=.text    G=(none)   M=UxTheme  ACBP=A9
 0001:00044D98 0000005B C=CODE     S=.text    G=(none)   M=Dwmapi   ACBP=A9
 0001:00044DF4 0000038D C=CODE     S=.text    G=(none)   M=Contnrs  ACBP=A9
 0001:00045184 00001FDE C=CODE     S=.text    G=(none)   M=HelpIntfs ACBP=A9
 0001:00047164 0000086B C=CODE     S=.text    G=(none)   M=MultiMon ACBP=A9
 0001:000479D0 00000094 C=CODE     S=.text    G=(none)   M=Wincodec ACBP=A9
 0001:00047A64 00000378 C=CODE     S=.text    G=(none)   M=Consts   ACBP=A9
 0001:00047DDC 00000AC4 C=CODE     S=.text    G=(none)   M=IOUtils  ACBP=A9
 0001:000488A0 00003E43 C=CODE     S=.text    G=(none)   M=IniFiles ACBP=A9
 0001:0004C6E4 000056DA C=CODE     S=.text    G=(none)   M=Registry ACBP=A9
 0001:00051DC0 00011AC4 C=CODE     S=.text    G=(none)   M=Graphics ACBP=A9
 0001:00063884 000021DA C=CODE     S=.text    G=(none)   M=GraphUtil ACBP=A9
 0001:00065A60 00000035 C=CODE     S=.text    G=(none)   M=ShlObj   ACBP=A9
 0001:00065A98 000083C4 C=CODE     S=.text    G=(none)   M=StdCtrls ACBP=A9
 0001:0006DE5C 00000D62 C=CODE     S=.text    G=(none)   M=ToolWin  ACBP=A9
 0001:0006EBC0 0000003C C=CODE     S=.text    G=(none)   M=RichEdit ACBP=A9
 0001:0006EBFC 00000026 C=CODE     S=.text    G=(none)   M=WinSpool ACBP=A9
 0001:0006EC24 00001DDB C=CODE     S=.text    G=(none)   M=Printers ACBP=A9
 0001:00070A00 00000047 C=CODE     S=.text    G=(none)   M=WideStrUtils ACBP=A9
 0001:00070A48 000010A7 C=CODE     S=.text    G=(none)   M=Clipbrd  ACBP=A9
 0001:00071AF0 00000048 C=CODE     S=.text    G=(none)   M=ComStrs  ACBP=A9
 0001:00071B38 0000406F C=CODE     S=.text    G=(none)   M=ExtCtrls ACBP=A9
 0001:00075BA8 0000275E C=CODE     S=.text    G=(none)   M=ListActns ACBP=A9
 0001:00078308 0002BAB9 C=CODE     S=.text    G=(none)   M=ComCtrls ACBP=A9
 0001:000A3DC4 00005244 C=CODE     S=.text    G=(none)   M=Dialogs  ACBP=A9
 0001:000A9008 00000189 C=CODE     S=.text    G=(none)   M=StdActns ACBP=A9
 0001:000A9194 00000387 C=CODE     S=.text    G=(none)   M=FlatSB   ACBP=A9
 0001:000A951C 00009E75 C=CODE     S=.text    G=(none)   M=Menus    ACBP=A9
 0001:000B3394 00020180 C=CODE     S=.text    G=(none)   M=Controls ACBP=A9
 0001:000D3514 0000580E C=CODE     S=.text    G=(none)   M=Themes   ACBP=A9
 0001:000D8D24 00003961 C=CODE     S=.text    G=(none)   M=ImgList  ACBP=A9
 0001:000DC688 00002937 C=CODE     S=.text    G=(none)   M=ActnList ACBP=A9
 0001:000DEFC0 000156FD C=CODE     S=.text    G=(none)   M=Forms    ACBP=A9
 0001:000F46C0 0000C3AB C=CODE     S=.text    G=(none)   M=TestFramework ACBP=A9
 0001:00100A6C 000000A6 C=CODE     S=.text    G=(none)   M=Buttons  ACBP=A9
 0001:00100B14 0000A487 C=CODE     S=.text    G=(none)   M=GUITestRunner ACBP=A9
 0001:0010AF9C 000018E6 C=CODE     S=.text    G=(none)   M=TextTestRunner ACBP=A9
 0001:0010C884 00000035 C=CODE     S=.text    G=(none)   M=FeatureIntf ACBP=A9
 0001:0010C8BC 00000041 C=CODE     S=.text    G=(none)   M=FeatureParserIntf ACBP=A9
 0001:0010C900 000002EF C=CODE     S=.text    G=(none)   M=Feature  ACBP=A9
 0001:0010CBF0 00011AE4 C=CODE     S=.text    G=(none)   M=pcre     ACBP=A9
 0001:0011E6D4 00003070 C=CODE     S=.text    G=(none)   M=PerlRegEx ACBP=A9
 0001:00121744 00008F5E C=CODE     S=.text    G=(none)   M=TypeUtils ACBP=A9
 0001:0012A6A4 0000039F C=CODE     S=.text    G=(none)   M=FeatureParser ACBP=A9
 0001:0012AA44 00000140 C=CODE     S=.text    G=(none)   M=dSpecIntf ACBP=A9
 0001:0012AB84 00000574 C=CODE     S=.text    G=(none)   M=AutoDocObjects ACBP=A9
 0001:0012B0F8 000003A4 C=CODE     S=.text    G=(none)   M=dSpecUtils ACBP=A9
 0001:0012B49C 00000547 C=CODE     S=.text    G=(none)   M=BaseObjects ACBP=A9
 0001:0012B9E4 000012E4 C=CODE     S=.text    G=(none)   M=Modifiers ACBP=A9
 0001:0012CCC8 00008D28 C=CODE     S=.text    G=(none)   M=Specifiers ACBP=A9
 0001:001359F0 00001373 C=CODE     S=.text    G=(none)   M=dSpec    ACBP=A9
 0001:00136D64 00000010 C=CODE     S=.text    G=(none)   M=TestConsts ACBP=A9
 0001:00136D74 0000088B C=CODE     S=.text    G=(none)   M=TestFeatureParser ACBP=A9
 0001:00137600 00004EFA C=CODE     S=.text    G=(none)   M=dCucumberTests ACBP=A9
 0002:00000000 000000AA C=ICODE    S=.itext   G=(none)   M=System   ACBP=A9
 0002:000000AC 00000016 C=ICODE    S=.itext   G=(none)   M=Windows  ACBP=A9
 0002:000000C4 000000B4 C=ICODE    S=.itext   G=(none)   M=SysUtils ACBP=A9
 0002:00000178 0000000F C=ICODE    S=.itext   G=(none)   M=VarUtils ACBP=A9
 0002:00000188 000000AA C=ICODE    S=.itext   G=(none)   M=Variants ACBP=A9
 0002:00000234 00000008 C=ICODE    S=.itext   G=(none)   M=TypInfo  ACBP=A9
 0002:0000023C 0000009D C=ICODE    S=.itext   G=(none)   M=Classes  ACBP=A9
 0002:000002DC 00000032 C=ICODE    S=.itext   G=(none)   M=TimeSpan ACBP=A9
 0002:00000310 0000000F C=ICODE    S=.itext   G=(none)   M=SyncObjs ACBP=A9
 0002:00000320 0000001B C=ICODE    S=.itext   G=(none)   M=UxTheme  ACBP=A9
 0002:0000033C 00000008 C=ICODE    S=.itext   G=(none)   M=HelpIntfs ACBP=A9
 0002:00000344 0000000F C=ICODE    S=.itext   G=(none)   M=MultiMon ACBP=A9
 0002:00000354 00000460 C=ICODE    S=.itext   G=(none)   M=IOUtils  ACBP=A9
 0002:000007B4 00000008 C=ICODE    S=.itext   G=(none)   M=IniFiles ACBP=A9
 0002:000007BC 00000008 C=ICODE    S=.itext   G=(none)   M=Registry ACBP=A9
 0002:000007C4 000000FB C=ICODE    S=.itext   G=(none)   M=Graphics ACBP=A9
 0002:000008C0 00000086 C=ICODE    S=.itext   G=(none)   M=GraphUtil ACBP=A9
 0002:00000948 00000008 C=ICODE    S=.itext   G=(none)   M=Printers ACBP=A9
 0002:00000950 00000078 C=ICODE    S=.itext   G=(none)   M=Clipbrd  ACBP=A9
 0002:000009C8 00000054 C=ICODE    S=.itext   G=(none)   M=ExtCtrls ACBP=A9
 0002:00000A1C 00000039 C=ICODE    S=.itext   G=(none)   M=ComCtrls ACBP=A9
 0002:00000A58 0000003D C=ICODE    S=.itext   G=(none)   M=Dialogs  ACBP=A9
 0002:00000A98 0000000F C=ICODE    S=.itext   G=(none)   M=FlatSB   ACBP=A9
 0002:00000AA8 00000085 C=ICODE    S=.itext   G=(none)   M=Menus    ACBP=A9
 0002:00000B30 00000088 C=ICODE    S=.itext   G=(none)   M=Controls ACBP=A9
 0002:00000BB8 00000008 C=ICODE    S=.itext   G=(none)   M=Themes   ACBP=A9
 0002:00000BC0 0000002A C=ICODE    S=.itext   G=(none)   M=ActnList ACBP=A9
 0002:00000BEC 0000005C C=ICODE    S=.itext   G=(none)   M=Forms    ACBP=A9
 0002:00000C48 0000000C C=ICODE    S=.itext   G=(none)   M=TestFramework ACBP=A9
 0002:00000C54 00000025 C=ICODE    S=.itext   G=(none)   M=Buttons  ACBP=A9
 0002:00000C7C 00000008 C=ICODE    S=.itext   G=(none)   M=TextTestRunner ACBP=A9
 0002:00000C84 00000051 C=ICODE    S=.itext   G=(none)   M=TestFeatureParser ACBP=A9
 0002:00000CD8 0000003E C=ICODE    S=.itext   G=(none)   M=dCucumberTests ACBP=A9
 0003:00000000 000009F8 C=DATA     S=.data    G=DGROUP   M=System   ACBP=A9
 0003:000009F8 00000024 C=DATA     S=.data    G=DGROUP   M=SysInit  ACBP=A9
 0003:00000A1C 0000000C C=DATA     S=.data    G=DGROUP   M=Windows  ACBP=A9
 0003:00000A28 00000010 C=DATA     S=.data    G=DGROUP   M=ActiveX  ACBP=A9
 0003:00000A38 00000100 C=DATA     S=.data    G=DGROUP   M=Character ACBP=A9
 0003:00000B38 000002E0 C=DATA     S=.data    G=DGROUP   M=SysUtils ACBP=A9
 0003:00000E18 00000008 C=DATA     S=.data    G=DGROUP   M=VarUtils ACBP=A9
 0003:00000E20 00000152 C=DATA     S=.data    G=DGROUP   M=Variants ACBP=A9
 0003:00000F74 0000000C C=DATA     S=.data    G=DGROUP   M=TypInfo  ACBP=A9
 0003:00000F80 00000134 C=DATA     S=.data    G=DGROUP   M=Classes  ACBP=A9
 0003:000010B4 00000090 C=DATA     S=.data    G=DGROUP   M=Wincodec ACBP=A9
 0003:00001144 00000030 C=DATA     S=.data    G=DGROUP   M=IOUtils  ACBP=A9
 0003:00001174 0000000C C=DATA     S=.data    G=DGROUP   M=IniFiles ACBP=A9
 0003:00001180 00000024 C=DATA     S=.data    G=DGROUP   M=Registry ACBP=A9
 0003:000011A4 000003C8 C=DATA     S=.data    G=DGROUP   M=Graphics ACBP=A9
 0003:0000156C 000004B8 C=DATA     S=.data    G=DGROUP   M=GraphUtil ACBP=A9
 0003:00001A24 00000010 C=DATA     S=.data    G=DGROUP   M=ShlObj   ACBP=A9
 0003:00001A34 000000D8 C=DATA     S=.data    G=DGROUP   M=StdCtrls ACBP=A9
 0003:00001B0C 00000020 C=DATA     S=.data    G=DGROUP   M=ToolWin  ACBP=A9
 0003:00001B2C 0000000C C=DATA     S=.data    G=DGROUP   M=Printers ACBP=A9
 0003:00001B38 00000020 C=DATA     S=.data    G=DGROUP   M=ExtCtrls ACBP=A9
 0003:00001B58 000001C8 C=DATA     S=.data    G=DGROUP   M=ComCtrls ACBP=A9
 0003:00001D20 00000198 C=DATA     S=.data    G=DGROUP   M=Dialogs  ACBP=A9
 0003:00001EB8 00000144 C=DATA     S=.data    G=DGROUP   M=Menus    ACBP=A9
 0003:00001FFC 000001BC C=DATA     S=.data    G=DGROUP   M=Controls ACBP=A9
 0003:000021B8 00000068 C=DATA     S=.data    G=DGROUP   M=Themes   ACBP=A9
 0003:00002220 00000048 C=DATA     S=.data    G=DGROUP   M=ImgList  ACBP=A9
 0003:00002268 00000144 C=DATA     S=.data    G=DGROUP   M=Forms    ACBP=A9
 0003:000023AC 00000014 C=DATA     S=.data    G=DGROUP   M=TestFramework ACBP=A9
 0003:000023C0 0000002C C=DATA     S=.data    G=DGROUP   M=Buttons  ACBP=A9
 0003:000023EC 00000004 C=DATA     S=.data    G=DGROUP   M=TextTestRunner ACBP=A9
 0003:000023F0 0000E6B0 C=DATA     S=.data    G=DGROUP   M=pcre     ACBP=A9
 0004:00000000 00002C38 C=BSS      S=.bss     G=DGROUP   M=System   ACBP=A9
 0004:00002C38 0000000C C=BSS      S=.bss     G=DGROUP   M=SysInit  ACBP=A9
 0004:00002C44 00000008 C=BSS      S=.bss     G=DGROUP   M=Windows  ACBP=A9
 0004:00002C4C 0000000C C=BSS      S=.bss     G=DGROUP   M=CommCtrl ACBP=A9
 0004:00002C58 0000001C C=BSS      S=.bss     G=DGROUP   M=Character ACBP=A9
 0004:00002C74 00002240 C=BSS      S=.bss     G=DGROUP   M=SysUtils ACBP=A9
 0004:00004EB4 0000005C C=BSS      S=.bss     G=DGROUP   M=VarUtils ACBP=A9
 0004:00004F10 00000040 C=BSS      S=.bss     G=DGROUP   M=Variants ACBP=A9
 0004:00004F50 00000004 C=BSS      S=.bss     G=DGROUP   M=TypInfo  ACBP=A9
 0004:00004F54 00000048 C=BSS      S=.bss     G=DGROUP   M=Classes  ACBP=A9
 0004:00004F9C 00000014 C=BSS      S=.bss     G=DGROUP   M=TimeSpan ACBP=A9
 0004:00004FB0 00000018 C=BSS      S=.bss     G=DGROUP   M=SyncObjs ACBP=A9
 0004:00004FC8 000000CC C=BSS      S=.bss     G=DGROUP   M=UxTheme  ACBP=A9
 0004:00005094 00000008 C=BSS      S=.bss     G=DGROUP   M=HelpIntfs ACBP=A9
 0004:0000509C 00000031 C=BSS      S=.bss     G=DGROUP   M=MultiMon ACBP=A9
 0004:000050D0 00000024 C=BSS      S=.bss     G=DGROUP   M=IOUtils  ACBP=A9
 0004:000050F4 00000004 C=BSS      S=.bss     G=DGROUP   M=IniFiles ACBP=A9
 0004:000050F8 00000004 C=BSS      S=.bss     G=DGROUP   M=Registry ACBP=A9
 0004:000050FC 00000064 C=BSS      S=.bss     G=DGROUP   M=Graphics ACBP=A9
 0004:00005160 00000010 C=BSS      S=.bss     G=DGROUP   M=GraphUtil ACBP=A9
 0004:00005170 00000004 C=BSS      S=.bss     G=DGROUP   M=Printers ACBP=A9
 0004:00005174 0000000C C=BSS      S=.bss     G=DGROUP   M=Clipbrd  ACBP=A9
 0004:00005180 00000008 C=BSS      S=.bss     G=DGROUP   M=ExtCtrls ACBP=A9
 0004:00005188 00000038 C=BSS      S=.bss     G=DGROUP   M=ComCtrls ACBP=A9
 0004:000051C0 0000003C C=BSS      S=.bss     G=DGROUP   M=Dialogs  ACBP=A9
 0004:000051FC 00000034 C=BSS      S=.bss     G=DGROUP   M=FlatSB   ACBP=A9
 0004:00005230 00000010 C=BSS      S=.bss     G=DGROUP   M=Menus    ACBP=A9
 0004:00005240 0000008C C=BSS      S=.bss     G=DGROUP   M=Controls ACBP=A9
 0004:000052CC 0000000C C=BSS      S=.bss     G=DGROUP   M=Themes   ACBP=A9
 0004:000052D8 00000008 C=BSS      S=.bss     G=DGROUP   M=ImgList  ACBP=A9
 0004:000052E0 00000004 C=BSS      S=.bss     G=DGROUP   M=ActnList ACBP=A9
 0004:000052E4 00000028 C=BSS      S=.bss     G=DGROUP   M=Forms    ACBP=A9
 0004:0000530C 00000004 C=BSS      S=.bss     G=DGROUP   M=TestFramework ACBP=A9
 0004:00005310 00000030 C=BSS      S=.bss     G=DGROUP   M=Buttons  ACBP=A9
 0004:00005340 00000004 C=BSS      S=.bss     G=DGROUP   M=TextTestRunner ACBP=A9
 0004:00005344 00000008 C=BSS      S=.bss     G=DGROUP   M=pcre     ACBP=A9
 0004:0000534C 00000004 C=BSS      S=.bss     G=DGROUP   M=TestFeatureParser ACBP=A9
 0005:00000000 00000008 C=TLS      S=.tls     G=(none)   M=System   ACBP=A9
 0005:00000008 0000000C C=TLS      S=.tls     G=(none)   M=Classes  ACBP=A9
 0005:00000014 00000004 C=TLS      S=.tls     G=(none)   M=SyncObjs ACBP=A9
 0005:00000018 00000030 C=TLS      S=.tls     G=(none)   M=GraphUtil ACBP=A9


  Address             Publics by Name

 0001:0000C27C       ActiveX.CoCreateInstance
 0001:0000C284       ActiveX.CoTaskMemAlloc
 0001:0000C28C       ActiveX.CoTaskMemFree
 0003:00000A28       ActiveX.GUID_NULL
 0001:0000C274       ActiveX.IsEqualGUID
 0001:0000C294       ActiveX.OleInitialize
 0001:0000C29C       ActiveX.OleUninitialize
 0004:000052E0       ActnList..9
 0001:000DDA3C       ActnList..TAction
 0001:000DDE0C       ActnList..TActionLink
 0001:000DD014       ActnList..TActionList
 0001:000DC990       ActnList..TActionListEnumerator
 0001:000DC688       ActnList..TContainedAction
 0001:000DD408       ActnList..TCustomAction
 0001:000DCC00       ActnList..TCustomActionList
 0001:000DD1E0       ActnList..TShortCutList
 0002:00000BC0       ActnList.ActnList
 0001:000DEFB8       ActnList.Finalization
 0001:000DEF38       ActnList.TAction.Create
 0001:000DE5C4       ActnList.TActionLink.IsCaptionLinked
 0001:000DE5D8       ActnList.TActionLink.IsCheckedLinked
 0001:000DE5EC       ActnList.TActionLink.IsEnabledLinked
 0001:000DE600       ActnList.TActionLink.IsGroupIndexLinked
 0001:000DE614       ActnList.TActionLink.IsHelpContextLinked
 0001:000DE628       ActnList.TActionLink.IsHelpLinked
 0001:000DE63C       ActnList.TActionLink.IsHintLinked
 0001:000DE650       ActnList.TActionLink.IsImageIndexLinked
 0001:000DE664       ActnList.TActionLink.IsShortCutLinked
 0001:000DE678       ActnList.TActionLink.IsVisibleLinked
 0001:000DE68C       ActnList.TActionLink.SetAutoCheck
 0001:000DE690       ActnList.TActionLink.SetCaption
 0001:000DE694       ActnList.TActionLink.SetChecked
 0001:000DE698       ActnList.TActionLink.SetEnabled
 0001:000DE69C       ActnList.TActionLink.SetGroupIndex
 0001:000DE6A0       ActnList.TActionLink.SetHelpContext
 0001:000DE6A4       ActnList.TActionLink.SetHelpKeyword
 0001:000DE6A8       ActnList.TActionLink.SetHelpType
 0001:000DE6AC       ActnList.TActionLink.SetHint
 0001:000DE6B0       ActnList.TActionLink.SetImageIndex
 0001:000DE6B4       ActnList.TActionLink.SetShortCut
 0001:000DE6B8       ActnList.TActionLink.SetVisible
 0001:000DE128       ActnList.TActionListEnumerator.Create
 0001:000DE16C       ActnList.TActionListEnumerator.GetCurrent
 0001:000DE178       ActnList.TActionListEnumerator.MoveNext
 0001:000DDF14       ActnList.TContainedAction.Destroy
 0001:000DE080       ActnList.TContainedAction.Execute
 0001:000DDF48       ActnList.TContainedAction.GetIndex
 0001:000DDF64       ActnList.TContainedAction.GetParentComponent
 0001:000DDF74       ActnList.TContainedAction.HasParent
 0001:000DDF60       ActnList.TContainedAction.IsCategoryStored
 0001:000DDF84       ActnList.TContainedAction.ReadState
 0001:000DE02C       ActnList.TContainedAction.SetActionList
 0001:000DE000       ActnList.TContainedAction.SetCategory
 0001:000DDFB8       ActnList.TContainedAction.SetIndex
 0001:000DE054       ActnList.TContainedAction.SetParentComponent
 0001:000DE0D8       ActnList.TContainedAction.Update
 0001:000DE768       ActnList.TCustomAction.AssignTo
 0001:000DE6BC       ActnList.TCustomAction.Create
 0001:000DE710       ActnList.TCustomAction.Destroy
 0001:000DEDF4       ActnList.TCustomAction.DoHint
 0001:000DEE1C       ActnList.TCustomAction.Execute
 0001:000DEE80       ActnList.TCustomAction.GetSecondaryShortCuts
 0001:000DEF00       ActnList.TCustomAction.HandleShortCut
 0001:000DEEDC       ActnList.TCustomAction.IsSecondaryShortCutsStored
 0001:000DE874       ActnList.TCustomAction.SetAutoCheck
 0001:000DE8D4       ActnList.TCustomAction.SetCaption
 0001:000DE934       ActnList.TCustomAction.SetChecked
 0001:000DEA3C       ActnList.TCustomAction.SetEnabled
 0001:000DEAB8       ActnList.TCustomAction.SetGroupIndex
 0001:000DEBD0       ActnList.TCustomAction.SetHelpContext
 0001:000DEB68       ActnList.TCustomAction.SetHelpKeyword
 0001:000DEB10       ActnList.TCustomAction.SetHelpType
 0001:000DEC28       ActnList.TCustomAction.SetHint
 0001:000DEC88       ActnList.TCustomAction.SetImageIndex
 0001:000DEDA8       ActnList.TCustomAction.SetName
 0001:000DEEA8       ActnList.TCustomAction.SetSecondaryShortCuts
 0001:000DECE4       ActnList.TCustomAction.SetShortCut
 0001:000DED48       ActnList.TCustomAction.SetVisible
 0001:000DE38C       ActnList.TCustomActionList.AddAction
 0001:000DE3D4       ActnList.TCustomActionList.Change
 0001:000DE194       ActnList.TCustomActionList.Create
 0001:000DE200       ActnList.TCustomActionList.Destroy
 0001:000DE4E0       ActnList.TCustomActionList.ExecuteAction
 0001:000DE2D0       ActnList.TCustomActionList.GetAction
 0001:000DE2E4       ActnList.TCustomActionList.GetActionCount
 0001:000DE258       ActnList.TCustomActionList.GetChildren
 0001:000DE2EC       ActnList.TCustomActionList.GetEnumerator
 0001:000DE330       ActnList.TCustomActionList.ImageListChange
 0001:000DE43C       ActnList.TCustomActionList.IsShortCut
 0001:000DE33C       ActnList.TCustomActionList.Notification
 0001:000DE3AC       ActnList.TCustomActionList.RemoveAction
 0001:000DE2A0       ActnList.TCustomActionList.SetChildOrder
 0001:000DE2FC       ActnList.TCustomActionList.SetImages
 0001:000DE520       ActnList.TCustomActionList.SetState
 0001:000DE500       ActnList.TCustomActionList.UpdateAction
 0001:000DEF0C       ActnList.TShortCutList.Add
 0001:000DEF74       ActnList.TShortCutList.IndexOfShortCut
 0001:0012AC00       AutoDocObjects..TBaseAutoDoc
 0001:0012ADFC       AutoDocObjects.TBaseAutoDoc.BeginSpec
 0001:0012AE88       AutoDocObjects.TBaseAutoDoc.Create
 0001:0012AEC8       AutoDocObjects.TBaseAutoDoc.Destroy
 0001:0012AEFC       AutoDocObjects.TBaseAutoDoc.DocSpec
 0001:0012AFCC       AutoDocObjects.TBaseAutoDoc.DoOutput
 0001:0012AFF4       AutoDocObjects.TBaseAutoDoc.GetEnabled
 0001:0012AFFC       AutoDocObjects.TBaseAutoDoc.SetEnabled
 0001:0012B000       AutoDocObjects.TBaseAutoDoc.SplitCamelCaseString
 0001:0012B5A0       BaseObjects..TFailureList
 0001:0012B49C       BaseObjects..TFailureListItem
 0001:0012B718       BaseObjects..TFailureReportingObject
 0001:0012B89C       BaseObjects.TFailureList.Add
 0001:0012B8AC       BaseObjects.TFailureList.AddFailure
 0001:0012B8D0       BaseObjects.TFailureList.Create
 0001:0012B910       BaseObjects.TFailureList.GetItem
 0001:0012B928       BaseObjects.TFailureReportingObject.Create
 0001:0012B978       BaseObjects.TFailureReportingObject.Destroy
 0001:0012B9B0       BaseObjects.TFailureReportingObject.Fail
 0004:00005310       Buttons..5
 0003:000023C0       Buttons.BitBtnCaptions
 0004:00005314       Buttons.BitBtnGlyphs
 0002:00000C54       Buttons.Buttons
 0001:00100A6C       Buttons.DestroyLocals
 0001:00100B04       Buttons.Finalization
 0004:00002C64       Character.CategoryTable
 0004:00002C5C       Character.CatIndexPrimary
 0004:00002C60       Character.CatIndexSecondary
 0004:00002C58       Character.DataTable
 0003:00000A38       Character.Latin1Categories
 0004:00002C70       Character.NumericValueTable
 0004:00002C68       Character.NumIndexPrimary
 0004:00002C6C       Character.NumIndexSecondary
 0001:0000CE40       Character.TCharacter.CheckLetter
 0001:0000CE4C       Character.TCharacter.CheckLetterOrDigit
 0001:0000CF68       Character.TCharacter.GetUnicodeCategory
 0001:0000CFC8       Character.TCharacter.Initialize
 0001:0000CF5C       Character.TCharacter.IsAscii
 0001:0000CE5C       Character.TCharacter.IsLatin1
 0001:0000CE68       Character.TCharacter.IsLetter
 0001:0000CEF4       Character.TCharacter.IsLetterOrDigit
 0004:00004F64       Classes..66
 0001:00028AC4       Classes..EBitsError
 0001:0002885C       Classes..EClassNotFound
 0001:00028BFC       Classes..EComponentError
 0001:00028564       Classes..EFCreateError
 0001:00028698       Classes..EFilerError
 0001:00028468       Classes..EFileStreamError
 0001:00028600       Classes..EFOpenError
 0001:000288F8       Classes..EInvalidImage
 0001:00028D3C       Classes..EInvalidOperation
 0001:00028A30       Classes..EListError
 0001:00028C9C       Classes..EOutOfResources
 0001:00028730       Classes..EReadError
 0001:00028994       Classes..EResNotFound
 0001:000283CC       Classes..EStreamError
 0001:00028B58       Classes..EStringListError
 0001:00030578       Classes..EThread
 0001:000287C4       Classes..EWriteError
 0001:00031F20       Classes..TBasicAction
 0001:00031D04       Classes..TBasicActionLink
 0001:0002A304       Classes..TBits
 0001:0002DE78       Classes..TClassFinder
 0001:0002AB88       Classes..TCollection
 0001:0002A9E4       Classes..TCollectionEnumerator
 0001:0002A778       Classes..TCollectionItem
 0001:000313BC       Classes..TComponent
 0001:000414EC       Classes..TComponent.FindComponent$ActRec
 0001:00030F64       Classes..TComponentEnumerator
 0001:0002D0BC       Classes..TCustomMemoryStream
 0001:0002E24C       Classes..TFiler
 0001:0002CED8       Classes..TFileStream
 0001:0002CCC0       Classes..THandleStream
 0001:00033E00       Classes..TIntConst
 0001:0002A604       Classes..TInterfacedPersistent
 0001:00029E18       Classes..TInterfaceList
 0001:00029B1C       Classes..TInterfaceListEnumerator
 0001:00029118       Classes..TList
 0001:00034D2C       Classes..TList.Sort$ActRec
 0001:00028F44       Classes..TListEnumerator
 0001:0002D304       Classes..TMemoryStream
 0001:0002B020       Classes..TOwnedCollection
 0001:0002A43C       Classes..TPersistent
 0001:000399E8       Classes..TPropFixup
 0001:00039C14       Classes..TPropIntfFixup
 0001:0002EC64       Classes..TReader
 0001:000324E0       Classes..TRegGroup
 0001:00032940       Classes..TRegGroups
 0001:0002D54C       Classes..TResourceStream
 0001:0002C6B4       Classes..TStream
 0001:0002D8CC       Classes..TStreamAdapter
 0001:0002C038       Classes..TStringList
 0001:0002B3C0       Classes..TStrings
 0001:0002B218       Classes..TStringsEnumerator
 0001:0003076C       Classes..TThread
 0001:0002982C       Classes..TThreadList
 0001:0002FB6C       Classes..TWriter
 0001:00033D8C       Classes.ActivateClassGroup
 0003:00000F80       Classes.AddDataModule
 0001:00039F40       Classes.AddFinished
 0001:00039F78       Classes.AddNotFinished
 0001:0003ABE4       Classes.AddSubComponentsToLoaded
 0001:00042658       Classes.AllocateHWnd
 0001:0003E180       Classes.AncestorIsValid
 0003:00000F90       Classes.ApplicationHandleException
 0003:00000F98       Classes.ApplicationShowException
 0001:0003426C       Classes.BeginGlobalLoading
 0001:0003FBCC       Classes.BinToHex
 0003:00001088       Classes.BlockCode
 0001:00032488       Classes.Bounds
 0001:000424B8       Classes.CalcJmpOffset
 0001:0003AC20       Classes.CheckSubComponents
 0001:0003FDA4       Classes.CheckSynchronize
 0002:0000024C       Classes.Classes
 0001:00033AD0       Classes.ClassNotFound
 0001:0004256C       Classes.CleanupInstFreeList
 0001:0003450C       Classes.CollectionsEqual
 0001:0003AD00       Classes.ComponentCreated
 0003:00000FF8       Classes.Convert
 0003:00000FD8       Classes.Convert
 0001:0003CC20       Classes.CopyBinary
 0001:0003CB90       Classes.CopyBytes
 0001:0003CB44       Classes.CopyList
 0001:0003CABC       Classes.CopySetBody
 0001:0003AD80       Classes.CreateComponent
 0003:00000FA0       Classes.CreateVCLComObjectProc
 0001:0004270C       Classes.DeallocateHWnd
 0001:0003FCCC       Classes.DoneThreadSynchronization
 0001:00036B94       Classes.DoWrite
 0003:00000FB0       Classes.Dummy32bitResHeader
 0001:00042734       Classes.EFileStreamError.Create
 0001:000342F4       Classes.EndGlobalLoading
 0001:00039820       Classes.Error
 0001:00033574       Classes.Error
 0004:00004F90       Classes.ExternalThreads
 0003:00000FAC       Classes.FilerSignature
 0001:000427E4       Classes.Finalization
 0001:0003D870       Classes.FindAncestor
 0001:00033BA8       Classes.FindClass
 0001:0003AF30       Classes.FindExistingComponent
 0001:00034184       Classes.FindGlobalComponent
 0004:00004F70       Classes.FindGlobalComponentProcs
 0001:00034028       Classes.FindIdentToInt
 0001:00033FAC       Classes.FindIntToIdent
 0001:0003E5F4       Classes.FindMethodName
 0001:00039E48       Classes.FindNestedComponent
 0001:0003BFAC       Classes.FindUniqueName
 0001:0003FCE4       Classes.FreeExternalThreads
 0001:00042418       Classes.FreeIntConstList
 0001:00042558       Classes.FreeObjectInstance
 0001:00033B3C       Classes.GetClass
 0001:0003ECE8       Classes.GetComponentValue
 0001:00035FA8       Classes.GetDesigner
 0001:00033AC4       Classes.GetFieldClassTable
 0001:000425A8       Classes.GetFreeInstBlockItemCount
 0004:00004F74       Classes.GlobalFixupList
 0001:00039FC0       Classes.GlobalFixupReferences
 0005:00000010       Classes.GlobalLists
 0005:0000000C       Classes.GlobalLoaded
 0004:00004F58       Classes.GlobalNameSpace
 0001:00033D20       Classes.GroupDescendentsWith
 0001:0003B740       Classes.HandleException
 0001:0003FC0C       Classes.HexToBin
 0001:000340A4       Classes.IdentToInt
 0001:00034350       Classes.InitComponent
 0001:000343DC       Classes.InitInheritedComponent
 0001:0003FC98       Classes.InitThreadSynchronization
 0004:00004F94       Classes.InstBlockList
 0004:00004F98       Classes.InstFreeList
 0004:00004F68       Classes.IntConstList
 0001:000341E8       Classes.InternalReadComponentRes
 0001:000340E8       Classes.IntToIdent
 0001:000324C4       Classes.InvalidPoint
 0001:000324B0       Classes.InvalidPoint
 0001:0003E374       Classes.IsDefault
 0001:0003E1F0       Classes.IsDefaultFloatProp
 0001:0003E24C       Classes.IsDefaultInt64Prop
 0001:0003E518       Classes.IsDefaultInterfaceProp
 0001:0003E64C       Classes.IsDefaultMethodProp
 0001:0003E3CC       Classes.IsDefaultObjectProp
 0001:0003E198       Classes.IsDefaultOrdProp
 0001:0003E784       Classes.IsDefaultPropertyValue
 0001:0003E2A4       Classes.IsDefaultStrProp
 0001:0003E44C       Classes.IsDefaultValue
 0001:0003E6EC       Classes.IsDefaultVariantProp
 0001:000341C4       Classes.IsUniqueGlobalComponentName
 0004:00004F5C       Classes.IsUniqueGlobalComponentNameProc
 0001:000424C0       Classes.MakeObjectInstance
 0001:00035BE0       Classes.Min
 0001:00042490       Classes.ModuleUnload
 0003:00000FD0       Classes.NilMethod
 0001:0003604C       Classes.NotifyDesigner
 0001:000342C4       Classes.NotifyGlobalLoading
 0001:0003E334       Classes.ObjectAncestorMatch
 0001:0003ECD0       Classes.OwnedBy
 0001:00032430       Classes.Point
 0003:0000106C       Classes.Priorities
 0001:0003A300       Classes.PropertyNotFound
 0001:0003B810       Classes.PropPathError
 0001:0003A2F4       Classes.PropValueError
 0001:00034BF4       Classes.QuickSort
 0001:000389D8       Classes.RaiseException
 0001:0003D108       Classes.ReadCustomVariant
 0001:0003A2DC       Classes.ReadError
 0001:0003AD20       Classes.Recover
 0001:00032460       Classes.Rect
 0004:00004F6C       Classes.RegGroups
 0001:00033BC8       Classes.RegisterClass
 0001:0003412C       Classes.RegisterFindGlobalComponentProc
 0001:00033F80       Classes.RegisterIntegerConsts
 0001:000425D8       Classes.ReleaseObjectInstanceBlocks
 0003:00000F88       Classes.RemoveDataModule
 0001:0003A194       Classes.RemoveFixupReferences
 0001:0003A248       Classes.RemoveFixups
 0001:0003A644       Classes.RemoveGlobalFixup
 0001:0003FD70       Classes.ResetSyncEvent
 0001:00034770       Classes.ReturnAddr
 0001:00036D00       Classes.ReturnAddr
 0001:0003AE90       Classes.SetCompName
 0001:0003A32C       Classes.SetElementValue
 0001:0003BB88       Classes.SetInterfaceReference
 0001:0003BAA4       Classes.SetIntIdent
 0001:0003BAEC       Classes.SetObjectIdent
 0001:0003AC98       Classes.SetSubComponentState
 0001:0003BB2C       Classes.SetVariantReference
 0001:0003FD98       Classes.SignalSyncEvent
 0001:0003C878       Classes.SkipBinary
 0001:0003C8A8       Classes.SkipCollection
 0001:0003C84C       Classes.SkipList
 0001:00032450       Classes.SmallPoint
 0001:00033CB8       Classes.StartClassGroup
 0001:00042498       Classes.StdWndProc
 0001:000387C4       Classes.StringListCompareStrings
 0004:00004F60       Classes.SyncEvent
 0003:00001068       Classes.SyncList
 0001:00041E84       Classes.TBasicAction.Change
 0001:00041D10       Classes.TBasicAction.Create
 0001:00041D54       Classes.TBasicAction.Destroy
 0001:00041DF0       Classes.TBasicAction.Execute
 0001:00041DC0       Classes.TBasicAction.ExecuteTarget
 0001:00041DBC       Classes.TBasicAction.HandlesTarget
 0001:00041DC4       Classes.TBasicAction.Notification
 0001:00041E98       Classes.TBasicAction.RegisterChanges
 0001:00041EE4       Classes.TBasicAction.SetActionComponent
 0001:00041E28       Classes.TBasicAction.SetOnExecute
 0001:00041EA4       Classes.TBasicAction.UnRegisterChanges
 0001:00041E0C       Classes.TBasicAction.Update
 0001:00041DEC       Classes.TBasicAction.UpdateTarget
 0001:00041C60       Classes.TBasicActionLink.AssignClient
 0001:00041C98       Classes.TBasicActionLink.Change
 0001:00041C1C       Classes.TBasicActionLink.Create
 0001:00041C64       Classes.TBasicActionLink.Destroy
 0001:00041CB0       Classes.TBasicActionLink.Execute
 0001:00041CF8       Classes.TBasicActionLink.IsOnExecuteLinked
 0001:00041CCC       Classes.TBasicActionLink.SetAction
 0001:00041CFC       Classes.TBasicActionLink.SetOnExecute
 0001:00041D04       Classes.TBasicActionLink.Update
 0001:00035B98       Classes.TBits.Destroy
 0001:00035BC8       Classes.TBits.Error
 0001:00035CBC       Classes.TBits.GetBit
 0001:00035CD4       Classes.TBits.OpenBit
 0001:00035C90       Classes.TBits.SetBit
 0001:00035BEC       Classes.TBits.SetSize
 0001:00033830       Classes.TClassFinder.Create
 0001:00033970       Classes.TClassFinder.Destroy
 0001:000339A0       Classes.TClassFinder.GetClass
 0001:00033A3C       Classes.TClassFinder.GetClasses
 0001:0003637C       Classes.TCollection.Add
 0001:00036898       Classes.TCollection.Added
 0001:0003639C       Classes.TCollection.Assign
 0001:00036444       Classes.TCollection.BeginUpdate
 0001:00036448       Classes.TCollection.Changed
 0001:00036458       Classes.TCollection.Clear
 0001:000362E4       Classes.TCollection.Create
 0001:0003685C       Classes.TCollection.Delete
 0001:0003689C       Classes.TCollection.Deleting
 0001:00036330       Classes.TCollection.Destroy
 0001:000364C0       Classes.TCollection.EndUpdate
 0001:000364CC       Classes.TCollection.FindItemID
 0001:00036500       Classes.TCollection.GetAttr
 0001:000364FC       Classes.TCollection.GetAttrCount
 0001:00036520       Classes.TCollection.GetCapacity
 0001:00036548       Classes.TCollection.GetCount
 0001:00036510       Classes.TCollection.GetEnumerator
 0001:00036550       Classes.TCollection.GetItem
 0001:00036528       Classes.TCollection.GetItemAttr
 0001:00036564       Classes.TCollection.GetNamePath
 0001:00036618       Classes.TCollection.GetPropName
 0001:0003676C       Classes.TCollection.Insert
 0001:00036788       Classes.TCollection.InsertItem
 0001:000368A0       Classes.TCollection.Notify
 0001:0003688C       Classes.TCollection.Owner
 0001:000367F0       Classes.TCollection.RemoveItem
 0001:00036844       Classes.TCollection.SetCapacity
 0001:00036854       Classes.TCollection.SetItemName
 0001:00036858       Classes.TCollection.Update
 0001:00036278       Classes.TCollectionEnumerator.Create
 0001:000362BC       Classes.TCollectionEnumerator.GetCurrent
 0001:000362C8       Classes.TCollectionEnumerator.MoveNext
 0001:00036118       Classes.TCollectionItem.Changed
 0001:000360B0       Classes.TCollectionItem.Create
 0001:000360E8       Classes.TCollectionItem.Destroy
 0001:00036154       Classes.TCollectionItem.GetDisplayName
 0001:0003613C       Classes.TCollectionItem.GetIndex
 0001:00036168       Classes.TCollectionItem.GetNamePath
 0001:00036214       Classes.TCollectionItem.GetOwner
 0001:00036218       Classes.TCollectionItem.SetCollection
 0001:00036240       Classes.TCollectionItem.SetDisplayName
 0001:00036248       Classes.TCollectionItem.SetIndex
 0001:00041714       Classes.TComponent.AddSortedComponent
 0001:00040F30       Classes.TComponent.BeforeDestruction
 0001:000417C8       Classes.TComponent.ChangeName
 0001:00040E9C       Classes.TComponent.Create
 0001:000412DC       Classes.TComponent.DefineProperties
 0001:00040EE8       Classes.TComponent.Destroy
 0001:00041160       Classes.TComponent.DestroyComponents
 0001:000411CC       Classes.TComponent.Destroying
 0001:00041924       Classes.TComponent.ExecuteAction
 0001:000415B0       Classes.TComponent.FindComponent
 0001:000415A4       Classes.TComponent.FindComponent$ActRec.$0$Body
 0001:0004169C       Classes.TComponent.FindSortedComponent
 0001:00040F7C       Classes.TComponent.FreeNotification
 0001:00041A58       Classes.TComponent.FreeOnRelease
 0001:00041380       Classes.TComponent.GetChildOwner
 0001:00041384       Classes.TComponent.GetChildParent
 0001:00041378       Classes.TComponent.GetChildren
 0001:00041988       Classes.TComponent.GetComObject
 0001:0004181C       Classes.TComponent.GetComponent
 0001:00041848       Classes.TComponent.GetComponentCount
 0001:00041800       Classes.TComponent.GetComponentIndex
 0001:00041388       Classes.TComponent.GetEnumerator
 0001:00041398       Classes.TComponent.GetNamePath
 0001:000413AC       Classes.TComponent.GetOwner
 0001:000413B4       Classes.TComponent.GetParentComponent
 0001:00041374       Classes.TComponent.HasParent
 0001:00041010       Classes.TComponent.Insert
 0001:000410C4       Classes.TComponent.InsertComponent
 0001:00041AF0       Classes.TComponent.IntfGetComponent
 0001:00041AF4       Classes.TComponent.IsImplementorOf
 0001:000413D4       Classes.TComponent.Loaded
 0001:0004127C       Classes.TComponent.Notification
 0001:000413E0       Classes.TComponent.PaletteCreated
 0001:00041A70       Classes.TComponent.QueryInterface
 0001:00040FD0       Classes.TComponent.ReadLeft
 0001:000413E4       Classes.TComponent.ReadState
 0001:00040FE4       Classes.TComponent.ReadTop
 0001:00041B74       Classes.TComponent.ReferenceInterface
 0001:0004104C       Classes.TComponent.Remove
 0001:00041128       Classes.TComponent.RemoveComponent
 0001:00041260       Classes.TComponent.RemoveFreeNotification
 0001:00040F3C       Classes.TComponent.RemoveFreeNotifications
 0001:00041208       Classes.TComponent.RemoveNotification
 0001:00041A40       Classes.TComponent.SafeCallException
 0001:000413B0       Classes.TComponent.SetChildOrder
 0001:00041858       Classes.TComponent.SetComponentIndex
 0001:000418AC       Classes.TComponent.SetDesigning
 0001:00041738       Classes.TComponent.SetName
 0001:000413B8       Classes.TComponent.SetParentComponent
 0001:000418FC       Classes.TComponent.SetReference
 0001:00041974       Classes.TComponent.SetSubComponent
 0001:0004194C       Classes.TComponent.UpdateAction
 0001:000413C8       Classes.TComponent.Updated
 0001:00041A68       Classes.TComponent.UpdateRegistry
 0001:000413BC       Classes.TComponent.Updating
 0001:0004147C       Classes.TComponent.ValidateContainer
 0001:00041490       Classes.TComponent.ValidateInsert
 0001:000413F4       Classes.TComponent.ValidateRename
 0001:00040FF8       Classes.TComponent.WriteLeft
 0001:000413EC       Classes.TComponent.WriteState
 0001:00041004       Classes.TComponent.WriteTop
 0001:00041AB0       Classes.TComponent._AddRef
 0001:00041AD0       Classes.TComponent._Release
 0001:00040E30       Classes.TComponentEnumerator.Create
 0001:00040E74       Classes.TComponentEnumerator.GetCurrent
 0001:00040E80       Classes.TComponentEnumerator.MoveNext
 0001:000394B4       Classes.TCustomMemoryStream.Read
 0001:00039528       Classes.TCustomMemoryStream.SaveToFile
 0001:00039510       Classes.TCustomMemoryStream.SaveToStream
 0001:000394EC       Classes.TCustomMemoryStream.Seek
 0001:000394AC       Classes.TCustomMemoryStream.SetPointer
 0001:00039974       Classes.TFiler.Create
 0001:0002E604       Classes.TFiler.DefineBinaryProperty
 0001:0002E5FC       Classes.TFiler.DefineProperty
 0001:000399BC       Classes.TFiler.Destroy
 0001:0002E60C       Classes.TFiler.FlushBuffer
 0001:000399E4       Classes.TFiler.SetRoot
 0001:00039304       Classes.TFileStream.Create
 0001:000392C0       Classes.TFileStream.Create
 0001:00039478       Classes.TFileStream.Destroy
 0001:000391FC       Classes.THandleStream.Create
 0001:00039238       Classes.THandleStream.Read
 0001:00039258       Classes.THandleStream.Seek
 0001:00039284       Classes.THandleStream.SetSize
 0001:00039298       Classes.THandleStream.SetSize
 0001:00039248       Classes.THandleStream.Write
 0004:00004F78       Classes.ThreadLock
 0001:0003FF98       Classes.ThreadProc
 0001:00033F48       Classes.TIntConst.Create
 0001:00035EF0       Classes.TInterfacedPersistent.AfterConstruction
 0001:00035F80       Classes.TInterfacedPersistent.QueryInterface
 0001:00035F40       Classes.TInterfacedPersistent._AddRef
 0001:00035F60       Classes.TInterfacedPersistent._Release
 0001:000357EC       Classes.TInterfaceList.Add
 0001:000354CC       Classes.TInterfaceList.Clear
 0001:0003544C       Classes.TInterfaceList.Create
 0001:0003554C       Classes.TInterfaceList.Delete
 0001:00035490       Classes.TInterfaceList.Destroy
 0001:00035B10       Classes.TInterfaceList.Exchange
 0001:000355BC       Classes.TInterfaceList.Expand
 0001:0003561C       Classes.TInterfaceList.First
 0001:00035630       Classes.TInterfaceList.Get
 0001:000356B4       Classes.TInterfaceList.GetCapacity
 0001:00035710       Classes.TInterfaceList.GetCount
 0001:0003576C       Classes.TInterfaceList.GetEnumerator
 0001:0003577C       Classes.TInterfaceList.IndexOf
 0001:00035784       Classes.TInterfaceList.IndexOfItem
 0001:00035864       Classes.TInterfaceList.Insert
 0001:000358D8       Classes.TInterfaceList.Last
 0001:00035B74       Classes.TInterfaceList.Lock
 0001:00035940       Classes.TInterfaceList.Put
 0001:000359C4       Classes.TInterfaceList.Remove
 0001:000359CC       Classes.TInterfaceList.RemoveItem
 0001:00035A58       Classes.TInterfaceList.SetCapacity
 0001:00035AB4       Classes.TInterfaceList.SetCount
 0001:00035B80       Classes.TInterfaceList.Unlock
 0001:000353D4       Classes.TInterfaceListEnumerator.Create
 0001:00035418       Classes.TInterfaceListEnumerator.GetCurrent
 0001:00035430       Classes.TInterfaceListEnumerator.MoveNext
 0001:000346B0       Classes.TList.Add
 0001:00034EEC       Classes.TList.Assign
 0001:000346F0       Classes.TList.Clear
 0001:00034708       Classes.TList.Delete
 0001:00034690       Classes.TList.Destroy
 0001:00034774       Classes.TList.Error
 0001:000347AC       Classes.TList.Error
 0001:00034800       Classes.TList.Exchange
 0001:00034850       Classes.TList.Expand
 0001:00034E90       Classes.TList.Extract
 0001:00034E98       Classes.TList.ExtractItem
 0001:00034868       Classes.TList.First
 0001:00034870       Classes.TList.Get
 0001:00034894       Classes.TList.GetEnumerator
 0001:000348A4       Classes.TList.Grow
 0001:000348D8       Classes.TList.IndexOf
 0001:000348FC       Classes.TList.IndexOfItem
 0001:00034928       Classes.TList.Insert
 0001:000349A0       Classes.TList.Last
 0001:000349C4       Classes.TList.Move
 0001:00034EE8       Classes.TList.Notify
 0001:00034AA0       Classes.TList.Pack
 0001:00034A1C       Classes.TList.Put
 0001:00034A78       Classes.TList.Remove
 0001:00034A80       Classes.TList.RemoveItem
 0001:00034B14       Classes.TList.SetCapacity
 0001:00034B50       Classes.TList.SetCount
 0001:00034DF0       Classes.TList.Sort
 0001:00034DE4       Classes.TList.Sort$ActRec.$0$Body
 0001:00034E70       Classes.TList.SortList
 0001:00034628       Classes.TListEnumerator.Create
 0001:0003466C       Classes.TListEnumerator.GetCurrent
 0001:00034678       Classes.TListEnumerator.MoveNext
 0001:000395AC       Classes.TMemoryStream.Clear
 0001:00039580       Classes.TMemoryStream.Destroy
 0001:000395FC       Classes.TMemoryStream.LoadFromFile
 0001:000395C4       Classes.TMemoryStream.LoadFromStream
 0001:000396A4       Classes.TMemoryStream.Realloc
 0001:00039650       Classes.TMemoryStream.SetCapacity
 0001:00039678       Classes.TMemoryStream.SetSize
 0001:00039724       Classes.TMemoryStream.Write
 0001:000368C4       Classes.TOwnedCollection.Create
 0001:00036908       Classes.TOwnedCollection.GetOwner
 0001:00035D78       Classes.TPersistent.Assign
 0001:00035D8C       Classes.TPersistent.AssignError
 0001:00035E48       Classes.TPersistent.AssignTo
 0001:00035E50       Classes.TPersistent.DefineProperties
 0001:00035D4C       Classes.TPersistent.Destroy
 0001:00035E54       Classes.TPersistent.GetNamePath
 0001:00035EEC       Classes.TPersistent.GetOwner
 0001:00039CFC       Classes.TPropFixup.Create
 0001:00039D54       Classes.TPropFixup.MakeGlobalReference
 0001:00039DB4       Classes.TPropFixup.ResolveReference
 0001:00039DC4       Classes.TPropIntfFixup.ResolveReference
 0001:0003A380       Classes.TReader.BeginReferences
 0001:0003A3E8       Classes.TReader.CheckValue
 0001:0003CC78       Classes.TReader.CopyValue
 0001:0003A448       Classes.TReader.DefineBinaryProperty
 0001:0003A40C       Classes.TReader.DefineProperty
 0001:0003A344       Classes.TReader.Destroy
 0001:0003A6CC       Classes.TReader.DoFixupReferences
 0001:0003A530       Classes.TReader.EndOfList
 0001:0003A544       Classes.TReader.EndReferences
 0001:0003A560       Classes.TReader.Error
 0001:0003CF54       Classes.TReader.FindAncestorComponent
 0001:0003D04C       Classes.TReader.FindComponentClass
 0001:0003A5F4       Classes.TReader.FindMethod
 0001:0003A584       Classes.TReader.FindMethodInstance
 0001:0003A810       Classes.TReader.FixupReferences
 0001:0003A848       Classes.TReader.FlushBuffer
 0001:0003A86C       Classes.TReader.FreeFixups
 0001:0003A8A8       Classes.TReader.GetFieldClass
 0001:0003A93C       Classes.TReader.GetPosition
 0001:0003A954       Classes.TReader.NextValue
 0001:0003A964       Classes.TReader.PropertyError
 0001:0003A978       Classes.TReader.Read
 0001:0003AA00       Classes.TReader.ReadBoolean
 0001:0003A9C4       Classes.TReader.ReadBuffer
 0001:0003AA14       Classes.TReader.ReadChar
 0001:0003AB08       Classes.TReader.ReadCollection
 0001:0003AFD4       Classes.TReader.ReadComponent
 0001:0003C348       Classes.TReader.ReadComponents
 0001:0003B414       Classes.TReader.ReadCurrency
 0001:0003B214       Classes.TReader.ReadData
 0001:0003B284       Classes.TReader.ReadDataInner
 0001:0003B464       Classes.TReader.ReadDate
 0001:0003B38C       Classes.TReader.ReadDouble
 0001:0003B354       Classes.TReader.ReadFloat
 0001:0003B4A8       Classes.TReader.ReadIdent
 0001:0003B6AC       Classes.TReader.ReadInt64
 0001:0003B640       Classes.TReader.ReadInteger
 0001:0003B6F0       Classes.TReader.ReadListBegin
 0001:0003B6F8       Classes.TReader.ReadListEnd
 0001:0003B700       Classes.TReader.ReadPrefix
 0001:0003B82C       Classes.TReader.ReadProperty
 0001:0003BC48       Classes.TReader.ReadPropValue
 0001:0003C014       Classes.TReader.ReadRootComponent
 0001:0003C438       Classes.TReader.ReadSet
 0001:0003C4F4       Classes.TReader.ReadSignature
 0001:0003B3D0       Classes.TReader.ReadSingle
 0001:0003C518       Classes.TReader.ReadStr
 0001:0003C5A8       Classes.TReader.ReadString
 0001:0003C7D0       Classes.TReader.ReadValue
 0001:0003D2D0       Classes.TReader.ReadVariant
 0001:0003AAA8       Classes.TReader.ReadWideChar
 0001:0003C690       Classes.TReader.ReadWideString
 0001:0003D00C       Classes.TReader.ReferenceName
 0001:0003D024       Classes.TReader.SetName
 0001:0003C7E4       Classes.TReader.SetPosition
 0001:0003D0C0       Classes.TReader.SkipBytes
 0001:0003CEA8       Classes.TReader.SkipComponent
 0001:0003CE60       Classes.TReader.SkipProperty
 0001:0003C804       Classes.TReader.SkipSetBody
 0001:0003C90C       Classes.TReader.SkipValue
 0001:00032E1C       Classes.TRegGroup.AddClass
 0001:00032E28       Classes.TRegGroup.BestClass
 0001:00032E88       Classes.TRegGroup.BestGroup
 0001:00032EF8       Classes.TRegGroup.Create
 0001:00032F54       Classes.TRegGroup.Destroy
 0001:00032F94       Classes.TRegGroup.GetClass
 0001:00032FE4       Classes.TRegGroup.GetClasses
 0001:0003302C       Classes.TRegGroup.IndexOfClass
 0001:000330A4       Classes.TRegGroup.InGroup
 0001:000330E8       Classes.TRegGroup.RegisterClass
 0001:0003319C       Classes.TRegGroup.RegisterClassAlias
 0001:000331D4       Classes.TRegGroup.Registered
 0001:000331EC       Classes.TRegGroup.UnregisterClass
 0001:0003324C       Classes.TRegGroup.UnregisterModuleClasses
 0001:0003338C       Classes.TRegGroups.Activate
 0001:000333D8       Classes.TRegGroups.AddClass
 0001:000333F8       Classes.TRegGroups.Create
 0001:0003346C       Classes.TRegGroups.Destroy
 0001:000334CC       Classes.TRegGroups.FindGroup
 0001:00033510       Classes.TRegGroups.GetClass
 0001:00033554       Classes.TRegGroups.GroupedWith
 0001:000335F8       Classes.TRegGroups.GroupWith
 0001:000336CC       Classes.TRegGroups.Lock
 0001:000336D8       Classes.TRegGroups.RegisterClass
 0001:000336F0       Classes.TRegGroups.RegisterClassAlias
 0001:00033710       Classes.TRegGroups.Registered
 0001:00033754       Classes.TRegGroups.StartGroup
 0001:000337A4       Classes.TRegGroups.Unlock
 0001:000337B0       Classes.TRegGroups.UnregisterClass
 0001:000337E0       Classes.TRegGroups.UnregisterModuleClasses
 0001:00039774       Classes.TResourceStream.Create
 0001:000397CC       Classes.TResourceStream.CreateFromID
 0001:0003992C       Classes.TResourceStream.Destroy
 0001:000398C0       Classes.TResourceStream.Initialize
 0001:0003995C       Classes.TResourceStream.Write
 0001:00038BB0       Classes.TStream.CopyFrom
 0001:00039018       Classes.TStream.FixupResourceHeader
 0001:000388EC       Classes.TStream.GetPosition
 0001:00038920       Classes.TStream.GetSize
 0001:0002CCB0       Classes.TStream.Read
 0001:00038B40       Classes.TStream.ReadBuffer
 0001:00038CA4       Classes.TStream.ReadComponent
 0001:00038D68       Classes.TStream.ReadComponentRes
 0001:00039110       Classes.TStream.ReadResHeader
 0001:00038AD0       Classes.TStream.Seek
 0001:00038A4C       Classes.TStream.Seek
 0001:0003890C       Classes.TStream.SetPosition
 0001:00038984       Classes.TStream.SetSize
 0001:0003896C       Classes.TStream.SetSize
 0001:00038970       Classes.TStream.SetSize64
 0001:0002CCB8       Classes.TStream.Write
 0001:00038B78       Classes.TStream.WriteBuffer
 0001:00038D04       Classes.TStream.WriteComponent
 0001:00038D84       Classes.TStream.WriteComponentRes
 0001:00038D0C       Classes.TStream.WriteDescendent
 0001:000390DC       Classes.TStream.WriteDescendentRes
 0001:00038D8C       Classes.TStream.WriteResourceHeader
 0001:00042400       Classes.TStreamAdapter.Clone
 0001:00042354       Classes.TStreamAdapter.Commit
 0001:0004214C       Classes.TStreamAdapter.CopyTo
 0001:00041F10       Classes.TStreamAdapter.Create
 0001:00041F5C       Classes.TStreamAdapter.Destroy
 0001:0004236C       Classes.TStreamAdapter.LockRegion
 0001:00041F94       Classes.TStreamAdapter.Read
 0001:00042360       Classes.TStreamAdapter.Revert
 0001:00042064       Classes.TStreamAdapter.Seek
 0001:000420E8       Classes.TStreamAdapter.SetSize
 0001:00042384       Classes.TStreamAdapter.Stat
 0001:00042378       Classes.TStreamAdapter.UnlockRegion
 0001:00041FFC       Classes.TStreamAdapter.Write
 0001:000381D4       Classes.TStringList.Add
 0001:000381E4       Classes.TStringList.AddObject
 0001:00038248       Classes.TStringList.Changed
 0001:00038264       Classes.TStringList.Changing
 0001:00038280       Classes.TStringList.Clear
 0001:0003882C       Classes.TStringList.CompareStrings
 0001:00038848       Classes.TStringList.Create
 0001:00038880       Classes.TStringList.Create
 0001:000387F4       Classes.TStringList.CustomSort
 0001:000382E8       Classes.TStringList.Delete
 0001:00038150       Classes.TStringList.Destroy
 0001:00038368       Classes.TStringList.Exchange
 0001:000383C4       Classes.TStringList.ExchangeItems
 0001:000383E8       Classes.TStringList.Find
 0001:0003846C       Classes.TStringList.Get
 0001:0003849C       Classes.TStringList.GetCapacity
 0001:000384A0       Classes.TStringList.GetCount
 0001:000384A4       Classes.TStringList.GetObject
 0001:000384C8       Classes.TStringList.Grow
 0001:000384FC       Classes.TStringList.IndexOf
 0001:00038538       Classes.TStringList.Insert
 0001:0003859C       Classes.TStringList.InsertItem
 0001:00038548       Classes.TStringList.InsertObject
 0001:00038618       Classes.TStringList.Put
 0001:00038670       Classes.TStringList.PutObject
 0001:000386AC       Classes.TStringList.QuickSort
 0001:00038744       Classes.TStringList.SetCapacity
 0001:000388C4       Classes.TStringList.SetCaseSensitive
 0001:00038784       Classes.TStringList.SetSorted
 0001:000387A4       Classes.TStringList.SetUpdateState
 0001:000387E4       Classes.TStringList.Sort
 0001:000369B4       Classes.TStrings.Add
 0001:000369D8       Classes.TStrings.AddObject
 0001:00036A08       Classes.TStrings.AddStrings
 0001:000369FC       Classes.TStrings.Append
 0001:00036AC0       Classes.TStrings.Assign
 0001:00036B7C       Classes.TStrings.BeginUpdate
 0001:0002BF38       Classes.TStrings.Clear
 0001:00038108       Classes.TStrings.CompareStrings
 0001:00036BEC       Classes.TStrings.DefineProperties
 0001:0002BF40       Classes.TStrings.Delete
 0001:00036984       Classes.TStrings.Destroy
 0001:00036C44       Classes.TStrings.EndUpdate
 0001:00036C58       Classes.TStrings.Equals
 0001:00036D3C       Classes.TStrings.Error
 0001:00036D04       Classes.TStrings.Error
 0001:00036D94       Classes.TStrings.Exchange
 0001:00036E80       Classes.TStrings.ExtractName
 0001:00036EFC       Classes.TStrings.GetCapacity
 0001:00036F04       Classes.TStrings.GetCommaText
 0001:00036F9C       Classes.TStrings.GetDelimitedText
 0001:00037FF4       Classes.TStrings.GetDelimiter
 0001:0003720C       Classes.TStrings.GetEnumerator
 0001:00038010       Classes.TStrings.GetLineBreak
 0001:0003721C       Classes.TStrings.GetName
 0001:00038114       Classes.TStrings.GetNameValueSeparator
 0001:0003727C       Classes.TStrings.GetObject
 0001:0003804C       Classes.TStrings.GetQuoteChar
 0001:00038068       Classes.TStrings.GetStrictDelimiter
 0001:00037280       Classes.TStrings.GetText
 0001:000372D4       Classes.TStrings.GetTextStr
 0001:0003746C       Classes.TStrings.IndexOf
 0001:000374F8       Classes.TStrings.IndexOfName
 0001:000375CC       Classes.TStrings.IndexOfObject
 0001:0002BF48       Classes.TStrings.Insert
 0001:00037600       Classes.TStrings.InsertObject
 0001:00037684       Classes.TStrings.LoadFromFile
 0001:00037630       Classes.TStrings.LoadFromFile
 0001:000376E0       Classes.TStrings.LoadFromStream
 0001:000376EC       Classes.TStrings.LoadFromStream
 0001:000377E0       Classes.TStrings.Move
 0001:00037890       Classes.TStrings.Put
 0001:000378C0       Classes.TStrings.PutObject
 0001:000378C4       Classes.TStrings.ReadData
 0001:00037974       Classes.TStrings.SaveToFile
 0001:00037984       Classes.TStrings.SaveToFile
 0001:000379E4       Classes.TStrings.SaveToStream
 0001:000379F4       Classes.TStrings.SaveToStream
 0001:00037AAC       Classes.TStrings.SetCapacity
 0001:00037AB0       Classes.TStrings.SetCommaText
 0001:00037E44       Classes.TStrings.SetDelimitedText
 0001:00038080       Classes.TStrings.SetDelimiter
 0001:000380A0       Classes.TStrings.SetLineBreak
 0001:00038130       Classes.TStrings.SetNameValueSeparator
 0001:000380CC       Classes.TStrings.SetQuoteChar
 0001:000380EC       Classes.TStrings.SetStrictDelimiter
 0001:00037AD8       Classes.TStrings.SetStringsAdapter
 0001:00037B0C       Classes.TStrings.SetText
 0001:00037B5C       Classes.TStrings.SetTextStr
 0001:00037D08       Classes.TStrings.SetUpdateState
 0001:00037D0C       Classes.TStrings.SetValue
 0001:00037DC0       Classes.TStrings.WriteData
 0001:0003690C       Classes.TStringsEnumerator.Create
 0001:00036950       Classes.TStringsEnumerator.GetCurrent
 0001:00036968       Classes.TStringsEnumerator.MoveNext
 0004:00004F54       Classes.TThread.$ClassInitFlag
 0001:000401EC       Classes.TThread.AfterConstruction
 0001:00040294       Classes.TThread.CallOnTerminate
 0001:0004027C       Classes.TThread.CheckThreadError
 0001:00040200       Classes.TThread.CheckThreadError
 0001:0004004C       Classes.TThread.Create
 0002:0000023C       Classes.TThread.Create@
 0001:00040150       Classes.TThread.Destroy
 0001:000401C4       Classes.TThread.Destroy@
 0001:000402A8       Classes.TThread.DoTerminate
 0005:00000008       Classes.TThread.FCurrentThread
 0001:000402BC       Classes.TThread.GetPriority
 0001:000402F8       Classes.TThread.InternalStart
 0001:00040D90       Classes.TThread.NameThreadForDebugging
 0001:00040458       Classes.TThread.Queue
 0001:00040524       Classes.TThread.Queue
 0001:000403D0       Classes.TThread.Queue
 0001:0004098C       Classes.TThread.Queue
 0001:000405C4       Classes.TThread.RemoveQueuedEvents
 0001:00040B20       Classes.TThread.RemoveQueuedEvents
 0001:00040BC4       Classes.TThread.RemoveQueuedEvents
 0001:00040C84       Classes.TThread.Resume
 0001:000403A4       Classes.TThread.SetPriority
 0001:00040BD8       Classes.TThread.SetSuspended
 0001:00040BF0       Classes.TThread.SpinWait
 0001:00040C0C       Classes.TThread.Start
 0001:00040688       Classes.TThread.StaticQueue
 0001:00040B0C       Classes.TThread.StaticSynchronize
 0001:00040C14       Classes.TThread.Suspend
 0001:000408FC       Classes.TThread.Synchronize
 0001:00040860       Classes.TThread.Synchronize
 0001:00040A70       Classes.TThread.Synchronize
 0001:0004069C       Classes.TThread.Synchronize
 0001:00040894       Classes.TThread.Synchronize
 0001:00040CAC       Classes.TThread.Terminate
 0001:00040CD0       Classes.TThread.WaitFor
 0001:00035288       Classes.TThreadList.Add
 0001:00035310       Classes.TThreadList.Clear
 0001:000351B8       Classes.TThreadList.Create
 0001:0003520C       Classes.TThreadList.Destroy
 0001:00035358       Classes.TThreadList.LockList
 0001:0003536C       Classes.TThreadList.Remove
 0001:00035374       Classes.TThreadList.RemoveItem
 0001:000353C8       Classes.TThreadList.UnlockList
 0001:0003D51C       Classes.TWriter.AddAncestor
 0001:0003D550       Classes.TWriter.DefineBinaryProperty
 0001:0003D528       Classes.TWriter.DefineProperty
 0001:0003D4F0       Classes.TWriter.Destroy
 0001:0003D58C       Classes.TWriter.FindMethodName
 0001:0003D5D4       Classes.TWriter.FlushBuffer
 0001:0003FBA8       Classes.TWriter.GetLookupInfo
 0001:0003D57C       Classes.TWriter.GetPosition
 0001:0003D5DC       Classes.TWriter.SetPosition
 0001:0003D618       Classes.TWriter.SetRoot
 0001:0003D630       Classes.TWriter.Write
 0001:0003D67C       Classes.TWriter.WriteBinary
 0001:0003D71C       Classes.TWriter.WriteBoolean
 0001:0003D704       Classes.TWriter.WriteBuffer
 0001:0003D730       Classes.TWriter.WriteChar
 0001:0003D7D0       Classes.TWriter.WriteCollection
 0001:0003D8C0       Classes.TWriter.WriteComponent
 0001:0003DE68       Classes.TWriter.WriteCurrency
 0001:0003DA14       Classes.TWriter.WriteData
 0001:0003DE8C       Classes.TWriter.WriteDate
 0001:0003DDD4       Classes.TWriter.WriteDescendent
 0001:0003DE44       Classes.TWriter.WriteDouble
 0001:0003DDFC       Classes.TWriter.WriteFloat
 0001:0003DEB0       Classes.TWriter.WriteIdent
 0001:0003DF94       Classes.TWriter.WriteInteger
 0001:0003E008       Classes.TWriter.WriteInteger
 0001:0003E060       Classes.TWriter.WriteListBegin
 0001:0003E068       Classes.TWriter.WriteListEnd
 0001:0003F86C       Classes.TWriter.WriteMinStr
 0001:0003E070       Classes.TWriter.WritePrefix
 0001:0003E0B8       Classes.TWriter.WriteProperties
 0001:0003F210       Classes.TWriter.WriteProperty
 0001:0003F744       Classes.TWriter.WritePropName
 0001:0003F798       Classes.TWriter.WriteRootComponent
 0001:0003F7A0       Classes.TWriter.WriteSignature
 0001:0003DE20       Classes.TWriter.WriteSingle
 0001:0003F7B0       Classes.TWriter.WriteStr
 0001:0003F9A0       Classes.TWriter.WriteString
 0001:0003FAB8       Classes.TWriter.WriteUTF8Str
 0001:0003FB94       Classes.TWriter.WriteValue
 0001:0003F364       Classes.TWriter.WriteVariant
 0001:0003D780       Classes.TWriter.WriteWideChar
 0001:0003FB8C       Classes.TWriter.WriteWideString
 0001:0003416C       Classes.UnregisterFindGlobalComponentProc
 0001:00033C50       Classes.UnRegisterModuleClasses
 0003:0000108C       Classes.UtilWindowClass
 0001:0003FD7C       Classes.WaitForSyncEvent
 0003:00000FA4       Classes.WakeMainThread
 0001:000344A0       Classes.WriteCollection
 0001:0003EA40       Classes.WriteCollectionProp
 0001:0003EBDC       Classes.WriteFloatProp
 0001:0003EC1C       Classes.WriteInt64Prop
 0001:0003F040       Classes.WriteInterfaceProp
 0001:0003E9D4       Classes.WriteIntProp
 0001:0003F11C       Classes.WriteMethodProp
 0001:0003EE2C       Classes.WriteObjectProp
 0001:0003EAE4       Classes.WriteOrdProp
 0001:0003E8E8       Classes.WritePropPath
 0001:0003E940       Classes.WriteSet
 0001:0003EC58       Classes.WriteStrProp
 0001:0003F1AC       Classes.WriteVariantProp
 0004:00005178       Clipbrd..3
 0001:00070EAC       Clipbrd..EClipboardException
 0001:00070A48       Clipbrd..TClipboard
 0004:00005176       Clipbrd.CF_COMPONENT
 0004:00005174       Clipbrd.CF_PICTURE
 0001:00071A2C       Clipbrd.Clipboard
 0002:00000950       Clipbrd.Clipbrd
 0004:0000517C       Clipbrd.FClipboard
 0001:00071ADC       Clipbrd.Finalization
 0001:00071974       Clipbrd.HasAPicture
 0001:00070F98       Clipbrd.TClipboard.Adding
 0001:00071874       Clipbrd.TClipboard.Assign
 0001:000717F0       Clipbrd.TClipboard.AssignGraphic
 0001:0007176C       Clipbrd.TClipboard.AssignPicture
 0001:00071704       Clipbrd.TClipboard.AssignTo
 0001:00071634       Clipbrd.TClipboard.AssignToBitmap
 0001:000716A0       Clipbrd.TClipboard.AssignToMetafile
 0001:0007157C       Clipbrd.TClipboard.AssignToPicture
 0001:00070F54       Clipbrd.TClipboard.Clear
 0001:00070FB4       Clipbrd.TClipboard.Close
 0001:00071AA8       Clipbrd.TClipboard.Destroy
 0001:000718C0       Clipbrd.TClipboard.GetAsHandle
 0001:00071470       Clipbrd.TClipboard.GetAsText
 0001:000710B4       Clipbrd.TClipboard.GetComponent
 0001:0007196C       Clipbrd.TClipboard.GetFormatCount
 0001:000713C8       Clipbrd.TClipboard.GetTextBuf
 0001:000719F4       Clipbrd.TClipboard.HasFormat
 0001:00071A4C       Clipbrd.TClipboard.MainWndProc
 0001:00070FE0       Clipbrd.TClipboard.Open
 0001:00071914       Clipbrd.TClipboard.SetAsHandle
 0001:000714F0       Clipbrd.TClipboard.SetAsText
 0001:00071258       Clipbrd.TClipboard.SetBuffer
 0001:00071358       Clipbrd.TClipboard.SetComponent
 0001:0007144C       Clipbrd.TClipboard.SetTextBuf
 0001:00071094       Clipbrd.TClipboard.WndProc
 0004:00005188       ComCtrls..96
 0001:00079D08       ComCtrls..ETreeViewError
 0001:00089240       ComCtrls..TComboBoxExActionLink
 0001:000A1E6C       ComCtrls..TComboBoxExEnumerator
 0001:000884D0       ComCtrls..TComboBoxExStrings
 0001:00088104       ComCtrls..TComboExItem
 0001:000882F4       ComCtrls..TComboExItems
 0001:0007DD00       ComCtrls..TConversion
 0001:00088C88       ComCtrls..TCustomComboBoxEx
 0001:00082804       ComCtrls..TCustomListView
 0001:0007DF20       ComCtrls..TCustomRichEdit
 0001:0007A690       ComCtrls..TCustomTreeView
 0001:00081204       ComCtrls..TIconOptions
 0001:0007FB28       ComCtrls..TListColumn
 0001:0007FEEC       ComCtrls..TListColumns
 0001:0007F4C4       ComCtrls..TListGroup
 0001:0007F988       ComCtrls..TListGroups
 0001:000800D4       ComCtrls..TListItem
 0001:00080A50       ComCtrls..TListItems
 0001:000808AC       ComCtrls..TListItemsEnumerator
 0001:00083D08       ComCtrls..TListView
 0001:000851B8       ComCtrls..TListViewActionLink
 0001:0007D860       ComCtrls..TParaAttributes
 0001:0007C930       ComCtrls..TProgressBar
 0001:0007E618       ComCtrls..TRichEdit
 0001:00090EF0       ComCtrls..TRichEditStrings
 0001:00093DB0       ComCtrls..TSubItems
 0001:0007D544       ComCtrls..TTextAttributes
 0001:000866E4       ComCtrls..TToolBar
 0001:00086548       ComCtrls..TToolBarEnumerator
 0001:000854D0       ComCtrls..TToolButton
 0001:0008537C       ComCtrls..TToolButtonActionLink
 0001:00078580       ComCtrls..TTreeNode
 0001:000793D0       ComCtrls..TTreeNodes
 0001:000791E0       ComCtrls..TTreeNodesEnumerator
 0001:0008BA0C       ComCtrls..TTreeStrings
 0001:0007B710       ComCtrls..TTreeView
 0001:00080E4C       ComCtrls..TWorkArea
 0001:00081068       ComCtrls..TWorkAreas
 0001:000918C0       ComCtrls.AdjustLineBreaks
 0001:00093354       ComCtrls.AppendConversionFormat
 0003:00001C14       ComCtrls.Arrangements
 0003:00001C1C       ComCtrls.AutoArrange
 0003:00001BB8       ComCtrls.AutoExpandStyles
 0003:00001BF4       ComCtrls.BorderStyles
 0003:00001B70       ComCtrls.BorderStyles
 0003:00001CB0       ComCtrls.ButtonStates
 0003:00001CC0       ComCtrls.ButtonStyles
 0003:00001B88       ComCtrls.ButtonStyles
 0003:00001B68       ComCtrls.cAddMode
 0001:0009E4B8       ComCtrls.CalcSize
 0001:000893E8       ComCtrls.CheckCommonControl
 0003:00001C80       ComCtrls.Codes
 0003:00001BE4       ComCtrls.Codes
 0003:00001C44       ComCtrls.ColumnClicks
 0003:00001D00       ComCtrls.ComboBoxExStyles
 0003:00001D0C       ComCtrls.ComboExStyles
 0004:0000518C       ComCtrls.ComCtlVersion
 0002:00000A1C       ComCtrls.ComCtrls
 0001:0009EDC8       ComCtrls.ContainsActiveControl
 0001:00091D38       ComCtrls.ContainsPreamble
 0004:00005190       ComCtrls.ConversionFormatList
 0001:00097B24       ComCtrls.ConvertFlags
 0001:0009798C       ComCtrls.ConvertMask
 0001:00097B48       ComCtrls.ConvertStates
 0001:000914FC       ComCtrls.CountLineBreaks
 0003:00001CF4       ComCtrls.CustomizeStyles
 0001:00095EEC       ComCtrls.DefaultListViewSort
 0001:000894A0       ComCtrls.DefaultTreeViewSort
 0003:00001C6C       ComCtrls.Directions
 0001:00096AF4       ComCtrls.DoBufferedPaint
 0003:00001CCC       ComCtrls.DownMessage
 0003:00001BA0       ComCtrls.DragStyles
 0003:00001B90       ComCtrls.EditStyles
 0003:00001BFC       ComCtrls.EditStyles
 0001:000A3D44       ComCtrls.Finalization
 0001:000A0950       ComCtrls.FindButton
 0003:00001CE4       ComCtrls.FlatOnXp
 0003:00001CDC       ComCtrls.FlatStyles
 0001:000A3CE4       ComCtrls.FreeConversionFormatList
 0004:00005198       ComCtrls.FRichEditModule
 0003:00001C5C       ComCtrls.FullString
 0001:00095828       ComCtrls.GetByteLength
 0001:00089410       ComCtrls.GetComCtlVersion
 0001:0009D60C       ComCtrls.GetImageBitmap
 0001:000958A4       ComCtrls.GetListItemsFromStream
 0001:0009D8D0       ComCtrls.HasDropDownButton
 0003:00001BD0       ComCtrls.HideScrollBars
 0003:00001B98       ComCtrls.HideSelections
 0003:00001BD8       ComCtrls.HideSelections
 0003:00001C0C       ComCtrls.HideSelections
 0003:00001BC0       ComCtrls.HotTrackStyles
 0003:00001C98       ComCtrls.IAlignment
 0001:000893BC       ComCtrls.InitCommonControl
 0003:00001CFC       ComCtrls.InitDone
 0001:000A0CD4       ComCtrls.InitToolMenuHooks
 0001:000A0DD4       ComCtrls.InitToolMenuKeyHooks
 0001:000A11E0       ComCtrls.IsMenuBar
 0001:0009FA4C       ComCtrls.IsToolButtonMouseMsg
 0004:000051AC       ComCtrls.LastMenuItem
 0004:000051B0       ComCtrls.LastMousePos
 0003:00001B78       ComCtrls.LineStyles
 0003:00001CD4       ComCtrls.ListStyles
 0004:000051A8       ComCtrls.MenuButtonIndex
 0004:000051A0       ComCtrls.MenuToolBar
 0004:000051A4       ComCtrls.MenuToolBar2
 0003:00001C04       ComCtrls.MultiSelections
 0001:0008F8FC       ComCtrls.NodeInList
 0003:00001BE0       ComCtrls.Painting
 0001:0008FA64       ComCtrls.ProgressLimitError
 0001:000963D8       ComCtrls.ReadCols
 0001:000A0D0C       ComCtrls.ReleaseToolMenuHooks
 0001:000A0DF8       ComCtrls.ReleaseToolMenuKeyHooks
 0003:00001B80       ComCtrls.RootStyles
 0003:00001BC8       ComCtrls.RowSelectStyles
 0003:00001B58       ComCtrls.RTFConversionFormat
 0003:00001BA8       ComCtrls.RTLStyles
 0001:0009FB0C       ComCtrls.SendDropdownMsg
 0001:00089458       ComCtrls.SetComCtlStyle
 0004:00005194       ComCtrls.ShellModule
 0003:00001C3C       ComCtrls.ShowColumns
 0001:0008F92C       ComCtrls.SiblingNotInList
 0004:000051B8       ComCtrls.StillModal
 0001:00091B20       ComCtrls.StreamLoad
 0001:000919A0       ComCtrls.StreamSave
 0001:000A30F8       ComCtrls.TComboBoxExActionLink.AddItem
 0001:000A3168       ComCtrls.TComboBoxExActionLink.AddItem
 0001:000A319C       ComCtrls.TComboBoxExEnumerator.Clone
 0001:000A31E0       ComCtrls.TComboBoxExEnumerator.Create
 0001:000A321C       ComCtrls.TComboBoxExEnumerator.GetCount
 0001:000A3228       ComCtrls.TComboBoxExEnumerator.GetString
 0001:000A324C       ComCtrls.TComboBoxExEnumerator.Next
 0001:000A3344       ComCtrls.TComboBoxExEnumerator.Reset
 0001:000A3358       ComCtrls.TComboBoxExEnumerator.Skip
 0001:000A2BD0       ComCtrls.TComboBoxExStrings.Add
 0001:000A2FCC       ComCtrls.TComboBoxExStrings.AddItem
 0001:000A2BF4       ComCtrls.TComboBoxExStrings.AddObject
 0001:000A2C24       ComCtrls.TComboBoxExStrings.Clear
 0001:000A2C98       ComCtrls.TComboBoxExStrings.Create
 0001:000A2D28       ComCtrls.TComboBoxExStrings.Delete
 0001:000A2CF0       ComCtrls.TComboBoxExStrings.Destroy
 0001:000A2D34       ComCtrls.TComboBoxExStrings.Exchange
 0001:000A2E80       ComCtrls.TComboBoxExStrings.Get
 0001:000A2EA4       ComCtrls.TComboBoxExStrings.GetCapacity
 0001:000A2EB0       ComCtrls.TComboBoxExStrings.GetCount
 0001:000A300C       ComCtrls.TComboBoxExStrings.GetItemClass
 0001:000A3004       ComCtrls.TComboBoxExStrings.GetItemsClass
 0001:000A2EBC       ComCtrls.TComboBoxExStrings.GetObject
 0001:000A2FF0       ComCtrls.TComboBoxExStrings.GetSortType
 0001:000A2ED4       ComCtrls.TComboBoxExStrings.IndexOf
 0001:000A2F20       ComCtrls.TComboBoxExStrings.IndexOfName
 0001:000A2F28       ComCtrls.TComboBoxExStrings.Insert
 0001:000A2F3C       ComCtrls.TComboBoxExStrings.Move
 0001:000A2F5C       ComCtrls.TComboBoxExStrings.PutObject
 0001:000A2F7C       ComCtrls.TComboBoxExStrings.SetItems
 0001:000A2FF8       ComCtrls.TComboBoxExStrings.SetSortType
 0001:000A2F8C       ComCtrls.TComboBoxExStrings.SetUpdateState
 0001:000A1A74       ComCtrls.TComboExItem.Assign
 0001:000A1AC8       ComCtrls.TComboExItem.SetCaption
 0001:000A1AFC       ComCtrls.TComboExItem.SetData
 0001:000A1B30       ComCtrls.TComboExItem.SetDisplayName
 0001:000A1B50       ComCtrls.TComboExItem.SetImageIndex
 0001:000A1B80       ComCtrls.TComboExItem.SetIndex
 0001:000A1B9C       ComCtrls.TComboExItem.SetOverlayImageIndex
 0001:000A1BB8       ComCtrls.TComboExItem.SetSelectedImageIndex
 0001:000A1BD4       ComCtrls.TComboExItems.Add
 0001:000A1BE0       ComCtrls.TComboExItems.AddItem
 0001:000A1C48       ComCtrls.TComboExItems.GetComboItem
 0001:000A1C5C       ComCtrls.TComboExItems.Insert
 0001:000A1C94       ComCtrls.TComboExItems.Notify
 0001:000A1D04       ComCtrls.TComboExItems.SetItem
 0001:00090E38       ComCtrls.TConversion.ConvertReadStream
 0001:00090E94       ComCtrls.TConversion.ConvertWriteStream
 0001:00090E00       ComCtrls.TConversion.Create
 0001:000A28D4       ComCtrls.TCustomComboBoxEx.ActionChange
 0001:000A2350       ComCtrls.TCustomComboBoxEx.CMColorChanged
 0001:000A2324       ComCtrls.TCustomComboBoxEx.CMParentColorChanged
 0001:000A20C8       ComCtrls.TCustomComboBoxEx.CNNotify
 0001:000A242C       ComCtrls.TCustomComboBoxEx.ComboExWndProc
 0001:000A1F84       ComCtrls.TCustomComboBoxEx.Create
 0001:000A211C       ComCtrls.TCustomComboBoxEx.CreateParams
 0001:000A2444       ComCtrls.TCustomComboBoxEx.CreateWnd
 0001:000A2044       ComCtrls.TCustomComboBoxEx.Destroy
 0001:000A29C0       ComCtrls.TCustomComboBoxEx.DestroyWnd
 0001:000A2A2C       ComCtrls.TCustomComboBoxEx.Focused
 0001:000A2830       ComCtrls.TCustomComboBoxEx.GetActionLinkClass
 0001:000A29B0       ComCtrls.TCustomComboBoxEx.GetDropDownCount
 0001:000A2794       ComCtrls.TCustomComboBoxEx.GetItemCount
 0001:000A29B8       ComCtrls.TCustomComboBoxEx.GetItemHt
 0001:000A27A0       ComCtrls.TCustomComboBoxEx.GetItemsClass
 0001:000A27A8       ComCtrls.TCustomComboBoxEx.GetSelText
 0001:000A2234       ComCtrls.TCustomComboBoxEx.ImageListChange
 0001:000A289C       ComCtrls.TCustomComboBoxEx.IsItemsExStored
 0001:000A22AC       ComCtrls.TCustomComboBoxEx.Notification
 0001:000A2B88       ComCtrls.TCustomComboBoxEx.SetAutoCompleteOptions
 0001:000A2938       ComCtrls.TCustomComboBoxEx.SetDropDownCount
 0001:000A21A0       ComCtrls.TCustomComboBoxEx.SetImages
 0001:000A2820       ComCtrls.TCustomComboBoxEx.SetItemsEx
 0001:000A2978       ComCtrls.TCustomComboBoxEx.SetSelText
 0001:000A22DC       ComCtrls.TCustomComboBoxEx.SetStyle
 0001:000A2838       ComCtrls.TCustomComboBoxEx.SetStyleEx
 0001:000A2A68       ComCtrls.TCustomComboBoxEx.UpdateAutoComplete
 0001:000A2BB0       ComCtrls.TCustomComboBoxEx.WMHelp
 0001:000A23B0       ComCtrls.TCustomComboBoxEx.WMLButtonDown
 0001:000A2260       ComCtrls.TCustomComboBoxEx.WndProc
 0001:0009B0E8       ComCtrls.TCustomListView.ActionChange
 0001:00098B84       ComCtrls.TCustomListView.AddItem
 0001:000991DC       ComCtrls.TCustomListView.AlphaSort
 0001:0009AD50       ComCtrls.TCustomListView.AreItemsStored
 0001:00099A5C       ComCtrls.TCustomListView.Arrange
 0001:00098BEC       ComCtrls.TCustomListView.CanChange
 0001:00098CA4       ComCtrls.TCustomListView.CanEdit
 0001:0009A5B8       ComCtrls.TCustomListView.CanvasChanged
 0001:00098C34       ComCtrls.TCustomListView.Change
 0001:00098AA4       ComCtrls.TCustomListView.ChangeScale
 0001:0009B088       ComCtrls.TCustomListView.Clear
 0001:0009AEE8       ComCtrls.TCustomListView.ClearSelection
 0001:000973E4       ComCtrls.TCustomListView.CMColorChanged
 0001:00097408       ComCtrls.TCustomListView.CMCtl3DChanged
 0001:00098FAC       ComCtrls.TCustomListView.CMDrag
 0001:000976D4       ComCtrls.TCustomListView.CMFontChanged
 0001:0009AA88       ComCtrls.TCustomListView.CMHintShow
 0001:0009A484       ComCtrls.TCustomListView.CNDrawItem
 0001:00097B94       ComCtrls.TCustomListView.CNNotify
 0001:00098B14       ComCtrls.TCustomListView.ColClick
 0001:00098B34       ComCtrls.TCustomListView.ColRightClick
 0001:000976BC       ComCtrls.TCustomListView.ColumnsShowing
 0001:0009AF24       ComCtrls.TCustomListView.CopySelection
 0001:00095F58       ComCtrls.TCustomListView.Create
 0001:00097944       ComCtrls.TCustomListView.CreateListItem
 0001:0009797C       ComCtrls.TCustomListView.CreateListItems
 0001:000962AC       ComCtrls.TCustomListView.CreateParams
 0001:0009648C       ComCtrls.TCustomListView.CreateWnd
 0001:0009A6D4       ComCtrls.TCustomListView.CustomDraw
 0001:0009A72C       ComCtrls.TCustomListView.CustomDrawItem
 0001:0009A7A0       ComCtrls.TCustomListView.CustomDrawSubItem
 0001:00099198       ComCtrls.TCustomListView.CustomSort
 0001:00098C6C       ComCtrls.TCustomListView.Delete
 0001:0009AF98       ComCtrls.TCustomListView.DeleteSelected
 0001:00096194       ComCtrls.TCustomListView.Destroy
 0001:00096788       ComCtrls.TCustomListView.DestroyWnd
 0001:0009A25C       ComCtrls.TCustomListView.DoAutoSize
 0001:000990E0       ComCtrls.TCustomListView.DoDragOver
 0001:00098F80       ComCtrls.TCustomListView.DoEndDrag
 0001:00098E20       ComCtrls.TCustomListView.DoGesture
 0001:0009ABB0       ComCtrls.TCustomListView.DoInfoTip
 0001:00098EA0       ComCtrls.TCustomListView.DoStartDrag
 0001:0009A818       ComCtrls.TCustomListView.DrawItem
 0001:0009A8D4       ComCtrls.TCustomListView.DrawWorkAreas
 0001:00098CD0       ComCtrls.TCustomListView.Edit
 0001:00096D40       ComCtrls.TCustomListView.EditWndProc
 0001:00099530       ComCtrls.TCustomListView.FindCaption
 0001:00099600       ComCtrls.TCustomListView.FindData
 0001:0009B0E0       ComCtrls.TCustomListView.GetActionLinkClass
 0001:000992D4       ComCtrls.TCustomListView.GetBoundingRect
 0001:00099524       ComCtrls.TCustomListView.GetColumnFromIndex
 0001:0009ADD0       ComCtrls.TCustomListView.GetColumnFromTag
 0001:0009B040       ComCtrls.TCustomListView.GetCount
 0001:00098D80       ComCtrls.TCustomListView.GetDragImages
 0001:000997CC       ComCtrls.TCustomListView.GetDropTarget
 0001:00099838       ComCtrls.TCustomListView.GetFocused
 0001:000996A0       ComCtrls.TCustomListView.GetHitTestInfoAt
 0001:0009AC4C       ComCtrls.TCustomListView.GetHoverTime
 0001:00099894       ComCtrls.TCustomListView.GetImageIndex
 0001:000979D8       ComCtrls.TCustomListView.GetItem
 0001:000999F4       ComCtrls.TCustomListView.GetItemAt
 0001:00097848       ComCtrls.TCustomListView.GetItemIndex
 0001:00099988       ComCtrls.TCustomListView.GetNearestItem
 0001:000998B4       ComCtrls.TCustomListView.GetNextItem
 0001:0009A424       ComCtrls.TCustomListView.GetSearchString
 0001:00097B0C       ComCtrls.TCustomListView.GetSelCount
 0001:0009974C       ComCtrls.TCustomListView.GetSelected
 0001:0009A890       ComCtrls.TCustomListView.GetSubItemImage
 0001:00099294       ComCtrls.TCustomListView.GetTopItem
 0001:00099278       ComCtrls.TCustomListView.GetViewOrigin
 0001:00099250       ComCtrls.TCustomListView.GetVisibleRowCount
 0001:00096B80       ComCtrls.TCustomListView.HeaderWndProc
 0001:00096880       ComCtrls.TCustomListView.ImageListChange
 0001:00098B64       ComCtrls.TCustomListView.InsertItem
 0001:0009A5C0       ComCtrls.TCustomListView.IsCustomDrawn
 0001:00098D50       ComCtrls.TCustomListView.IsEditing
 0001:00096908       ComCtrls.TCustomListView.Loaded
 0001:0009AD88       ComCtrls.TCustomListView.MouseUp
 0001:00096948       ComCtrls.TCustomListView.Notification
 0001:00097870       ComCtrls.TCustomListView.OwnerDataFetch
 0001:00097898       ComCtrls.TCustomListView.OwnerDataFind
 0001:000978E4       ComCtrls.TCustomListView.OwnerDataHint
 0001:0009790C       ComCtrls.TCustomListView.OwnerDataStateChange
 0001:00096EF8       ComCtrls.TCustomListView.ResetExStyles
 0001:00097000       ComCtrls.TCustomListView.RestoreChecks
 0001:0009ACDC       ComCtrls.TCustomListView.RestoreIndents
 0001:0009708C       ComCtrls.TCustomListView.SaveChecks
 0001:0009AC7C       ComCtrls.TCustomListView.SaveIndents
 0001:000992F0       ComCtrls.TCustomListView.Scroll
 0001:0009B04C       ComCtrls.TCustomListView.SelectAll
 0001:000973AC       ComCtrls.TCustomListView.SetAllocBy
 0001:0009729C       ComCtrls.TCustomListView.SetBorderStyle
 0001:00097110       ComCtrls.TCustomListView.SetCheckboxes
 0001:000972B0       ComCtrls.TCustomListView.SetColumnClick
 0001:00097320       ComCtrls.TCustomListView.SetColumnHeaders
 0001:000997F4       ComCtrls.TCustomListView.SetDropTarget
 0001:00097274       ComCtrls.TCustomListView.SetFlatScrollBars
 0001:00099850       ComCtrls.TCustomListView.SetFocused
 0001:00097288       ComCtrls.TCustomListView.SetFullDrag
 0001:000971D0       ComCtrls.TCustomListView.SetGridLines
 0001:00099310       ComCtrls.TCustomListView.SetGroupHeaderImages
 0001:0009AC0C       ComCtrls.TCustomListView.SetGroupView
 0001:00097714       ComCtrls.TCustomListView.SetHideSelection
 0001:000971E4       ComCtrls.TCustomListView.SetHotTrack
 0001:000971F8       ComCtrls.TCustomListView.SetHotTrackStyles
 0001:0009ABD0       ComCtrls.TCustomListView.SetHoverTime
 0001:0009773C       ComCtrls.TCustomListView.SetIconOptions
 0001:0009683C       ComCtrls.TCustomListView.SetImageList
 0001:000972C4       ComCtrls.TCustomListView.SetItemIndex
 0001:0009916C       ComCtrls.TCustomListView.SetItems
 0001:0009938C       ComCtrls.TCustomListView.SetLargeImages
 0001:00099178       ComCtrls.TCustomListView.SetListColumns
 0001:00099188       ComCtrls.TCustomListView.SetListGroups
 0001:0009730C       ComCtrls.TCustomListView.SetMultiSelect
 0001:00097220       ComCtrls.TCustomListView.SetOwnerData
 0001:0009724C       ComCtrls.TCustomListView.SetOwnerDraw
 0001:00097728       ComCtrls.TCustomListView.SetReadOnly
 0001:00097260       ComCtrls.TCustomListView.SetRowSelect
 0001:00099764       ComCtrls.TCustomListView.SetSelected
 0001:0009AA70       ComCtrls.TCustomListView.SetShowWorkAreas
 0001:00099400       ComCtrls.TCustomListView.SetSmallImages
 0001:00099214       ComCtrls.TCustomListView.SetSortType
 0001:0009947C       ComCtrls.TCustomListView.SetStateImages
 0001:00097360       ComCtrls.TCustomListView.SetTextBkColor
 0001:00097334       ComCtrls.TCustomListView.SetTextColor
 0001:0009776C       ComCtrls.TCustomListView.SetViewStyle
 0001:0009686C       ComCtrls.TCustomListView.StoreGroups
 0001:00099A84       ComCtrls.TCustomListView.StringWidth
 0001:00099F5C       ComCtrls.TCustomListView.UpdateColumn
 0001:00099AE8       ComCtrls.TCustomListView.UpdateColumns
 0001:00099C68       ComCtrls.TCustomListView.UpdateGroup
 0001:00099B60       ComCtrls.TCustomListView.UpdateGroups
 0001:00096ED8       ComCtrls.TCustomListView.UpdateItems
 0001:000976C8       ComCtrls.TCustomListView.ValidHeaderHandle
 0001:0009AE0C       ComCtrls.TCustomListView.WMContextMenu
 0001:0009AE94       ComCtrls.TCustomListView.WMCtlColorEdit
 0001:0009A0C8       ComCtrls.TCustomListView.WMLButtonDown
 0001:0009742C       ComCtrls.TCustomListView.WMNotify
 0001:0009AA48       ComCtrls.TCustomListView.WMPaint
 0001:000977F8       ComCtrls.TCustomListView.WMParentNotify
 0001:0009B14C       ComCtrls.TCustomListView.WMVScroll
 0001:0009A3F0       ComCtrls.TCustomListView.WMWindowPosChanged
 0001:00098D9C       ComCtrls.TCustomListView.WndProc
 0001:000926CC       ComCtrls.TCustomRichEdit.Clear
 0001:00092CEC       ComCtrls.TCustomRichEdit.CMBiDiModeChanged
 0001:00092E14       ComCtrls.TCustomRichEdit.CMColorChanged
 0001:00092AA4       ComCtrls.TCustomRichEdit.CMFontChanged
[...]
  1553 0001:00129623  1554 0001:00129633  1557 0001:00129668  1558 0001:00129685
  1559 0001:001296AF  1560 0001:001296BF  1563 0001:001296F4  1564 0001:00129711
  1565 0001:0012973E  1566 0001:0012974E  1569 0001:00129784  1570 0001:001297A1
  1571 0001:001297CE  1572 0001:001297DE  1575 0001:00129814  1576 0001:00129831
  1577 0001:0012985E  1578 0001:0012986E  1581 0001:001298A4  1582 0001:001298CF
  1583 0001:001298F5  1584 0001:00129905  1587 0001:00129940  1588 0001:00129964
  1589 0001:00129990  1590 0001:001299A1  1593 0001:001299D4  1594 0001:001299F1
  1595 0001:00129A1E  1596 0001:00129A2E  1599 0001:00129A64  1600 0001:00129A81
  1601 0001:00129AAE  1602 0001:00129ABE  1605 0001:00129AF4  1606 0001:00129B29
  1607 0001:00129B5D  1608 0001:00129B6E  1612 0001:00129BA8  1613 0001:00129BDA
  1614 0001:00129C11  1615 0001:00129C22  1619 0001:00129C64  1620 0001:00129C8E
  1621 0001:00129CC6  1622 0001:00129CD7  1625 0001:00129D28  1626 0001:00129D4C
  1627 0001:00129D7B  1628 0001:00129D8C  1631 0001:00129DC0  1632 0001:00129DEB
  1633 0001:00129E1B  1634 0001:00129E2B  1637 0001:00129E64  1638 0001:00129E8F
  1639 0001:00129EBF  1640 0001:00129ECF  1643 0001:00129F08  1644 0001:00129F25
  1645 0001:00129F52  1646 0001:00129F62  1649 0001:00129F98  1650 0001:00129FCD
  1651 0001:00129FF2  1654 0001:0012A02C  1655 0001:0012A069  1656 0001:0012A092
  1659 0001:0012A0D8  1660 0001:0012A11D  1661 0001:0012A14A  1664 0001:0012A194
  1665 0001:0012A1BE  1666 0001:0012A1F6  1667 0001:0012A207  1672 0001:0012A258
  1673 0001:0012A28A  1674 0001:0012A2C6  1675 0001:0012A2D7  1678 0001:0012A31C
  1679 0001:0012A334  1680 0001:0012A356  1683 0001:0012A384  1684 0001:0012A3AB
  1685 0001:0012A3C2  1688 0001:0012A3F0  1689 0001:0012A417  1690 0001:0012A42E
  1693 0001:0012A45C  1694 0001:0012A483  1695 0001:0012A49D  1698 0001:0012A4C8
  1699 0001:0012A4EF  1700 0001:0012A506  1703 0001:0012A534  1704 0001:0012A55B
  1705 0001:0012A572  1708 0001:0012A5A0  1709 0001:0012A5C0  1710 0001:0012A5CC
  1713 0001:0012A5F0  1714 0001:0012A637  1715 0001:0012A65F  1758 0001:0012A6A2

Line numbers for FeatureParser(..\source\FeatureParser.pas) segment .text

    27 0001:0012A854    28 0001:0012A85D    29 0001:0012A867    32 0001:0012A86C
    33 0001:0012A885    34 0001:0012A88E    35 0001:0012A89A    36 0001:0012A8B2
    42 0001:0012A8D4    43 0001:0012A8F4    45 0001:0012A910    46 0001:0012A91F
    47 0001:0012A92D    48 0001:0012A93A    49 0001:0012A95F    51 0001:0012A96B
    52 0001:0012A981    55 0001:0012A9AE    57 0001:0012A9BE    60 0001:0012AA2C
    61 0001:0012AA35    62 0001:0012AA3F    64 0001:0012AA4A

Line numbers for dSpecIntf(dspec\dSpecIntf.pas) segment .text

   101 0001:00000000

Line numbers for AutoDocObjects(dspec\AutoDocObjects.pas) segment .text

    31 0001:0012ADFC    32 0001:0012AE1A    33 0001:0012AE49    36 0001:0012AE88
    37 0001:0012AEA0    38 0001:0012AEAA    41 0001:0012AEC8    42 0001:0012AED6
    43 0001:0012AEDE    44 0001:0012AEEA    49 0001:0012AEFC    50 0001:0012AF1E
    51 0001:0012AF2F    53 0001:0012AF4C    54 0001:0012AF56    55 0001:0012AF78
    58 0001:0012AFCC    59 0001:0012AFD5    60 0001:0012AFDB    62 0001:0012AFE6
    63 0001:0012AFEF    67 0001:0012AFF4    68 0001:0012AFF8    72 0001:0012AFFC
    73 0001:0012AFFF    78 0001:0012B000    79 0001:0012B02C    80 0001:0012B031
    82 0001:0012B040    83 0001:0012B07A    84 0001:0012B086    85 0001:0012B0AB
    81 0001:0012B0AC    87 0001:0012B0BD    89 0001:0012B0FF

Line numbers for dSpecUtils(dspec\dSpecUtils.pas) segment .text

    33 0001:0012B0F8    34 0001:0012B0FE    35 0001:0012B10C    38 0001:0012B12F
    40 0001:0012B136    50 0001:0012B140    51 0001:0012B142    52 0001:0012B147
    53 0001:0012B149    55 0001:0012B14B    56 0001:0012B14E    58 0001:0012B151
    59 0001:0012B152    60 0001:0012B157    61 0001:0012B159    62 0001:0012B15A
    65 0001:0012B15C    67 0001:0012B15E    91 0001:0012B160    92 0001:0012B180
    93 0001:0012B185    94 0001:0012B189    95 0001:0012B197    96 0001:0012B19B
    97 0001:0012B1AA    98 0001:0012B1B4   100 0001:0012B1BD   103 0001:0012B1CE
   105 0001:0012B1D5   110 0001:0012B1FC   111 0001:0012B21B   112 0001:0012B21D
   113 0001:0012B24C   114 0001:0012B25D   112 0001:0012B25E   115 0001:0012B261
   116 0001:0012B263   121 0001:0012B288   122 0001:0012B2A7   123 0001:0012B2A9
   124 0001:0012B2D8   125 0001:0012B2FB   123 0001:0012B2FC   126 0001:0012B2FF
   127 0001:0012B301   132 0001:0012B328   133 0001:0012B347   134 0001:0012B349
   135 0001:0012B378   136 0001:0012B39B   134 0001:0012B39C   137 0001:0012B39F
   138 0001:0012B3A1   145 0001:0012B3C8   146 0001:0012B3D3   147 0001:0012B3D5
   148 0001:0012B3DD   149 0001:0012B3F3   150 0001:0012B3FE   151 0001:0012B403
   152 0001:0012B407   154 0001:0012B410   155 0001:0012B413   157 0001:0012B41C
   151 0001:0012B41F   159 0001:0012B423   160 0001:0012B425   165 0001:0012B430
   166 0001:0012B45C   167 0001:0012B460   168 0001:0012B469   170 0001:0012B46B
   171 0001:0012B46F   172 0001:0012B478   174 0001:0012B4A3

Line numbers for BaseObjects(dspec\BaseObjects.pas) segment .text

    59 0001:0012B89C    60 0001:0012B8A2    61 0001:0012B8A9    65 0001:0012B8AC
    66 0001:0012B8B6    67 0001:0012B8BD    68 0001:0012B8C7    70 0001:0012B8CA
    73 0001:0012B8D0    74 0001:0012B8E5    75 0001:0012B8F4    78 0001:0012B910
    79 0001:0012B919    80 0001:0012B922    90 0001:0012B928    91 0001:0012B940
    92 0001:0012B949    93 0001:0012B94C    94 0001:0012B957    97 0001:0012B978
    98 0001:0012B986    99 0001:0012B98B   100 0001:0012B993   101 0001:0012B99F
   104 0001:0012B9B0   105 0001:0012B9B9   106 0001:0012B9C0   108 0001:0012B9CE
   109 0001:0012B9DF   111 0001:0012B9EA

Line numbers for FailureMessages(dspec\FailureMessages.pas) segment .text

    89 0001:00000000

Line numbers for Modifiers(dspec\Modifiers.pas) segment .text

    76 0001:0012C1EC    77 0001:0012C21A    78 0001:0012C22A    79 0001:0012C234
    80 0001:0012C23B    81 0001:0012C246    85 0001:0012C284    86 0001:0012C2A7
    87 0001:0012C2D4    90 0001:0012C2F8    92 0001:0012C306    93 0001:0012C312
    97 0001:0012C324    98 0001:0012C354    99 0001:0012C35A   100 0001:0012C362
   101 0001:0012C366   102 0001:0012C370   103 0001:0012C380   104 0001:0012C38E
   107 0001:0012C3B4   108 0001:0012C3BD   109 0001:0012C3C3   110 0001:0012C3CB
   111 0001:0012C3D7   112 0001:0012C3E6   115 0001:0012C440   116 0001:0012C449
   117 0001:0012C452   120 0001:0012C458   121 0001:0012C461   122 0001:0012C46A
   127 0001:0012C470   128 0001:0012C494   129 0001:0012C498   131 0001:0012C4AA
   132 0001:0012C4B5   133 0001:0012C4D9   136 0001:0012C580   137 0001:0012C589
   138 0001:0012C592   141 0001:0012C598   142 0001:0012C5B5   143 0001:0012C5C1
   144 0001:0012C5D9   150 0001:0012C610   151 0001:0012C63E   152 0001:0012C65A
   153 0001:0012C66E   154 0001:0012C682   158 0001:0012C6C0   159 0001:0012C6E3
   160 0001:0012C726   167 0001:0012C74C   168 0001:0012C778   169 0001:0012C785
   170 0001:0012C7AB   171 0001:0012C7AF   173 0001:0012C7CE   174 0001:0012C7DE
   175 0001:0012C7FC   181 0001:0012C8D0   182 0001:0012C8F5   183 0001:0012C90B
   184 0001:0012C90F   186 0001:0012C93B   187 0001:0012C94B   188 0001:0012C96C
   194 0001:0012CA44   195 0001:0012CA83   196 0001:0012CAA0   197 0001:0012CAAB
   198 0001:0012CAB6   202 0001:0012CB04   203 0001:0012CB18   204 0001:0012CB51
   210 0001:0012CB6C   211 0001:0012CB8D   212 0001:0012CB9D   213 0001:0012CBA5
   215 0001:0012CBC4   216 0001:0012CBD4   217 0001:0012CBF5   219 0001:0012CCCF

Line numbers for Specifiers(dspec\Specifiers.pas) segment .text

   198 0001:0012F6B0   199 0001:0012F6CD   200 0001:0012F6ED   203 0001:0012F788
   204 0001:0012F7B4   205 0001:0012F7CC   209 0001:0012F868   210 0001:0012F87D
   211 0001:0012F88A   212 0001:0012F891   213 0001:0012F89C   216 0001:0012F8BC
   217 0001:0012F8DF   218 0001:0012F912   221 0001:0012F938   222 0001:0012F944
   223 0001:0012F96A   226 0001:0012F970   227 0001:0012F981   228 0001:0012F989
   229 0001:0012F997   231 0001:0012F9AF   233 0001:0012F9C6   239 0001:0012F9D8
   240 0001:0012FA0C   241 0001:0012FA16   242 0001:0012FA1C   243 0001:0012FA1F
   245 0001:0012FA29   246 0001:0012FA2F   247 0001:0012FA47   248 0001:0012FA4B
   249 0001:0012FA55   250 0001:0012FA69   251 0001:0012FA77   254 0001:0012FAB8
   255 0001:0012FAC1   256 0001:0012FAD1   259 0001:0012FAD8   260 0001:0012FB04
   261 0001:0012FB1C   264 0001:0012FBB8   265 0001:0012FBE9   266 0001:0012FC17
   269 0001:0012FCB8   270 0001:0012FCD5   271 0001:0012FCF5   274 0001:0012FD88
   275 0001:0012FDA5   276 0001:0012FDC5   279 0001:0012FE68   280 0001:0012FE85
   281 0001:0012FEA5   284 0001:0012FF40   285 0001:0012FF6C   286 0001:0012FF84
   289 0001:0013001C   290 0001:00130048   291 0001:00130060   294 0001:001300F8
   295 0001:00130115   296 0001:00130125   297 0001:0013013D   300 0001:00130174
   301 0001:00130191   302 0001:001301B1   307 0001:00130244   308 0001:0013025E
   309 0001:0013027B   310 0001:001302A4   311 0001:001302CD   312 0001:001302D7
   315 0001:001303A4   316 0001:001303C1   317 0001:001303E1   320 0001:0013047C
   321 0001:00130499   322 0001:001304B9   325 0001:00130548   326 0001:00130565
   327 0001:00130585   330 0001:00130614   331 0001:00130638   332 0001:00130665
   335 0001:00130708   336 0001:00130725   337 0001:00130745   340 0001:001307E0
   341 0001:001307FD   342 0001:0013081D   345 0001:001308B0   346 0001:001308CD
   347 0001:001308ED   350 0001:00130980   351 0001:0013099D   352 0001:001309BD
   355 0001:00130A50   356 0001:00130A74   357 0001:00130AA1   360 0001:00130B4C
   361 0001:00130B69   362 0001:00130B89   365 0001:00130C1C   366 0001:00130C48
   367 0001:00130C60   370 0001:00130CF8   371 0001:00130D24   372 0001:00130D3C
   375 0001:00130DD0   376 0001:00130DED   377 0001:00130E0D   380 0001:00130EA0
   381 0001:00130ECC   382 0001:00130EE4   385 0001:00130F84   386 0001:00130FB5
   387 0001:00130FE3   390 0001:00131088   391 0001:001310AC   392 0001:001310D9
   395 0001:00131188   396 0001:001311B4   397 0001:001311CC   400 0001:00131268
   401 0001:00131286   402 0001:00131295   403 0001:001312AD   406 0001:001312E8
   407 0001:00131305   408 0001:00131325   415 0001:001313BC   416 0001:001313ED
   417 0001:0013141C   418 0001:0013143E   423 0001:001314E4   424 0001:00131515
   425 0001:00131544   426 0001:00131566   432 0001:0013160C   433 0001:0013162D
   434 0001:0013163A   435 0001:00131657   436 0001:00131678   439 0001:00131718
   440 0001:00131730   441 0001:00131746   442 0001:00131749   447 0001:00131768
   448 0001:001317A5   449 0001:001317D4   450 0001:00131803   456 0001:001318A0
   457 0001:001318C3   458 0001:001318D9   459 0001:001318F3   460 0001:00131917
   465 0001:001319A8   466 0001:001319E5   467 0001:00131A14   468 0001:00131A43
   473 0001:00131B00   474 0001:00131B3D   475 0001:00131B6C   476 0001:00131B9B
   482 0001:00131C50   483 0001:00131C73   484 0001:00131C7B   485 0001:00131C95
   486 0001:00131CB9   492 0001:00131D5C   493 0001:00131D7F   494 0001:00131D95
   495 0001:00131DAF   496 0001:00131DD3   502 0001:00131E5C   503 0001:00131E7F
   504 0001:00131E87   505 0001:00131EA1   506 0001:00131EC5   512 0001:00131F68
   513 0001:00131F89   514 0001:00131F93   515 0001:00131FB0   516 0001:00131FD1
   521 0001:00132064   522 0001:00132084   523 0001:001320A1   524 0001:001320C4
   529 0001:00132154   530 0001:0013216D   531 0001:00132183   532 0001:00132186
   537 0001:001321A8   538 0001:001321CC   539 0001:00132210   540 0001:00132233
   545 0001:001322D4   546 0001:001322F8   547 0001:0013233C   548 0001:0013235F
   553 0001:00132400   554 0001:00132443   555 0001:0013248D   556 0001:001324BB
   563 0001:00132564   564 0001:00132595   565 0001:001325CB   566 0001:001325D7
   567 0001:001325FF   572 0001:001326A4   573 0001:001326D5   574 0001:0013270B
   575 0001:00132717   576 0001:0013273F   579 0001:001327E4   580 0001:001327F9
   581 0001:0013280C   582 0001:00132820   586 0001:00132840   587 0001:00132863
   588 0001:001328AC   593 0001:001328D0   594 0001:0013290D   595 0001:00132943
   596 0001:0013294F   597 0001:0013297C   602 0001:00132A18   603 0001:00132A49
   604 0001:00132A7F   605 0001:00132A8B   606 0001:00132AB3   611 0001:00132B68
   612 0001:00132B99   613 0001:00132BCF   614 0001:00132BDB   615 0001:00132C03
   621 0001:00132CB0   622 0001:00132CD1   623 0001:00132CE1   624 0001:00132CFE
   625 0001:00132D1F   631 0001:00132DC4   632 0001:00132DE5   633 0001:00132DF5
   634 0001:00132E12   635 0001:00132E33   640 0001:00132ED8   641 0001:00132EF6
   642 0001:00132F13   643 0001:00132F42   650 0001:00132FDC   651 0001:00132FFC
   652 0001:00133019   653 0001:00133042   658 0001:001330D4   659 0001:001330F4
   660 0001:00133111   661 0001:0013313A   667 0001:001331EC   668 0001:00133223
   669 0001:0013323E   670 0001:00133273   671 0001:0013327E   672 0001:00133297
   675 0001:00133344   676 0001:00133373   677 0001:00133389   678 0001:00133394
   682 0001:001333D0   683 0001:001333F3   684 0001:0013342E   689 0001:00133454
   690 0001:00133474   691 0001:00133491   692 0001:001334B4   698 0001:00133544
   699 0001:0013358E   700 0001:001335E7   701 0001:0013361C   702 0001:00133627
   703 0001:00133657   708 0001:0013371C   709 0001:00133759   710 0001:00133783
   711 0001:0013378E   712 0001:001337BB   717 0001:00133858   718 0001:00133878
   719 0001:00133895   720 0001:001338BE   726 0001:00133958   727 0001:00133995
   728 0001:001339BF   729 0001:001339F4   730 0001:001339FF   731 0001:00133A2C
   736 0001:00133AF0   737 0001:00133B0D   738 0001:00133B35   741 0001:00133BD4
   742 0001:00133BEC   743 0001:00133C02   744 0001:00133C05   747 0001:00133C24
   748 0001:00133C41   749 0001:00133C66   754 0001:00133CF4   755 0001:00133D1E
   756 0001:00133D24   758 0001:00133D4B   759 0001:00133D8C   761 0001:00133DC3
   768 0001:00133F14   769 0001:00133F45   770 0001:00133F4C   772 0001:00133F76
   773 0001:00133F8C   774 0001:00133F94   775 0001:00133FD6   777 0001:00134005
   782 0001:0013416C   783 0001:00134197   784 0001:0013419D   786 0001:001341C4
   787 0001:00134205   789 0001:0013423F   796 0001:001343C0   797 0001:001343F1
   798 0001:001343F8   800 0001:00134422   801 0001:00134438   802 0001:00134440
   803 0001:00134482   805 0001:001344B1   810 0001:00134620   811 0001:0013463D
   812 0001:00134665   815 0001:00134704   816 0001:0013471C   817 0001:00134732
   818 0001:00134735   821 0001:00134754   822 0001:00134771   823 0001:00134796
   828 0001:00134824   829 0001:0013483C   830 0001:00134852   831 0001:00134855
   836 0001:00134874   837 0001:0013489F   838 0001:001348DE   839 0001:0013490D
   844 0001:001349C8   845 0001:001349F3   846 0001:00134A32   847 0001:00134A6A
   854 0001:00134B30   855 0001:00134B67   856 0001:00134BBA   857 0001:00134BE0
   862 0001:00134C8C   863 0001:00134CC3   864 0001:00134D16   865 0001:00134D3C
   868 0001:00134DE8   869 0001:00134DFD   870 0001:00134E10   871 0001:00134E1C
   876 0001:00134E3C   877 0001:00134E7F   878 0001:00134ED2   879 0001:00134EFF
   884 0001:00134FA0   885 0001:00134FD7   886 0001:0013502A   887 0001:00135050
   892 0001:0013510C   893 0001:00135143   894 0001:00135196   895 0001:001351BC
   900 0001:00135270   901 0001:0013528D   902 0001:001352B5   906 0001:00135358
   907 0001:00135387   908 0001:0013539D   909 0001:001353A8   912 0001:001353E4
   913 0001:001353F2   914 0001:001353FA   915 0001:00135406   922 0001:00135418
   923 0001:00135443   924 0001:00135449   926 0001:00135476   927 0001:0013547E
   928 0001:00135482   929 0001:0013548C   930 0001:001354B3   932 0001:001354E8
   934 0001:00135518   937 0001:001356F0   938 0001:0013570D   939 0001:00135732
   946 0001:001357C0   947 0001:001357F2   948 0001:001357F8   950 0001:0013581F
   951 0001:00135839   952 0001:00135841   953 0001:00135869   955 0001:00135898
   957 0001:001359F7

Line numbers for dSpec(dspec\dSpec.pas) segment .text

    80 0001:00136198    81 0001:001361B5    82 0001:001361BD    87 0001:001361E0
    88 0001:001361F8    89 0001:00136201    90 0001:00136204    93 0001:00136220
    94 0001:0013622E    95 0001:00136233    96 0001:0013623F    99 0001:00136250
   100 0001:00136274   101 0001:0013629E   102 0001:001362C2   105 0001:001362F0
   106 0001:00136314   107 0001:0013633E   108 0001:00136360   111 0001:00136390
   112 0001:001363B4   113 0001:001363E7   114 0001:0013640A   117 0001:00136438
   118 0001:00136466   119 0001:00136491   120 0001:001364B4   123 0001:001364E8
   124 0001:00136504   125 0001:0013652E   126 0001:00136532   128 0001:0013653E
   129 0001:00136542   131 0001:00136559   132 0001:00136566   135 0001:001365A8
   136 0001:001365B4   137 0001:001365DE   138 0001:001365E2   140 0001:001365EE
   141 0001:001365FB   144 0001:00136620   145 0001:0013663C   146 0001:00136666
   147 0001:0013666A   149 0001:00136676   150 0001:0013668B   153 0001:001366B0
   154 0001:001366D4   155 0001:00136702   156 0001:00136725   159 0001:00136754
   160 0001:00136782   161 0001:001367AD   162 0001:001367D0   167 0001:00136808
   168 0001:0013680B   169 0001:00136813   172 0001:00136818   173 0001:0013684D
   174 0001:00136859   175 0001:00136871   176 0001:00136880   177 0001:0013688A
   178 0001:001368A2   179 0001:001368B6   182 0001:00136904   183 0001:00136912
   184 0001:00136922   185 0001:00136932   186 0001:0013693B   187 0001:00136947
   190 0001:00136958   191 0001:00136998   192 0001:001369AE   193 0001:001369C3
   194 0001:001369F6   197 0001:00136A60   198 0001:00136A69   199 0001:00136A6D
   200 0001:00136A76   203 0001:00136A7C   204 0001:00136A85   205 0001:00136A8F
   208 0001:00136A94   209 0001:00136A9D   210 0001:00136AC2   213 0001:00136AC8
   214 0001:00136AD1   215 0001:00136ADB   218 0001:00136AE0   219 0001:00136AFB
   220 0001:00136B21   221 0001:00136B2E   222 0001:00136B46   225 0001:00136B70
   226 0001:00136B73   227 0001:00136B80   228 0001:00136B8A   233 0001:00136B8C
   234 0001:00136B95   235 0001:00136BA3   236 0001:00136BB7   235 0001:00136BFC
   238 0001:00136C0C   240 0001:00136C1F   243 0001:00136C24   244 0001:00136C47
   245 0001:00136C4D   246 0001:00136C65   247 0001:00136C8A   250 0001:00136CF0
   251 0001:00136CF6   252 0001:00136CF9   253 0001:00136D00   254 0001:00136D05
   257 0001:00136D08   258 0001:00136D11   259 0001:00136D1B   260 0001:00136D21
   261 0001:00136D47   264 0001:00136D4C   265 0001:00136D55   266 0001:00136D5F
   268 0001:00136D6A

Line numbers for TestConsts(TestConsts.pas) segment .text

    13 0001:00000000

Line numbers for TestFeatureParser(TestFeatureParser.pas) segment .text

    33 0001:00137268    34 0001:0013728A    35 0001:00137298    36 0001:001372DC
    37 0001:00137329    40 0001:001373D8    41 0001:001373F3    42 0001:00137413
    43 0001:00137456    46 0001:00137490    47 0001:00137496    48 0001:001374A1
    53 0001:001374A4    54 0001:001374C0    55 0001:001374CE    56 0001:0013750B
    57 0001:00137513    60 0001:00137560    61 0001:00137596    62 0001:001375A2
    63 0001:001375B6

Line numbers for TestFeatureParser(TestFeatureParser.pas) segment .itext

    65 0002:00000C84    66 0002:00000CA0    67 0002:00000CB5

Line numbers for dCucumberTests(dCucumberTests.dpr) segment .itext

    42 0002:00000CD8    43 0002:00000CE8    44 0002:00000CF4    45 0002:00000CFE
    46 0002:00000D05    48 0002:00000D0C    49 0002:00000D11

Bound resource files

c:\program files (x86)\embarcadero\rad studio\7.0\lib\character.res
c:\program files (x86)\embarcadero\rad studio\7.0\lib\Controls.res
c:\program files (x86)\embarcadero\rad studio\7.0\lib\Buttons.res
c:\program files (x86)\embarcadero\rad studio\7.0\Source\DUnit\src\GUITestRunner.DFM
dCucumberTests.RES
dCucumberTests.drf


Program entry point at 0002:00000CD8
